CHAT_BENCHMARK_TRACE real-thread benchmark start: Synthetic benchmark transcript
CHAT_BENCHMARK_TRACE real-thread benchmark thread: synthetic-benchmark-thread Synthetic benchmark transcript
CHAT_BENCHMARK_TRACE transcript warm started
CHAT_BENCHMARK_TRACE prepare rows=107 requests=56 code=44 tables=2
CHAT_BENCHMARK_TRACE transcript warm started
CHAT_BENCHMARK_TRACE prepare rows=5850 requests=3050 code=2350 tables=150
CHAT_BENCHMARK_TRACE transcript warm
CHAT_BENCHMARK_TRACE native geometry rows=5851 measured=5851 width=760.0 totalHeight=967374.0 elapsed=3.891643916 seconds
CHAT_BENCHMARK_TRACE benchmark start: real-cruise-1200pps
CHAT_BENCHMARK_TRACE native geometry rows=5851 measured=0 width=760.0 totalHeight=967374.0 elapsed=0.009606166 seconds
CHAT_BENCHMARK_TRACE anchor row=4800 offset=793392.0 range=(minY: 0.0, maxY: 966628.0)
CHAT_BENCHMARK_TRACE nativeMounts=154 hostingMounts=20 resident=23 pooled=4
CHAT_BENCHMARK_TRACE CHAT_BENCHMARK_RESULT {"averageFPS":118.34959341989575,"displayMaximumFPS":120,"durationSeconds":20.000068708322942,"expectedFrameMilliseconds":8.333333333333334,"frameCount":2368,"hitchCount":27,"hitchTimeMillisecondsPerSecond":13.66086348517781,"label":"real-cruise-1200pps","maxFrameMilliseconds":37.699666630942374,"measurementKind":"displayLinkCallbacks","p50FrameMilliseconds":8.333333360496908,"p95FrameMilliseconds":8.333333360496908,"p99FrameMilliseconds":14.223166683223099}
CHAT_BENCHMARK_RESULT {"averageFPS":118.34959341989575,"displayMaximumFPS":120,"durationSeconds":20.000068708322942,"expectedFrameMilliseconds":8.333333333333334,"frameCount":2368,"hitchCount":27,"hitchTimeMillisecondsPerSecond":13.66086348517781,"label":"real-cruise-1200pps","maxFrameMilliseconds":37.699666630942374,"measurementKind":"displayLinkCallbacks","p50FrameMilliseconds":8.333333360496908,"p95FrameMilliseconds":8.333333360496908,"p99FrameMilliseconds":14.223166683223099}
CHAT_BENCHMARK_TRACE benchmark start: real-scroll-3000pps
CHAT_BENCHMARK_TRACE anchor row=4800 offset=793392.0 range=(minY: 0.0, maxY: 966628.0)
CHAT_BENCHMARK_TRACE nativeMounts=538 hostingMounts=62 resident=23 pooled=4
CHAT_BENCHMARK_TRACE CHAT_BENCHMARK_RESULT {"averageFPS":118.79117768420615,"displayMaximumFPS":120,"durationSeconds":24.000098791671917,"expectedFrameMilliseconds":8.333333333333334,"frameCount":2852,"hitchCount":25,"hitchTimeMillisecondsPerSecond":10.399665518739392,"label":"real-scroll-3000pps","maxFrameMilliseconds":30.48358333762735,"measurementKind":"displayLinkCallbacks","p50FrameMilliseconds":8.333333360496908,"p95FrameMilliseconds":8.333333360496908,"p99FrameMilliseconds":8.333333360496908}
CHAT_BENCHMARK_RESULT {"averageFPS":118.79117768420615,"displayMaximumFPS":120,"durationSeconds":24.000098791671917,"expectedFrameMilliseconds":8.333333333333334,"frameCount":2852,"hitchCount":25,"hitchTimeMillisecondsPerSecond":10.399665518739392,"label":"real-scroll-3000pps","maxFrameMilliseconds":30.48358333762735,"measurementKind":"displayLinkCallbacks","p50FrameMilliseconds":8.333333360496908,"p95FrameMilliseconds":8.333333360496908,"p99FrameMilliseconds":8.333333360496908}
CHAT_BENCHMARK_TRACE benchmark start: real-fling-8000pps
CHAT_BENCHMARK_TRACE anchor row=4800 offset=793392.0 range=(minY: 0.0, maxY: 966628.0)
CHAT_BENCHMARK_TRACE nativeMounts=1241 hostingMounts=140 resident=23 pooled=4
CHAT_BENCHMARK_TRACE CHAT_BENCHMARK_RESULT {"averageFPS":118.68698908981325,"displayMaximumFPS":120,"durationSeconds":16.000068874971475,"expectedFrameMilliseconds":8.333333333333334,"frameCount":1900,"hitchCount":17,"hitchTimeMillisecondsPerSecond":10.907697837894618,"label":"real-fling-8000pps","maxFrameMilliseconds":31.258124974556267,"measurementKind":"displayLinkCallbacks","p50FrameMilliseconds":8.333333360496908,"p95FrameMilliseconds":8.333333360496908,"p99FrameMilliseconds":8.367958304006606}
CHAT_BENCHMARK_RESULT {"averageFPS":118.68698908981325,"displayMaximumFPS":120,"durationSeconds":16.000068874971475,"expectedFrameMilliseconds":8.333333333333334,"frameCount":1900,"hitchCount":17,"hitchTimeMillisecondsPerSecond":10.907697837894618,"label":"real-fling-8000pps","maxFrameMilliseconds":31.258124974556267,"measurementKind":"displayLinkCallbacks","p50FrameMilliseconds":8.333333360496908,"p95FrameMilliseconds":8.333333360496908,"p99FrameMilliseconds":8.367958304006606}
CHAT_BENCHMARK_TRACE CHAT_BENCHMARK_COMPLETE
CHAT_BENCHMARK_COMPLETE
