CHAT_BENCHMARK_TRACE real-thread benchmark start: Synthetic benchmark transcript
CHAT_BENCHMARK_TRACE real-thread benchmark thread: synthetic-benchmark-thread Synthetic benchmark transcript
CHAT_BENCHMARK_TRACE transcript warm started
CHAT_BENCHMARK_TRACE prepare rows=107 requests=56 code=44 tables=2
CHAT_BENCHMARK_TRACE transcript warm started
CHAT_BENCHMARK_TRACE prepare rows=5850 requests=3050 code=2350 tables=150
CHAT_BENCHMARK_TRACE transcript warm
CHAT_BENCHMARK_TRACE native geometry rows=5850 measured=5850 width=760.0 totalHeight=967350.0 elapsed=5.228035458 seconds
CHAT_BENCHMARK_TRACE benchmark start: real-cruise-1200pps
CHAT_BENCHMARK_TRACE anchor row=4800 offset=793392.0 range=(minY: 0.0, maxY: 966576.0)
CHAT_BENCHMARK_TRACE nativeMounts=166 hostingMounts=20 resident=23 pooled=4
CHAT_BENCHMARK_TRACE CHAT_BENCHMARK_RESULT {"averageFPS":119.8998049130524,"displayMaximumFPS":120,"durationSeconds":20.00003254166222,"expectedFrameMilliseconds":8.333333333333334,"frameCount":2399,"hitchCount":2,"hitchTimeMillisecondsPerSecond":0.8333319770448965,"label":"real-cruise-1200pps","maxFrameMilliseconds":16.666666662786156,"measurementKind":"displayLinkCallbacks","p50FrameMilliseconds":8.333333331393078,"p95FrameMilliseconds":8.333333360496908,"p99FrameMilliseconds":8.333333360496908}
CHAT_BENCHMARK_RESULT {"averageFPS":119.8998049130524,"displayMaximumFPS":120,"durationSeconds":20.00003254166222,"expectedFrameMilliseconds":8.333333333333334,"frameCount":2399,"hitchCount":2,"hitchTimeMillisecondsPerSecond":0.8333319770448965,"label":"real-cruise-1200pps","maxFrameMilliseconds":16.666666662786156,"measurementKind":"displayLinkCallbacks","p50FrameMilliseconds":8.333333331393078,"p95FrameMilliseconds":8.333333360496908,"p99FrameMilliseconds":8.333333360496908}
CHAT_BENCHMARK_TRACE benchmark start: real-scroll-3000pps
CHAT_BENCHMARK_TRACE anchor row=4800 offset=793392.0 range=(minY: 0.0, maxY: 966576.0)
CHAT_BENCHMARK_TRACE nativeMounts=550 hostingMounts=62 resident=23 pooled=4
CHAT_BENCHMARK_TRACE CHAT_BENCHMARK_RESULT {"averageFPS":119.66633446787351,"displayMaximumFPS":120,"durationSeconds":24.00006662501255,"expectedFrameMilliseconds":8.333333333333334,"frameCount":2873,"hitchCount":8,"hitchTimeMillisecondsPerSecond":2.654581172527183,"label":"real-scroll-3000pps","maxFrameMilliseconds":17.140833340818062,"measurementKind":"displayLinkCallbacks","p50FrameMilliseconds":8.333333331393078,"p95FrameMilliseconds":8.333333360496908,"p99FrameMilliseconds":8.333333360496908}
CHAT_BENCHMARK_RESULT {"averageFPS":119.66633446787351,"displayMaximumFPS":120,"durationSeconds":24.00006662501255,"expectedFrameMilliseconds":8.333333333333334,"frameCount":2873,"hitchCount":8,"hitchTimeMillisecondsPerSecond":2.654581172527183,"label":"real-scroll-3000pps","maxFrameMilliseconds":17.140833340818062,"measurementKind":"displayLinkCallbacks","p50FrameMilliseconds":8.333333331393078,"p95FrameMilliseconds":8.333333360496908,"p99FrameMilliseconds":8.333333360496908}
CHAT_BENCHMARK_TRACE benchmark start: real-fling-8000pps
CHAT_BENCHMARK_TRACE anchor row=4800 offset=793392.0 range=(minY: 0.0, maxY: 966576.0)
CHAT_BENCHMARK_TRACE nativeMounts=1253 hostingMounts=140 resident=23 pooled=4
CHAT_BENCHMARK_TRACE CHAT_BENCHMARK_RESULT {"averageFPS":119.37475720918582,"displayMaximumFPS":120,"durationSeconds":16.00003254166222,"expectedFrameMilliseconds":8.333333333333334,"frameCount":1911,"hitchCount":10,"hitchTimeMillisecondsPerSecond":5.397981212311399,"label":"real-fling-8000pps","maxFrameMilliseconds":17.81545832636766,"measurementKind":"displayLinkCallbacks","p50FrameMilliseconds":8.333333331393078,"p95FrameMilliseconds":8.333333360496908,"p99FrameMilliseconds":8.333333360496908}
CHAT_BENCHMARK_RESULT {"averageFPS":119.37475720918582,"displayMaximumFPS":120,"durationSeconds":16.00003254166222,"expectedFrameMilliseconds":8.333333333333334,"frameCount":1911,"hitchCount":10,"hitchTimeMillisecondsPerSecond":5.397981212311399,"label":"real-fling-8000pps","maxFrameMilliseconds":17.81545832636766,"measurementKind":"displayLinkCallbacks","p50FrameMilliseconds":8.333333331393078,"p95FrameMilliseconds":8.333333360496908,"p99FrameMilliseconds":8.333333360496908}
CHAT_BENCHMARK_TRACE CHAT_BENCHMARK_COMPLETE
CHAT_BENCHMARK_COMPLETE
