CHAT_BENCHMARK_TRACE real-thread benchmark start: Synthetic benchmark transcript
CHAT_BENCHMARK_TRACE real-thread benchmark thread: synthetic-benchmark-thread Synthetic benchmark transcript
CHAT_BENCHMARK_TRACE transcript warm started
CHAT_BENCHMARK_TRACE transcript warm started
CHAT_BENCHMARK_TRACE prepare rows=107 requests=56 code=44 tables=2
CHAT_BENCHMARK_TRACE layout miss id=synthetic-turn-295-user-block-0 width=333.0 cached=false bytes=107
CHAT_BENCHMARK_TRACE layout miss id=synthetic-turn-295-assistant#segment-0 width=361.0 cached=false bytes=189
CHAT_BENCHMARK_TRACE layout miss id=synthetic-turn-298-assistant#segment-44 width=361.0 cached=false bytes=15
CHAT_BENCHMARK_TRACE layout miss id=synthetic-turn-298-assistant#segment-46 width=361.0 cached=false bytes=26
CHAT_BENCHMARK_TRACE layout miss id=synthetic-turn-298-assistant#segment-48 width=361.0 cached=false bytes=17
CHAT_BENCHMARK_TRACE layout miss id=synthetic-turn-298-assistant#segment-50 width=361.0 cached=false bytes=33
CHAT_BENCHMARK_TRACE layout miss id=synthetic-turn-298-assistant#segment-52 width=361.0 cached=false bytes=14
CHAT_BENCHMARK_TRACE layout miss id=synthetic-turn-298-assistant#segment-54 width=361.0 cached=false bytes=42
CHAT_BENCHMARK_TRACE layout miss id=synthetic-turn-298-assistant#segment-56 width=361.0 cached=false bytes=310
CHAT_BENCHMARK_TRACE layout miss id=synthetic-turn-299-user-block-0 width=333.0 cached=false bytes=107
CHAT_BENCHMARK_TRACE layout miss id=synthetic-turn-299-assistant#segment-0 width=361.0 cached=false bytes=144
CHAT_BENCHMARK_TRACE transcript warm
WARNING MISSING STYLE in atom-one-light: hljs-operator
CHAT_BENCHMARK_TRACE benchmark start: real-cruise-1200pps
WARNING MISSING STYLE in atom-one-light: hljs-punctuation
WARNING MISSING STYLE in atom-one-light: hljs-punctuation
WARNING MISSING STYLE in atom-one-light: hljs-punctuation
WARNING MISSING STYLE in atom-one-light: hljs-punctuation
WARNING MISSING STYLE in atom-one-light: hljs-punctuation
WARNING MISSING STYLE in atom-one-light: hljs-punctuation
WARNING MISSING STYLE in atom-one-light: hljs-punctuation
WARNING MISSING STYLE in atom-one-light: hljs-punctuation
WARNING MISSING STYLE in atom-one-light: hljs-punctuation
WARNING MISSING STYLE in atom-one-light: hljs-punctuation
WARNING MISSING STYLE in atom-one-light: hljs-punctuation
WARNING MISSING STYLE in atom-one-light: hljs-punctuation
WARNING MISSING STYLE in atom-one-light: hljs-punctuation
WARNING MISSING STYLE in atom-one-light: hljs-punctuation
WARNING MISSING STYLE in atom-one-light: hljs-punctuation
WARNING MISSING STYLE in atom-one-light: hljs-punctuation
WARNING MISSING STYLE in atom-one-light: hljs-punctuation
WARNING MISSING STYLE in atom-one-light: hljs-punctuation
WARNING MISSING STYLE in atom-one-light: hljs-punctuation
WARNING MISSING STYLE in atom-one-light: hljs-punctuation
WARNING MISSING STYLE in atom-one-light: hljs-punctuation
WARNING MISSING STYLE in atom-one-light: hljs-tag
WARNING MISSING STYLE in atom-one-light: hljs-tag
WARNING MISSING STYLE in atom-one-light: hljs-tag
WARNING MISSING STYLE in atom-one-light: hljs-tag
WARNING MISSING STYLE in atom-one-light: hljs-tag
WARNING MISSING STYLE in atom-one-light: hljs-tag
WARNING MISSING STYLE in atom-one-light: hljs-tag
WARNING MISSING STYLE in atom-one-light: hljs-tag
WARNING MISSING STYLE in atom-one-light: hljs-tag
WARNING MISSING STYLE in atom-one-light: hljs-tag
WARNING MISSING STYLE in atom-one-light: hljs-tag
WARNING MISSING STYLE in atom-one-light: hljs-tag
WARNING MISSING STYLE in atom-one-light: hljs-tag
WARNING MISSING STYLE in atom-one-light: hljs-tag
WARNING MISSING STYLE in atom-one-light: hljs-tag
WARNING MISSING STYLE in atom-one-light: hljs-tag
WARNING MISSING STYLE in atom-one-light: hljs-tag
WARNING MISSING STYLE in atom-one-light: hljs-tag
WARNING MISSING STYLE in atom-one-light: hljs-tag
WARNING MISSING STYLE in atom-one-light: hljs-tag
WARNING MISSING STYLE in atom-one-light: hljs-tag
WARNING MISSING STYLE in atom-one-light: hljs-tag
WARNING MISSING STYLE in atom-one-light: hljs-tag
WARNING MISSING STYLE in atom-one-light: hljs-tag
WARNING MISSING STYLE in atom-one-light: hljs-tag
WARNING MISSING STYLE in atom-one-light: hljs-tag
WARNING MISSING STYLE in atom-one-light: hljs-tag
WARNING MISSING STYLE in atom-one-light: hljs-tag
WARNING MISSING STYLE in atom-one-light: hljs-function
WARNING MISSING STYLE in atom-one-light: hljs-function
WARNING MISSING STYLE in atom-one-light: hljs-function
WARNING MISSING STYLE in atom-one-light: hljs-function
WARNING MISSING STYLE in atom-one-light: hljs-params
WARNING MISSING STYLE in atom-one-light: hljs-function
WARNING MISSING STYLE in atom-one-light: hljs-params
WARNING MISSING STYLE in atom-one-light: hljs-function
WARNING MISSING STYLE in atom-one-light: hljs-params
WARNING MISSING STYLE in atom-one-light: hljs-function
WARNING MISSING STYLE in atom-one-light: hljs-function
WARNING MISSING STYLE in atom-one-light: hljs-function
WARNING MISSING STYLE in atom-one-light: hljs-function
WARNING MISSING STYLE in atom-one-light: hljs-params
WARNING MISSING STYLE in atom-one-light: hljs-function
WARNING MISSING STYLE in atom-one-light: hljs-params
WARNING MISSING STYLE in atom-one-light: hljs-function
WARNING MISSING STYLE in atom-one-light: hljs-params
WARNING MISSING STYLE in atom-one-light: hljs-function
WARNING MISSING STYLE in atom-one-light: hljs-params
WARNING MISSING STYLE in atom-one-light: hljs-function
WARNING MISSING STYLE in atom-one-light: hljs-params
WARNING MISSING STYLE in atom-one-light: hljs-params
WARNING MISSING STYLE in atom-one-light: hljs-params
WARNING MISSING STYLE in atom-one-light: hljs-params
WARNING MISSING STYLE in atom-one-light: hljs-params
WARNING MISSING STYLE in atom-one-light: hljs-params
WARNING MISSING STYLE in atom-one-light: hljs-params
WARNING MISSING STYLE in atom-one-light: hljs-params
WARNING MISSING STYLE in atom-one-light: hljs-params
WARNING MISSING STYLE in atom-one-light: hljs-params
WARNING MISSING STYLE in atom-one-light: hljs-params
WARNING MISSING STYLE in atom-one-light: hljs-params
WARNING MISSING STYLE in atom-one-light: hljs-params
WARNING MISSING STYLE in atom-one-light: hljs-property
WARNING MISSING STYLE in atom-one-light: hljs-property
WARNING MISSING STYLE in atom-one-light: hljs-operator
WARNING MISSING STYLE in atom-one-light: hljs-params
WARNING MISSING STYLE in atom-one-light: hljs-params
WARNING MISSING STYLE in atom-one-light: hljs-params
WARNING MISSING STYLE in atom-one-light: hljs-operator
WARNING MISSING STYLE in atom-one-light: hljs-operator
WARNING MISSING STYLE in atom-one-light: hljs-params
WARNING MISSING STYLE in atom-one-light: hljs-operator
WARNING MISSING STYLE in atom-one-light: hljs-function
WARNING MISSING STYLE in atom-one-light: hljs-function
WARNING MISSING STYLE in atom-one-light: hljs-function
WARNING MISSING STYLE in atom-one-light: hljs-function
WARNING MISSING STYLE in atom-one-light: hljs-operator
WARNING MISSING STYLE in atom-one-light: hljs-params
WARNING MISSING STYLE in atom-one-light: hljs-operator
WARNING MISSING STYLE in atom-one-light: hljs-operator
WARNING MISSING STYLE in atom-one-light: hljs-operator
WARNING MISSING STYLE in atom-one-light: hljs-operator
WARNING MISSING STYLE in atom-one-light: hljs-operator
WARNING MISSING STYLE in atom-one-light: hljs-operator
WARNING MISSING STYLE in atom-one-light: hljs-operator
WARNING MISSING STYLE in atom-one-light: hljs-operator
WARNING MISSING STYLE in atom-one-light: hljs-operator
WARNING MISSING STYLE in atom-one-light: hljs-operator
WARNING MISSING STYLE in atom-one-light: hljs-operator
WARNING MISSING STYLE in atom-one-light: hljs-operator
WARNING MISSING STYLE in atom-one-light: hljs-operator
WARNING MISSING STYLE in atom-one-light: hljs-operator
WARNING MISSING STYLE in atom-one-light: hljs-operator
WARNING MISSING STYLE in atom-one-light: hljs-operator
WARNING MISSING STYLE in atom-one-light: hljs-operator
WARNING MISSING STYLE in atom-one-light: hljs-operator
WARNING MISSING STYLE in atom-one-light: hljs-operator
WARNING MISSING STYLE in atom-one-light: hljs-operator
WARNING MISSING STYLE in atom-one-light: hljs-operator
WARNING MISSING STYLE in atom-one-light: hljs-operator
WARNING MISSING STYLE in atom-one-light: hljs-operator
WARNING MISSING STYLE in atom-one-light: hljs-operator
WARNING MISSING STYLE in atom-one-light: hljs-operator
WARNING MISSING STYLE in atom-one-light: hljs-operator
WARNING MISSING STYLE in atom-one-light: hljs-operator
WARNING MISSING STYLE in atom-one-light: hljs-operator
WARNING MISSING STYLE in atom-one-light: hljs-operator
WARNING MISSING STYLE in atom-one-light: hljs-operator
CHAT_BENCHMARK_TRACE prepare rows=192 requests=100 code=77 tables=5
CHAT_BENCHMARK_TRACE CHAT_BENCHMARK_RESULT {"averageFPS":59.209659714652304,"displayMaximumFPS":60,"durationSeconds":15.183333333319752,"expectedFrameMilliseconds":16.666666666666668,"frameCount":900,"hitchCount":12,"hitchTimeMillisecondsPerSecond":13.778995608046106,"label":"real-cruise-1200pps","maxFrameMilliseconds":40.520458336686715,"measurementKind":"displayLinkCallbacks","p50FrameMilliseconds":16.666666662786156,"p95FrameMilliseconds":16.666666691889986,"p99FrameMilliseconds":33.33333332557231}
CHAT_BENCHMARK_RESULT {"averageFPS":59.209659714652304,"displayMaximumFPS":60,"durationSeconds":15.183333333319752,"expectedFrameMilliseconds":16.666666666666668,"frameCount":900,"hitchCount":12,"hitchTimeMillisecondsPerSecond":13.778995608046106,"label":"real-cruise-1200pps","maxFrameMilliseconds":40.520458336686715,"measurementKind":"displayLinkCallbacks","p50FrameMilliseconds":16.666666662786156,"p95FrameMilliseconds":16.666666691889986,"p99FrameMilliseconds":33.33333332557231}
CHAT_BENCHMARK_TRACE benchmark start: real-scroll-3000pps
CHAT_BENCHMARK_TRACE prepare rows=192 requests=100 code=77 tables=5
CHAT_BENCHMARK_TRACE transcript warm started
CHAT_BENCHMARK_TRACE prepare rows=299 requests=156 code=121 tables=7
CHAT_BENCHMARK_TRACE transcript warm
WARNING MISSING STYLE in atom-one-light: hljs-params
WARNING MISSING STYLE in atom-one-light: hljs-operator
CHAT_BENCHMARK_TRACE CHAT_BENCHMARK_RESULT {"averageFPS":57.44813278013849,"displayMaximumFPS":60,"durationSeconds":16.066666666651145,"expectedFrameMilliseconds":16.666666666666668,"frameCount":924,"hitchCount":40,"hitchTimeMillisecondsPerSecond":44.905352697889214,"label":"real-scroll-3000pps","maxFrameMilliseconds":56.3010833284352,"measurementKind":"displayLinkCallbacks","p50FrameMilliseconds":16.666666662786156,"p95FrameMilliseconds":16.666666691889986,"p99FrameMilliseconds":35.083583352388814}
CHAT_BENCHMARK_RESULT {"averageFPS":57.44813278013849,"displayMaximumFPS":60,"durationSeconds":16.066666666651145,"expectedFrameMilliseconds":16.666666666666668,"frameCount":924,"hitchCount":40,"hitchTimeMillisecondsPerSecond":44.905352697889214,"label":"real-scroll-3000pps","maxFrameMilliseconds":56.3010833284352,"measurementKind":"displayLinkCallbacks","p50FrameMilliseconds":16.666666662786156,"p95FrameMilliseconds":16.666666691889986,"p99FrameMilliseconds":35.083583352388814}
CHAT_BENCHMARK_TRACE benchmark start: real-fling-8000pps
CHAT_BENCHMARK_TRACE prepare rows=172 requests=90 code=67 tables=5
CHAT_BENCHMARK_TRACE CHAT_BENCHMARK_RESULT {"averageFPS":58.72170439415935,"displayMaximumFPS":60,"durationSeconds":12.516666666662786,"expectedFrameMilliseconds":16.666666666666668,"frameCount":736,"hitchCount":16,"hitchTimeMillisecondsPerSecond":21.524087884612655,"label":"real-fling-8000pps","maxFrameMilliseconds":35.02383333398029,"measurementKind":"displayLinkCallbacks","p50FrameMilliseconds":16.666666662786156,"p95FrameMilliseconds":16.666666691889986,"p99FrameMilliseconds":33.33333332557231}
CHAT_BENCHMARK_RESULT {"averageFPS":58.72170439415935,"displayMaximumFPS":60,"durationSeconds":12.516666666662786,"expectedFrameMilliseconds":16.666666666666668,"frameCount":736,"hitchCount":16,"hitchTimeMillisecondsPerSecond":21.524087884612655,"label":"real-fling-8000pps","maxFrameMilliseconds":35.02383333398029,"measurementKind":"displayLinkCallbacks","p50FrameMilliseconds":16.666666662786156,"p95FrameMilliseconds":16.666666691889986,"p99FrameMilliseconds":33.33333332557231}
CHAT_BENCHMARK_TRACE CHAT_BENCHMARK_COMPLETE
CHAT_BENCHMARK_COMPLETE
