CHAT_BENCHMARK_TRACE real-thread benchmark start: Synthetic benchmark transcript
CHAT_BENCHMARK_TRACE real-thread benchmark thread: synthetic-benchmark-thread Synthetic benchmark transcript
CHAT_BENCHMARK_TRACE layout miss id=synthetic-turn-295-user-block-0 width=333.0 cached=false bytes=107
CHAT_BENCHMARK_TRACE layout miss id=synthetic-turn-295-assistant#segment-0 width=361.0 cached=false bytes=189
CHAT_BENCHMARK_TRACE layout miss id=synthetic-turn-298-assistant#segment-44 width=361.0 cached=false bytes=15
CHAT_BENCHMARK_TRACE layout miss id=synthetic-turn-298-assistant#segment-46 width=361.0 cached=false bytes=26
CHAT_BENCHMARK_TRACE layout miss id=synthetic-turn-298-assistant#segment-48 width=361.0 cached=false bytes=17
CHAT_BENCHMARK_TRACE layout miss id=synthetic-turn-298-assistant#segment-50 width=361.0 cached=false bytes=33
CHAT_BENCHMARK_TRACE layout miss id=synthetic-turn-298-assistant#segment-52 width=361.0 cached=false bytes=14
CHAT_BENCHMARK_TRACE layout miss id=synthetic-turn-298-assistant#segment-54 width=361.0 cached=false bytes=42
CHAT_BENCHMARK_TRACE layout miss id=synthetic-turn-298-assistant#segment-56 width=361.0 cached=false bytes=310
CHAT_BENCHMARK_TRACE layout miss id=synthetic-turn-299-user-block-0 width=333.0 cached=false bytes=107
CHAT_BENCHMARK_TRACE layout miss id=synthetic-turn-299-assistant#segment-0 width=361.0 cached=false bytes=144
CHAT_BENCHMARK_TRACE transcript warm started
CHAT_BENCHMARK_TRACE transcript warm started
CHAT_BENCHMARK_TRACE prepare rows=107 requests=56 code=44 tables=2
CHAT_BENCHMARK_TRACE transcript warm
WARNING MISSING STYLE in atom-one-light: hljs-operator
CHAT_BENCHMARK_TRACE benchmark start: real-cruise-1200pps
WARNING MISSING STYLE in atom-one-light: hljs-punctuation
WARNING MISSING STYLE in atom-one-light: hljs-punctuation
WARNING MISSING STYLE in atom-one-light: hljs-punctuation
WARNING MISSING STYLE in atom-one-light: hljs-punctuation
WARNING MISSING STYLE in atom-one-light: hljs-punctuation
WARNING MISSING STYLE in atom-one-light: hljs-punctuation
WARNING MISSING STYLE in atom-one-light: hljs-punctuation
WARNING MISSING STYLE in atom-one-light: hljs-punctuation
WARNING MISSING STYLE in atom-one-light: hljs-punctuation
WARNING MISSING STYLE in atom-one-light: hljs-punctuation
WARNING MISSING STYLE in atom-one-light: hljs-punctuation
WARNING MISSING STYLE in atom-one-light: hljs-punctuation
WARNING MISSING STYLE in atom-one-light: hljs-punctuation
WARNING MISSING STYLE in atom-one-light: hljs-punctuation
WARNING MISSING STYLE in atom-one-light: hljs-punctuation
WARNING MISSING STYLE in atom-one-light: hljs-punctuation
WARNING MISSING STYLE in atom-one-light: hljs-punctuation
WARNING MISSING STYLE in atom-one-light: hljs-punctuation
WARNING MISSING STYLE in atom-one-light: hljs-punctuation
WARNING MISSING STYLE in atom-one-light: hljs-punctuation
WARNING MISSING STYLE in atom-one-light: hljs-punctuation
WARNING MISSING STYLE in atom-one-light: hljs-tag
WARNING MISSING STYLE in atom-one-light: hljs-tag
WARNING MISSING STYLE in atom-one-light: hljs-tag
WARNING MISSING STYLE in atom-one-light: hljs-tag
WARNING MISSING STYLE in atom-one-light: hljs-tag
WARNING MISSING STYLE in atom-one-light: hljs-tag
WARNING MISSING STYLE in atom-one-light: hljs-tag
WARNING MISSING STYLE in atom-one-light: hljs-tag
WARNING MISSING STYLE in atom-one-light: hljs-tag
WARNING MISSING STYLE in atom-one-light: hljs-tag
WARNING MISSING STYLE in atom-one-light: hljs-tag
WARNING MISSING STYLE in atom-one-light: hljs-tag
WARNING MISSING STYLE in atom-one-light: hljs-tag
WARNING MISSING STYLE in atom-one-light: hljs-tag
WARNING MISSING STYLE in atom-one-light: hljs-tag
WARNING MISSING STYLE in atom-one-light: hljs-tag
WARNING MISSING STYLE in atom-one-light: hljs-tag
WARNING MISSING STYLE in atom-one-light: hljs-tag
WARNING MISSING STYLE in atom-one-light: hljs-tag
WARNING MISSING STYLE in atom-one-light: hljs-tag
WARNING MISSING STYLE in atom-one-light: hljs-tag
WARNING MISSING STYLE in atom-one-light: hljs-tag
WARNING MISSING STYLE in atom-one-light: hljs-tag
WARNING MISSING STYLE in atom-one-light: hljs-tag
WARNING MISSING STYLE in atom-one-light: hljs-tag
WARNING MISSING STYLE in atom-one-light: hljs-tag
WARNING MISSING STYLE in atom-one-light: hljs-tag
WARNING MISSING STYLE in atom-one-light: hljs-tag
WARNING MISSING STYLE in atom-one-light: hljs-function
WARNING MISSING STYLE in atom-one-light: hljs-function
WARNING MISSING STYLE in atom-one-light: hljs-function
WARNING MISSING STYLE in atom-one-light: hljs-function
WARNING MISSING STYLE in atom-one-light: hljs-params
WARNING MISSING STYLE in atom-one-light: hljs-function
WARNING MISSING STYLE in atom-one-light: hljs-params
WARNING MISSING STYLE in atom-one-light: hljs-function
WARNING MISSING STYLE in atom-one-light: hljs-params
WARNING MISSING STYLE in atom-one-light: hljs-function
WARNING MISSING STYLE in atom-one-light: hljs-function
WARNING MISSING STYLE in atom-one-light: hljs-function
WARNING MISSING STYLE in atom-one-light: hljs-function
WARNING MISSING STYLE in atom-one-light: hljs-params
WARNING MISSING STYLE in atom-one-light: hljs-function
WARNING MISSING STYLE in atom-one-light: hljs-params
WARNING MISSING STYLE in atom-one-light: hljs-function
WARNING MISSING STYLE in atom-one-light: hljs-params
WARNING MISSING STYLE in atom-one-light: hljs-function
WARNING MISSING STYLE in atom-one-light: hljs-params
WARNING MISSING STYLE in atom-one-light: hljs-function
WARNING MISSING STYLE in atom-one-light: hljs-params
WARNING MISSING STYLE in atom-one-light: hljs-params
WARNING MISSING STYLE in atom-one-light: hljs-params
WARNING MISSING STYLE in atom-one-light: hljs-params
WARNING MISSING STYLE in atom-one-light: hljs-params
WARNING MISSING STYLE in atom-one-light: hljs-params
WARNING MISSING STYLE in atom-one-light: hljs-params
WARNING MISSING STYLE in atom-one-light: hljs-params
WARNING MISSING STYLE in atom-one-light: hljs-params
WARNING MISSING STYLE in atom-one-light: hljs-params
WARNING MISSING STYLE in atom-one-light: hljs-params
WARNING MISSING STYLE in atom-one-light: hljs-params
WARNING MISSING STYLE in atom-one-light: hljs-params
WARNING MISSING STYLE in atom-one-light: hljs-property
WARNING MISSING STYLE in atom-one-light: hljs-property
WARNING MISSING STYLE in atom-one-light: hljs-operator
WARNING MISSING STYLE in atom-one-light: hljs-params
WARNING MISSING STYLE in atom-one-light: hljs-params
WARNING MISSING STYLE in atom-one-light: hljs-params
WARNING MISSING STYLE in atom-one-light: hljs-operator
WARNING MISSING STYLE in atom-one-light: hljs-operator
WARNING MISSING STYLE in atom-one-light: hljs-params
WARNING MISSING STYLE in atom-one-light: hljs-operator
WARNING MISSING STYLE in atom-one-light: hljs-function
WARNING MISSING STYLE in atom-one-light: hljs-function
WARNING MISSING STYLE in atom-one-light: hljs-function
WARNING MISSING STYLE in atom-one-light: hljs-function
WARNING MISSING STYLE in atom-one-light: hljs-operator
WARNING MISSING STYLE in atom-one-light: hljs-params
WARNING MISSING STYLE in atom-one-light: hljs-operator
WARNING MISSING STYLE in atom-one-light: hljs-operator
WARNING MISSING STYLE in atom-one-light: hljs-operator
WARNING MISSING STYLE in atom-one-light: hljs-operator
WARNING MISSING STYLE in atom-one-light: hljs-operator
WARNING MISSING STYLE in atom-one-light: hljs-operator
WARNING MISSING STYLE in atom-one-light: hljs-operator
WARNING MISSING STYLE in atom-one-light: hljs-operator
WARNING MISSING STYLE in atom-one-light: hljs-operator
WARNING MISSING STYLE in atom-one-light: hljs-operator
WARNING MISSING STYLE in atom-one-light: hljs-operator
WARNING MISSING STYLE in atom-one-light: hljs-operator
WARNING MISSING STYLE in atom-one-light: hljs-operator
WARNING MISSING STYLE in atom-one-light: hljs-operator
WARNING MISSING STYLE in atom-one-light: hljs-operator
WARNING MISSING STYLE in atom-one-light: hljs-operator
WARNING MISSING STYLE in atom-one-light: hljs-operator
WARNING MISSING STYLE in atom-one-light: hljs-operator
WARNING MISSING STYLE in atom-one-light: hljs-operator
WARNING MISSING STYLE in atom-one-light: hljs-operator
WARNING MISSING STYLE in atom-one-light: hljs-operator
WARNING MISSING STYLE in atom-one-light: hljs-operator
WARNING MISSING STYLE in atom-one-light: hljs-operator
WARNING MISSING STYLE in atom-one-light: hljs-operator
WARNING MISSING STYLE in atom-one-light: hljs-operator
WARNING MISSING STYLE in atom-one-light: hljs-operator
WARNING MISSING STYLE in atom-one-light: hljs-operator
WARNING MISSING STYLE in atom-one-light: hljs-operator
WARNING MISSING STYLE in atom-one-light: hljs-operator
WARNING MISSING STYLE in atom-one-light: hljs-operator
CHAT_BENCHMARK_TRACE prepare rows=192 requests=100 code=77 tables=5
CHAT_BENCHMARK_TRACE CHAT_BENCHMARK_RESULT {"averageFPS":59.14379802420219,"displayMaximumFPS":60,"durationSeconds":15.183333333319752,"expectedFrameMilliseconds":16.666666666666668,"frameCount":899,"hitchCount":12,"hitchTimeMillisecondsPerSecond":14.169346865250613,"label":"real-cruise-1200pps","maxFrameMilliseconds":43.03466665442102,"measurementKind":"displayLinkCallbacks","p50FrameMilliseconds":16.666666662786156,"p95FrameMilliseconds":16.666666691889986,"p99FrameMilliseconds":33.33333332557231}
CHAT_BENCHMARK_RESULT {"averageFPS":59.14379802420219,"displayMaximumFPS":60,"durationSeconds":15.183333333319752,"expectedFrameMilliseconds":16.666666666666668,"frameCount":899,"hitchCount":12,"hitchTimeMillisecondsPerSecond":14.169346865250613,"label":"real-cruise-1200pps","maxFrameMilliseconds":43.03466665442102,"measurementKind":"displayLinkCallbacks","p50FrameMilliseconds":16.666666662786156,"p95FrameMilliseconds":16.666666691889986,"p99FrameMilliseconds":33.33333332557231}
CHAT_BENCHMARK_TRACE benchmark start: real-scroll-3000pps
CHAT_BENCHMARK_TRACE prepare rows=192 requests=100 code=77 tables=5
CHAT_BENCHMARK_TRACE transcript warm started
CHAT_BENCHMARK_TRACE prepare rows=299 requests=156 code=121 tables=7
CHAT_BENCHMARK_TRACE transcript warm
CHAT_BENCHMARK_TRACE prepare rows=172 requests=90 code=67 tables=5
WARNING MISSING STYLE in atom-one-light: hljs-params
WARNING MISSING STYLE in atom-one-light: hljs-operator
CHAT_BENCHMARK_TRACE CHAT_BENCHMARK_RESULT {"averageFPS":57.26424870462867,"displayMaximumFPS":60,"durationSeconds":16.083333333343035,"expectedFrameMilliseconds":16.666666666666668,"frameCount":922,"hitchCount":40,"hitchTimeMillisecondsPerSecond":46.91613729801477,"label":"real-scroll-3000pps","maxFrameMilliseconds":76.04104166966863,"measurementKind":"displayLinkCallbacks","p50FrameMilliseconds":16.666666662786156,"p95FrameMilliseconds":16.666666691889986,"p99FrameMilliseconds":35.44887501630001}
CHAT_BENCHMARK_RESULT {"averageFPS":57.26424870462867,"displayMaximumFPS":60,"durationSeconds":16.083333333343035,"expectedFrameMilliseconds":16.666666666666668,"frameCount":922,"hitchCount":40,"hitchTimeMillisecondsPerSecond":46.91613729801477,"label":"real-scroll-3000pps","maxFrameMilliseconds":76.04104166966863,"measurementKind":"displayLinkCallbacks","p50FrameMilliseconds":16.666666662786156,"p95FrameMilliseconds":16.666666691889986,"p99FrameMilliseconds":35.44887501630001}
CHAT_BENCHMARK_TRACE benchmark start: real-fling-8000pps
CHAT_BENCHMARK_TRACE prepare rows=172 requests=90 code=67 tables=5
CHAT_BENCHMARK_TRACE transcript warm started
CHAT_BENCHMARK_TRACE prepare rows=471 requests=246 code=188 tables=12
CHAT_BENCHMARK_TRACE transcript warm
CHAT_BENCHMARK_TRACE CHAT_BENCHMARK_RESULT {"averageFPS":57.76595744671014,"displayMaximumFPS":60,"durationSeconds":12.533333333354676,"expectedFrameMilliseconds":16.666666666666668,"frameCount":725,"hitchCount":25,"hitchTimeMillisecondsPerSecond":37.74425199455124,"label":"real-fling-8000pps","maxFrameMilliseconds":72.64549998217262,"measurementKind":"displayLinkCallbacks","p50FrameMilliseconds":16.666666662786156,"p95FrameMilliseconds":16.666666691889986,"p99FrameMilliseconds":33.33333335467614}
CHAT_BENCHMARK_RESULT {"averageFPS":57.76595744671014,"displayMaximumFPS":60,"durationSeconds":12.533333333354676,"expectedFrameMilliseconds":16.666666666666668,"frameCount":725,"hitchCount":25,"hitchTimeMillisecondsPerSecond":37.74425199455124,"label":"real-fling-8000pps","maxFrameMilliseconds":72.64549998217262,"measurementKind":"displayLinkCallbacks","p50FrameMilliseconds":16.666666662786156,"p95FrameMilliseconds":16.666666691889986,"p99FrameMilliseconds":33.33333335467614}
CHAT_BENCHMARK_TRACE CHAT_BENCHMARK_COMPLETE
CHAT_BENCHMARK_COMPLETE
