CHAT_BENCHMARK_TRACE real-thread benchmark start: Synthetic benchmark transcript
CHAT_BENCHMARK_TRACE real-thread benchmark thread: synthetic-benchmark-thread Synthetic benchmark transcript
CHAT_BENCHMARK_TRACE transcript warm started
CHAT_BENCHMARK_TRACE prepare rows=107 requests=56 code=44 tables=2
CHAT_BENCHMARK_TRACE transcript warm started
CHAT_BENCHMARK_TRACE prepare rows=5850 requests=3050 code=2350 tables=150
CHAT_BENCHMARK_TRACE transcript warm
CHAT_BENCHMARK_TRACE benchmark start: real-cruise-1200pps
CHAT_BENCHMARK_TRACE anchor table auto=true spacing=(17.0, 0.0) delegate=Optional(<_TtGC7SwiftUI22OutlineListCoordinatorGOS_19SelectionManagerBoxOs5Never__: 0x815c9db00>)
CHAT_BENCHMARK_TRACE anchor row=4800 offset=259009.0204954013 range=(minY: 0.0, maxY: 344614.0)
CHAT_BENCHMARK_TRACE CHAT_BENCHMARK_RESULT {"averageFPS":112.3,"displayMaximumFPS":120,"durationSeconds":20,"expectedFrameMilliseconds":8.333333333333334,"frameCount":2247,"hitchCount":124,"hitchTimeMillisecondsPerSecond":61.663314571681795,"label":"real-cruise-1200pps","maxFrameMilliseconds":33.33333332557231,"measurementKind":"displayLinkCallbacks","p50FrameMilliseconds":8.333333360496908,"p95FrameMilliseconds":12.96066667418927,"p99FrameMilliseconds":21.181624964810908}
CHAT_BENCHMARK_RESULT {"averageFPS":112.3,"displayMaximumFPS":120,"durationSeconds":20,"expectedFrameMilliseconds":8.333333333333334,"frameCount":2247,"hitchCount":124,"hitchTimeMillisecondsPerSecond":61.663314571681795,"label":"real-cruise-1200pps","maxFrameMilliseconds":33.33333332557231,"measurementKind":"displayLinkCallbacks","p50FrameMilliseconds":8.333333360496908,"p95FrameMilliseconds":12.96066667418927,"p99FrameMilliseconds":21.181624964810908}
CHAT_BENCHMARK_TRACE benchmark start: real-scroll-3000pps
CHAT_BENCHMARK_TRACE anchor table auto=true spacing=(17.0, 0.0) delegate=Optional(<_TtGC7SwiftUI22OutlineListCoordinatorGOS_19SelectionManagerBoxOs5Never__: 0x815c9db00>)
CHAT_BENCHMARK_TRACE anchor row=4800 offset=259009.0204954013 range=(minY: 0.0, maxY: 344614.0)
CHAT_BENCHMARK_TRACE CHAT_BENCHMARK_RESULT {"averageFPS":105.77772402414674,"displayMaximumFPS":120,"durationSeconds":24.003163458313793,"expectedFrameMilliseconds":8.333333333333334,"frameCount":2540,"hitchCount":299,"hitchTimeMillisecondsPerSecond":117.18961560289257,"label":"real-scroll-3000pps","maxFrameMilliseconds":26.14558330969885,"measurementKind":"displayLinkCallbacks","p50FrameMilliseconds":8.333333360496908,"p95FrameMilliseconds":18.805124971549958,"p99FrameMilliseconds":21.505874989088625}
CHAT_BENCHMARK_RESULT {"averageFPS":105.77772402414674,"displayMaximumFPS":120,"durationSeconds":24.003163458313793,"expectedFrameMilliseconds":8.333333333333334,"frameCount":2540,"hitchCount":299,"hitchTimeMillisecondsPerSecond":117.18961560289257,"label":"real-scroll-3000pps","maxFrameMilliseconds":26.14558330969885,"measurementKind":"displayLinkCallbacks","p50FrameMilliseconds":8.333333360496908,"p95FrameMilliseconds":18.805124971549958,"p99FrameMilliseconds":21.505874989088625}
CHAT_BENCHMARK_TRACE benchmark start: real-fling-8000pps
CHAT_BENCHMARK_TRACE anchor table auto=true spacing=(17.0, 0.0) delegate=Optional(<_TtGC7SwiftUI22OutlineListCoordinatorGOS_19SelectionManagerBoxOs5Never__: 0x815c9db00>)
CHAT_BENCHMARK_TRACE anchor row=4800 offset=259009.0204954013 range=(minY: 0.0, maxY: 344614.0)
CHAT_BENCHMARK_TRACE stall 232 ms at offset 211475 visible=true
CHAT_BENCHMARK_TRACE stall 921 ms at offset 209613 visible=true
CHAT_BENCHMARK_TRACE stall 695 ms at offset 202243 visible=true
CHAT_BENCHMARK_TRACE stall 1083 ms at offset 196682 visible=true
CHAT_BENCHMARK_TRACE stall 369 ms at offset 188010 visible=true
CHAT_BENCHMARK_TRACE stall 124 ms at offset 206079 visible=true
CHAT_BENCHMARK_TRACE stall 102 ms at offset 213612 visible=true
CHAT_BENCHMARK_TRACE CHAT_BENCHMARK_RESULT {"averageFPS":66.54814814814814,"displayMaximumFPS":120,"durationSeconds":16.875,"expectedFrameMilliseconds":8.333333333333334,"frameCount":1124,"hitchCount":351,"hitchTimeMillisecondsPerSecond":433.1180666428477,"label":"real-fling-8000pps","maxFrameMilliseconds":1083.9031666400842,"measurementKind":"displayLinkCallbacks","p50FrameMilliseconds":8.333333360496908,"p95FrameMilliseconds":22.24199997726828,"p99FrameMilliseconds":34.26962497178465}
CHAT_BENCHMARK_RESULT {"averageFPS":66.54814814814814,"displayMaximumFPS":120,"durationSeconds":16.875,"expectedFrameMilliseconds":8.333333333333334,"frameCount":1124,"hitchCount":351,"hitchTimeMillisecondsPerSecond":433.1180666428477,"label":"real-fling-8000pps","maxFrameMilliseconds":1083.9031666400842,"measurementKind":"displayLinkCallbacks","p50FrameMilliseconds":8.333333360496908,"p95FrameMilliseconds":22.24199997726828,"p99FrameMilliseconds":34.26962497178465}
CHAT_BENCHMARK_TRACE CHAT_BENCHMARK_COMPLETE
CHAT_BENCHMARK_COMPLETE
