CHAT_BENCHMARK_TRACE real-thread benchmark start: Synthetic benchmark transcript
CHAT_BENCHMARK_TRACE real-thread benchmark thread: synthetic-benchmark-thread Synthetic benchmark transcript
CHAT_BENCHMARK_TRACE transcript warm started
CHAT_BENCHMARK_TRACE prepare rows=107 requests=56 code=44 tables=2
CHAT_BENCHMARK_TRACE transcript warm started
CHAT_BENCHMARK_TRACE prepare rows=5850 requests=3050 code=2350 tables=150
CHAT_BENCHMARK_TRACE transcript warm
CHAT_BENCHMARK_TRACE native geometry rows=5851 measured=5851 width=760.0 totalHeight=967374.0 elapsed=5.423869 seconds
CHAT_BENCHMARK_TRACE transcript warm started
CHAT_BENCHMARK_TRACE prepare rows=5853 requests=3051 code=2350 tables=150
CHAT_BENCHMARK_TRACE transcript warm
CHAT_BENCHMARK_TRACE native geometry rows=5855 measured=4 width=760.0 totalHeight=967517.0 elapsed=0.027263083 seconds
CHAT_BENCHMARK_TRACE benchmark start: production-stream-scroll-3000pps
CHAT_BENCHMARK_TRACE anchor row=4800 offset=793392.0 range=(minY: 0.0, maxY: 966764.0)
CHAT_BENCHMARK_TRACE nativeMounts=363 hostingMounts=50 resident=23 pooled=4
CHAT_BENCHMARK_TRACE CHAT_BENCHMARK_RESULT {"averageFPS":119.6998052384685,"displayMaximumFPS":120,"durationSeconds":20.00003254166222,"expectedFrameMilliseconds":8.333333333333334,"frameCount":2395,"hitchCount":5,"hitchTimeMillisecondsPerSecond":2.4613209950723856,"label":"production-stream-scroll-3000pps","maxFrameMilliseconds":22.18133333371952,"measurementKind":"displayLinkCallbacks","p50FrameMilliseconds":8.333333331393078,"p95FrameMilliseconds":8.333333360496908,"p99FrameMilliseconds":8.333333360496908}
CHAT_BENCHMARK_RESULT {"averageFPS":119.6998052384685,"displayMaximumFPS":120,"durationSeconds":20.00003254166222,"expectedFrameMilliseconds":8.333333333333334,"frameCount":2395,"hitchCount":5,"hitchTimeMillisecondsPerSecond":2.4613209950723856,"label":"production-stream-scroll-3000pps","maxFrameMilliseconds":22.18133333371952,"measurementKind":"displayLinkCallbacks","p50FrameMilliseconds":8.333333331393078,"p95FrameMilliseconds":8.333333360496908,"p99FrameMilliseconds":8.333333360496908}
CHAT_BENCHMARK_TRACE transcript warm started
CHAT_BENCHMARK_TRACE prepare rows=5923 requests=3087 code=2385 tables=151
CHAT_BENCHMARK_TRACE transcript warm
CHAT_BENCHMARK_TRACE native geometry rows=5924 measured=71 width=760.0 totalHeight=980604.0 elapsed=0.084297958 seconds
CHAT_BENCHMARK_TRACE stream sourceMatches=true completed=true
CHAT_BENCHMARK_TRACE CHAT_BENCHMARK_COMPLETE
CHAT_BENCHMARK_COMPLETE
