CHAT_BENCHMARK_TRACE real-thread benchmark start: Synthetic benchmark transcript
CHAT_BENCHMARK_TRACE real-thread benchmark thread: synthetic-benchmark-thread Synthetic benchmark transcript
CHAT_BENCHMARK_TRACE transcript warm started
CHAT_BENCHMARK_TRACE prepare rows=107 requests=56 code=44 tables=2
CHAT_BENCHMARK_TRACE transcript warm started
CHAT_BENCHMARK_TRACE prepare rows=5850 requests=3050 code=2350 tables=150
CHAT_BENCHMARK_TRACE transcript warm
CHAT_BENCHMARK_TRACE native geometry rows=5850 width=760.0 totalHeight=967350.0 elapsed=5.328113 seconds
CHAT_BENCHMARK_TRACE benchmark start: real-cruise-1200pps
CHAT_BENCHMARK_TRACE anchor row=4800 offset=793392.0 range=(minY: 0.0, maxY: 966576.0)
CHAT_BENCHMARK_TRACE CHAT_BENCHMARK_RESULT {"averageFPS":39.10099553691897,"displayMaximumFPS":120,"durationSeconds":20.02506558332243,"expectedFrameMilliseconds":8.333333333333334,"frameCount":784,"hitchCount":693,"hitchTimeMillisecondsPerSecond":665.6565652469028,"label":"real-cruise-1200pps","maxFrameMilliseconds":56.69341667089611,"measurementKind":"displayLinkCallbacks","p50FrameMilliseconds":26.467749994480982,"p95FrameMilliseconds":36.43633332103491,"p99FrameMilliseconds":40.9067083382979}
CHAT_BENCHMARK_RESULT {"averageFPS":39.10099553691897,"displayMaximumFPS":120,"durationSeconds":20.02506558332243,"expectedFrameMilliseconds":8.333333333333334,"frameCount":784,"hitchCount":693,"hitchTimeMillisecondsPerSecond":665.6565652469028,"label":"real-cruise-1200pps","maxFrameMilliseconds":56.69341667089611,"measurementKind":"displayLinkCallbacks","p50FrameMilliseconds":26.467749994480982,"p95FrameMilliseconds":36.43633332103491,"p99FrameMilliseconds":40.9067083382979}
CHAT_BENCHMARK_TRACE benchmark start: real-scroll-3000pps
CHAT_BENCHMARK_TRACE anchor row=4800 offset=793392.0 range=(minY: 0.0, maxY: 966576.0)
CHAT_BENCHMARK_TRACE CHAT_BENCHMARK_RESULT {"averageFPS":40.48050820887575,"displayMaximumFPS":120,"durationSeconds":24.036259499989683,"expectedFrameMilliseconds":8.333333333333334,"frameCount":974,"hitchCount":893,"hitchTimeMillisecondsPerSecond":656.4261919205215,"label":"real-scroll-3000pps","maxFrameMilliseconds":52.763708343263716,"measurementKind":"displayLinkCallbacks","p50FrameMilliseconds":25.288125005317852,"p95FrameMilliseconds":35.130999982357025,"p99FrameMilliseconds":38.60033335513435}
CHAT_BENCHMARK_RESULT {"averageFPS":40.48050820887575,"displayMaximumFPS":120,"durationSeconds":24.036259499989683,"expectedFrameMilliseconds":8.333333333333334,"frameCount":974,"hitchCount":893,"hitchTimeMillisecondsPerSecond":656.4261919205215,"label":"real-scroll-3000pps","maxFrameMilliseconds":52.763708343263716,"measurementKind":"displayLinkCallbacks","p50FrameMilliseconds":25.288125005317852,"p95FrameMilliseconds":35.130999982357025,"p99FrameMilliseconds":38.60033335513435}
CHAT_BENCHMARK_TRACE benchmark start: real-fling-8000pps
CHAT_BENCHMARK_TRACE anchor row=4800 offset=793392.0 range=(minY: 0.0, maxY: 966576.0)
CHAT_BENCHMARK_TRACE CHAT_BENCHMARK_RESULT {"averageFPS":42.481537932681746,"displayMaximumFPS":120,"durationSeconds":16.030493083351757,"expectedFrameMilliseconds":8.333333333333334,"frameCount":682,"hitchCount":649,"hitchTimeMillisecondsPerSecond":643.2312357133748,"label":"real-fling-8000pps","maxFrameMilliseconds":55.31558336224407,"measurementKind":"displayLinkCallbacks","p50FrameMilliseconds":23.320874985074624,"p95FrameMilliseconds":33.54808333097026,"p99FrameMilliseconds":39.53179167001508}
CHAT_BENCHMARK_RESULT {"averageFPS":42.481537932681746,"displayMaximumFPS":120,"durationSeconds":16.030493083351757,"expectedFrameMilliseconds":8.333333333333334,"frameCount":682,"hitchCount":649,"hitchTimeMillisecondsPerSecond":643.2312357133748,"label":"real-fling-8000pps","maxFrameMilliseconds":55.31558336224407,"measurementKind":"displayLinkCallbacks","p50FrameMilliseconds":23.320874985074624,"p95FrameMilliseconds":33.54808333097026,"p99FrameMilliseconds":39.53179167001508}
CHAT_BENCHMARK_TRACE CHAT_BENCHMARK_COMPLETE
CHAT_BENCHMARK_COMPLETE
