CHAT_BENCHMARK_TRACE real-thread benchmark start: Synthetic benchmark transcript
CHAT_BENCHMARK_TRACE real-thread benchmark thread: synthetic-benchmark-thread Synthetic benchmark transcript
CHAT_BENCHMARK_TRACE transcript warm started
CHAT_BENCHMARK_TRACE prepare rows=107 requests=56 code=44 tables=2
CHAT_BENCHMARK_TRACE transcript warm started
CHAT_BENCHMARK_TRACE prepare rows=5850 requests=3050 code=2350 tables=150
CHAT_BENCHMARK_TRACE transcript warm
CHAT_BENCHMARK_TRACE native geometry rows=5850 width=760.0 totalHeight=967350.0 elapsed=5.632531958 seconds
CHAT_BENCHMARK_TRACE benchmark start: real-cruise-1200pps
CHAT_BENCHMARK_TRACE anchor row=4800 offset=815030.8936877076 range=(minY: 0.0, maxY: 995094.0)
CHAT_BENCHMARK_TRACE CHAT_BENCHMARK_RESULT {"averageFPS":119.15,"displayMaximumFPS":120,"durationSeconds":20,"expectedFrameMilliseconds":8.333333333333334,"frameCount":2384,"hitchCount":17,"hitchTimeMillisecondsPerSecond":7.240029169576398,"label":"real-cruise-1200pps","maxFrameMilliseconds":18.468875001417473,"measurementKind":"displayLinkCallbacks","p50FrameMilliseconds":8.333333331393078,"p95FrameMilliseconds":8.333333360496908,"p99FrameMilliseconds":8.333333360496908}
CHAT_BENCHMARK_RESULT {"averageFPS":119.15,"displayMaximumFPS":120,"durationSeconds":20,"expectedFrameMilliseconds":8.333333333333334,"frameCount":2384,"hitchCount":17,"hitchTimeMillisecondsPerSecond":7.240029169576398,"label":"real-cruise-1200pps","maxFrameMilliseconds":18.468875001417473,"measurementKind":"displayLinkCallbacks","p50FrameMilliseconds":8.333333331393078,"p95FrameMilliseconds":8.333333360496908,"p99FrameMilliseconds":8.333333360496908}
CHAT_BENCHMARK_TRACE benchmark start: real-scroll-3000pps
CHAT_BENCHMARK_TRACE anchor row=4800 offset=815030.8936877076 range=(minY: 0.0, maxY: 995094.0)
CHAT_BENCHMARK_TRACE CHAT_BENCHMARK_RESULT {"averageFPS":118.125,"displayMaximumFPS":120,"durationSeconds":24,"expectedFrameMilliseconds":8.333333333333334,"frameCount":2836,"hitchCount":41,"hitchTimeMillisecondsPerSecond":15.547494792392364,"label":"real-scroll-3000pps","maxFrameMilliseconds":29.035916668362916,"measurementKind":"displayLinkCallbacks","p50FrameMilliseconds":8.333333331393078,"p95FrameMilliseconds":8.333333360496908,"p99FrameMilliseconds":16.666666662786156}
CHAT_BENCHMARK_RESULT {"averageFPS":118.125,"displayMaximumFPS":120,"durationSeconds":24,"expectedFrameMilliseconds":8.333333333333334,"frameCount":2836,"hitchCount":41,"hitchTimeMillisecondsPerSecond":15.547494792392364,"label":"real-scroll-3000pps","maxFrameMilliseconds":29.035916668362916,"measurementKind":"displayLinkCallbacks","p50FrameMilliseconds":8.333333331393078,"p95FrameMilliseconds":8.333333360496908,"p99FrameMilliseconds":16.666666662786156}
CHAT_BENCHMARK_TRACE benchmark start: real-fling-8000pps
CHAT_BENCHMARK_TRACE anchor row=4800 offset=819216.0465116279 range=(minY: 0.0, maxY: 998231.0)
CHAT_BENCHMARK_TRACE CHAT_BENCHMARK_RESULT {"averageFPS":108.125,"displayMaximumFPS":120,"durationSeconds":16,"expectedFrameMilliseconds":8.333333333333334,"frameCount":1731,"hitchCount":173,"hitchTimeMillisecondsPerSecond":100.88219791481015,"label":"real-fling-8000pps","maxFrameMilliseconds":44.16587500600144,"measurementKind":"displayLinkCallbacks","p50FrameMilliseconds":8.333333331393078,"p95FrameMilliseconds":16.735291661461815,"p99FrameMilliseconds":19.593958335462958}
CHAT_BENCHMARK_RESULT {"averageFPS":108.125,"displayMaximumFPS":120,"durationSeconds":16,"expectedFrameMilliseconds":8.333333333333334,"frameCount":1731,"hitchCount":173,"hitchTimeMillisecondsPerSecond":100.88219791481015,"label":"real-fling-8000pps","maxFrameMilliseconds":44.16587500600144,"measurementKind":"displayLinkCallbacks","p50FrameMilliseconds":8.333333331393078,"p95FrameMilliseconds":16.735291661461815,"p99FrameMilliseconds":19.593958335462958}
CHAT_BENCHMARK_TRACE CHAT_BENCHMARK_COMPLETE
CHAT_BENCHMARK_COMPLETE
