CHAT_BENCHMARK_TRACE real-thread benchmark start: Synthetic benchmark transcript
CHAT_BENCHMARK_TRACE real-thread benchmark thread: synthetic-benchmark-thread Synthetic benchmark transcript
CHAT_BENCHMARK_TRACE transcript warm started
CHAT_BENCHMARK_TRACE prepare rows=107 requests=56 code=44 tables=2
CHAT_BENCHMARK_TRACE transcript warm started
CHAT_BENCHMARK_TRACE prepare rows=107 requests=56 code=44 tables=2
CHAT_BENCHMARK_TRACE transcript warm
CHAT_BENCHMARK_TRACE native geometry rows=109 measured=109 width=760.0 totalHeight=18578.0 elapsed=0.117742375 seconds
CHAT_BENCHMARK_TRACE native geometry rows=109 measured=0 width=760.0 totalHeight=18578.0 elapsed=0.000563916 seconds
CHAT_BENCHMARK_RESULT {"aligned":true,"label":"sessions-1","loadedChats":1,"measurementKind":"sessionMemoryCheckpoint","readyMilliseconds":1314.8440000000001,"selectedLayoutCount":102,"visible":true}
CHAT_BENCHMARK_TRACE session checkpoint 1
CHAT_BENCHMARK_TRACE transcript warm started
CHAT_BENCHMARK_TRACE prepare rows=107 requests=56 code=44 tables=2
CHAT_BENCHMARK_TRACE transcript warm started
CHAT_BENCHMARK_TRACE prepare rows=107 requests=56 code=44 tables=2
CHAT_BENCHMARK_TRACE transcript warm
CHAT_BENCHMARK_TRACE native geometry rows=109 measured=109 width=760.0 totalHeight=18578.0 elapsed=0.108575541 seconds
CHAT_BENCHMARK_TRACE native geometry rows=109 measured=0 width=760.0 totalHeight=18578.0 elapsed=0.000491209 seconds
CHAT_BENCHMARK_RESULT {"aligned":true,"label":"sessions-2","loadedChats":2,"measurementKind":"sessionMemoryCheckpoint","readyMilliseconds":1018.451292,"selectedLayoutCount":102,"visible":true}
CHAT_BENCHMARK_TRACE session checkpoint 2
CHAT_BENCHMARK_TRACE transcript warm started
CHAT_BENCHMARK_TRACE prepare rows=107 requests=56 code=44 tables=2
CHAT_BENCHMARK_TRACE transcript warm started
CHAT_BENCHMARK_TRACE prepare rows=107 requests=56 code=44 tables=2
CHAT_BENCHMARK_TRACE transcript warm
CHAT_BENCHMARK_TRACE native geometry rows=109 measured=109 width=760.0 totalHeight=18578.0 elapsed=0.102626583 seconds
CHAT_BENCHMARK_TRACE native geometry rows=109 measured=0 width=760.0 totalHeight=18578.0 elapsed=0.000544291 seconds
CHAT_BENCHMARK_RESULT {"aligned":true,"label":"sessions-3","loadedChats":3,"measurementKind":"sessionMemoryCheckpoint","readyMilliseconds":1032.6782499999999,"selectedLayoutCount":102,"visible":true}
CHAT_BENCHMARK_TRACE session checkpoint 3
CHAT_BENCHMARK_TRACE transcript warm started
CHAT_BENCHMARK_TRACE prepare rows=107 requests=56 code=44 tables=2
CHAT_BENCHMARK_TRACE transcript warm started
CHAT_BENCHMARK_TRACE prepare rows=107 requests=56 code=44 tables=2
CHAT_BENCHMARK_TRACE transcript warm
CHAT_BENCHMARK_TRACE native geometry rows=109 measured=109 width=760.0 totalHeight=18578.0 elapsed=0.112671084 seconds
CHAT_BENCHMARK_TRACE native geometry rows=109 measured=0 width=760.0 totalHeight=18578.0 elapsed=0.000474958 seconds
CHAT_BENCHMARK_RESULT {"aligned":true,"label":"sessions-4","loadedChats":4,"measurementKind":"sessionMemoryCheckpoint","readyMilliseconds":1033.259583,"selectedLayoutCount":102,"visible":true}
CHAT_BENCHMARK_TRACE session checkpoint 4
CHAT_BENCHMARK_TRACE transcript warm started
CHAT_BENCHMARK_TRACE prepare rows=107 requests=56 code=44 tables=2
CHAT_BENCHMARK_TRACE transcript warm started
CHAT_BENCHMARK_TRACE prepare rows=107 requests=56 code=44 tables=2
CHAT_BENCHMARK_TRACE transcript warm
CHAT_BENCHMARK_TRACE native geometry rows=109 measured=109 width=760.0 totalHeight=18578.0 elapsed=0.10365475 seconds
CHAT_BENCHMARK_TRACE native geometry rows=109 measured=0 width=760.0 totalHeight=18578.0 elapsed=0.000419417 seconds
CHAT_BENCHMARK_RESULT {"aligned":true,"label":"sessions-5","loadedChats":5,"measurementKind":"sessionMemoryCheckpoint","readyMilliseconds":1013.985041,"selectedLayoutCount":102,"visible":true}
CHAT_BENCHMARK_TRACE session checkpoint 5
CHAT_BENCHMARK_TRACE CHAT_BENCHMARK_COMPLETE
CHAT_BENCHMARK_COMPLETE
