CHAT_BENCHMARK_TRACE real-thread benchmark start: Synthetic benchmark transcript
CHAT_BENCHMARK_TRACE transcript warm started
CHAT_BENCHMARK_TRACE prepare rows=106 requests=55 code=44 tables=2
CHAT_BENCHMARK_TRACE transcript warm started
CHAT_BENCHMARK_TRACE prepare rows=106 requests=55 code=44 tables=2
CHAT_BENCHMARK_TRACE benchmark viewport verified content=(1280.0, 900.0) frame=(116.0, 36.0, 1280.0, 900.0)
CHAT_BENCHMARK_TRACE real-thread benchmark thread: synthetic-benchmark-thread Synthetic benchmark transcript
WARNING MISSING STYLE in atom-one-dark: hljs-operator
WARNING MISSING STYLE in atom-one-dark: hljs-operator
WARNING MISSING STYLE in atom-one-dark: hljs-operator
WARNING MISSING STYLE in atom-one-dark: hljs-operator
WARNING MISSING STYLE in atom-one-dark: hljs-operator
WARNING MISSING STYLE in atom-one-dark: hljs-operator
WARNING MISSING STYLE in atom-one-dark: hljs-operator
WARNING MISSING STYLE in atom-one-dark: hljs-operator
WARNING MISSING STYLE in atom-one-dark: hljs-operator
WARNING MISSING STYLE in atom-one-dark: hljs-operator
WARNING MISSING STYLE in atom-one-dark: hljs-operator
WARNING MISSING STYLE in atom-one-dark: hljs-operator
WARNING MISSING STYLE in atom-one-dark: hljs-operator
WARNING MISSING STYLE in atom-one-dark: hljs-operator
WARNING MISSING STYLE in atom-one-dark: hljs-operator
WARNING MISSING STYLE in atom-one-dark: hljs-operator
WARNING MISSING STYLE in atom-one-dark: hljs-operator
WARNING MISSING STYLE in atom-one-dark: hljs-operator
WARNING MISSING STYLE in atom-one-dark: hljs-operator
WARNING MISSING STYLE in atom-one-dark: hljs-operator
WARNING MISSING STYLE in atom-one-dark: hljs-operator
WARNING MISSING STYLE in atom-one-dark: hljs-operator
WARNING MISSING STYLE in atom-one-dark: hljs-operator
WARNING MISSING STYLE in atom-one-dark: hljs-operator
WARNING MISSING STYLE in atom-one-dark: hljs-operator
WARNING MISSING STYLE in atom-one-dark: hljs-operator
WARNING MISSING STYLE in atom-one-dark: hljs-operator
WARNING MISSING STYLE in atom-one-dark: hljs-operator
WARNING MISSING STYLE in atom-one-dark: hljs-operator
WARNING MISSING STYLE in atom-one-dark: hljs-operator
WARNING MISSING STYLE in atom-one-dark: hljs-operator
WARNING MISSING STYLE in atom-one-dark: hljs-params
WARNING MISSING STYLE in atom-one-dark: hljs-function
WARNING MISSING STYLE in atom-one-dark: hljs-function
WARNING MISSING STYLE in atom-one-dark: hljs-function
WARNING MISSING STYLE in atom-one-dark: hljs-function
WARNING MISSING STYLE in atom-one-dark: hljs-operator
WARNING MISSING STYLE in atom-one-dark: hljs-params
WARNING MISSING STYLE in atom-one-dark: hljs-params
WARNING MISSING STYLE in atom-one-dark: hljs-params
WARNING MISSING STYLE in atom-one-dark: hljs-operator
WARNING MISSING STYLE in atom-one-dark: hljs-operator
WARNING MISSING STYLE in atom-one-dark: hljs-params
WARNING MISSING STYLE in atom-one-dark: hljs-operator
WARNING MISSING STYLE in atom-one-dark: hljs-params
WARNING MISSING STYLE in atom-one-dark: hljs-params
WARNING MISSING STYLE in atom-one-dark: hljs-params
WARNING MISSING STYLE in atom-one-dark: hljs-params
WARNING MISSING STYLE in atom-one-dark: hljs-params
WARNING MISSING STYLE in atom-one-dark: hljs-params
WARNING MISSING STYLE in atom-one-dark: hljs-params
WARNING MISSING STYLE in atom-one-dark: hljs-property
WARNING MISSING STYLE in atom-one-dark: hljs-property
WARNING MISSING STYLE in atom-one-dark: hljs-params
WARNING MISSING STYLE in atom-one-dark: hljs-params
WARNING MISSING STYLE in atom-one-dark: hljs-params
WARNING MISSING STYLE in atom-one-dark: hljs-params
WARNING MISSING STYLE in atom-one-dark: hljs-params
WARNING MISSING STYLE in atom-one-dark: hljs-function
WARNING MISSING STYLE in atom-one-dark: hljs-function
WARNING MISSING STYLE in atom-one-dark: hljs-function
WARNING MISSING STYLE in atom-one-dark: hljs-function
WARNING MISSING STYLE in atom-one-dark: hljs-params
WARNING MISSING STYLE in atom-one-dark: hljs-function
WARNING MISSING STYLE in atom-one-dark: hljs-params
WARNING MISSING STYLE in atom-one-dark: hljs-function
WARNING MISSING STYLE in atom-one-dark: hljs-params
WARNING MISSING STYLE in atom-one-dark: hljs-function
WARNING MISSING STYLE in atom-one-dark: hljs-params
WARNING MISSING STYLE in atom-one-dark: hljs-function
WARNING MISSING STYLE in atom-one-dark: hljs-params
WARNING MISSING STYLE in atom-one-dark: hljs-function
WARNING MISSING STYLE in atom-one-dark: hljs-function
WARNING MISSING STYLE in atom-one-dark: hljs-function
WARNING MISSING STYLE in atom-one-dark: hljs-function
WARNING MISSING STYLE in atom-one-dark: hljs-params
WARNING MISSING STYLE in atom-one-dark: hljs-function
WARNING MISSING STYLE in atom-one-dark: hljs-params
WARNING MISSING STYLE in atom-one-dark: hljs-function
WARNING MISSING STYLE in atom-one-dark: hljs-params
WARNING MISSING STYLE in atom-one-dark: hljs-tag
WARNING MISSING STYLE in atom-one-dark: hljs-tag
WARNING MISSING STYLE in atom-one-dark: hljs-tag
WARNING MISSING STYLE in atom-one-dark: hljs-tag
WARNING MISSING STYLE in atom-one-dark: hljs-tag
WARNING MISSING STYLE in atom-one-dark: hljs-tag
WARNING MISSING STYLE in atom-one-dark: hljs-tag
WARNING MISSING STYLE in atom-one-dark: hljs-tag
WARNING MISSING STYLE in atom-one-dark: hljs-tag
WARNING MISSING STYLE in atom-one-dark: hljs-tag
WARNING MISSING STYLE in atom-one-dark: hljs-tag
WARNING MISSING STYLE in atom-one-dark: hljs-tag
WARNING MISSING STYLE in atom-one-dark: hljs-tag
WARNING MISSING STYLE in atom-one-dark: hljs-tag
WARNING MISSING STYLE in atom-one-dark: hljs-tag
WARNING MISSING STYLE in atom-one-dark: hljs-tag
WARNING MISSING STYLE in atom-one-dark: hljs-tag
WARNING MISSING STYLE in atom-one-dark: hljs-tag
WARNING MISSING STYLE in atom-one-dark: hljs-tag
WARNING MISSING STYLE in atom-one-dark: hljs-tag
WARNING MISSING STYLE in atom-one-dark: hljs-tag
WARNING MISSING STYLE in atom-one-dark: hljs-tag
WARNING MISSING STYLE in atom-one-dark: hljs-tag
WARNING MISSING STYLE in atom-one-dark: hljs-tag
WARNING MISSING STYLE in atom-one-dark: hljs-tag
WARNING MISSING STYLE in atom-one-dark: hljs-tag
WARNING MISSING STYLE in atom-one-dark: hljs-tag
WARNING MISSING STYLE in atom-one-dark: hljs-tag
WARNING MISSING STYLE in atom-one-dark: hljs-punctuation
WARNING MISSING STYLE in atom-one-dark: hljs-punctuation
WARNING MISSING STYLE in atom-one-dark: hljs-punctuation
WARNING MISSING STYLE in atom-one-dark: hljs-punctuation
WARNING MISSING STYLE in atom-one-dark: hljs-punctuation
WARNING MISSING STYLE in atom-one-dark: hljs-punctuation
WARNING MISSING STYLE in atom-one-dark: hljs-punctuation
WARNING MISSING STYLE in atom-one-dark: hljs-punctuation
WARNING MISSING STYLE in atom-one-dark: hljs-punctuation
WARNING MISSING STYLE in atom-one-dark: hljs-punctuation
WARNING MISSING STYLE in atom-one-dark: hljs-punctuation
WARNING MISSING STYLE in atom-one-dark: hljs-punctuation
WARNING MISSING STYLE in atom-one-dark: hljs-punctuation
WARNING MISSING STYLE in atom-one-dark: hljs-punctuation
WARNING MISSING STYLE in atom-one-dark: hljs-punctuation
WARNING MISSING STYLE in atom-one-dark: hljs-punctuation
WARNING MISSING STYLE in atom-one-dark: hljs-punctuation
WARNING MISSING STYLE in atom-one-dark: hljs-punctuation
WARNING MISSING STYLE in atom-one-dark: hljs-punctuation
WARNING MISSING STYLE in atom-one-dark: hljs-punctuation
WARNING MISSING STYLE in atom-one-dark: hljs-punctuation
WARNING MISSING STYLE in atom-one-dark: hljs-operator
WARNING MISSING STYLE in atom-one-dark: hljs-params
WARNING MISSING STYLE in atom-one-dark: hljs-operator
CHAT_BENCHMARK_TRACE transcript warm
CHAT_BENCHMARK_TRACE native geometry rows=108 measured=108 width=760.0 totalHeight=17165.0 elapsed=0.108800917 seconds
CHAT_BENCHMARK_TRACE native geometry rows=108 measured=0 width=760.0 totalHeight=17165.0 elapsed=0.000845958 seconds
CHAT_BENCHMARK_TRACE transcript warm started
CHAT_BENCHMARK_TRACE prepare rows=106 requests=55 code=44 tables=2
CHAT_BENCHMARK_TRACE layout miss id=synthetic-turn-19-assistant#segment-16 width=688.0 cached=false bytes=15
CHAT_BENCHMARK_TRACE transcript warm
CHAT_BENCHMARK_TRACE native geometry rows=108 measured=108 width=688.0 totalHeight=17285.0 elapsed=0.08188725 seconds
CHAT_BENCHMARK_TRACE transcript warm started
CHAT_BENCHMARK_TRACE prepare rows=106 requests=55 code=44 tables=2
CHAT_BENCHMARK_TRACE transcript warm
CHAT_BENCHMARK_TRACE native geometry rows=108 measured=108 width=488.0 totalHeight=18264.0 elapsed=0.102828416 seconds
CHAT_BENCHMARK_TRACE transcript warm started
CHAT_BENCHMARK_TRACE prepare rows=106 requests=55 code=44 tables=2
CHAT_BENCHMARK_TRACE transcript warm
CHAT_BENCHMARK_TRACE native geometry rows=108 measured=108 width=388.0 totalHeight=18938.0 elapsed=0.096734667 seconds
CHAT_BENCHMARK_TRACE transcript warm started
CHAT_BENCHMARK_TRACE prepare rows=106 requests=55 code=44 tables=2
CHAT_BENCHMARK_TRACE transcript warm
CHAT_BENCHMARK_TRACE native geometry rows=108 measured=108 width=760.0 totalHeight=17165.0 elapsed=0.125232416 seconds
CHAT_BENCHMARK_RESULT {"aligned":true,"label":"sessions-1","loadedChats":1,"measurementKind":"sessionMemoryCheckpoint","phase":"open","preparedAndSettledMilliseconds":2094.8384999999998,"selectedChat":1,"selectedLayoutCount":266,"visible":true,"windowWidth":1280}
CHAT_BENCHMARK_TRACE session checkpoint 1
CHAT_BENCHMARK_TRACE transcript warm started
CHAT_BENCHMARK_TRACE prepare rows=106 requests=55 code=44 tables=2
CHAT_BENCHMARK_TRACE transcript warm started
CHAT_BENCHMARK_TRACE prepare rows=106 requests=55 code=44 tables=2
CHAT_BENCHMARK_TRACE transcript warm
CHAT_BENCHMARK_TRACE native geometry rows=108 measured=108 width=760.0 totalHeight=17165.0 elapsed=0.093994375 seconds
CHAT_BENCHMARK_TRACE native geometry rows=108 measured=0 width=760.0 totalHeight=17165.0 elapsed=0.0006115 seconds
CHAT_BENCHMARK_TRACE transcript warm started
CHAT_BENCHMARK_TRACE prepare rows=106 requests=55 code=44 tables=2
CHAT_BENCHMARK_TRACE transcript warm
CHAT_BENCHMARK_TRACE native geometry rows=108 measured=108 width=688.0 totalHeight=17285.0 elapsed=0.0980345 seconds
CHAT_BENCHMARK_TRACE transcript warm started
CHAT_BENCHMARK_TRACE prepare rows=106 requests=55 code=44 tables=2
CHAT_BENCHMARK_TRACE transcript warm
CHAT_BENCHMARK_TRACE native geometry rows=108 measured=108 width=488.0 totalHeight=18264.0 elapsed=0.091561333 seconds
CHAT_BENCHMARK_TRACE transcript warm started
CHAT_BENCHMARK_TRACE prepare rows=106 requests=55 code=44 tables=2
CHAT_BENCHMARK_TRACE transcript warm
CHAT_BENCHMARK_TRACE native geometry rows=108 measured=108 width=388.0 totalHeight=18938.0 elapsed=0.104020334 seconds
CHAT_BENCHMARK_TRACE transcript warm started
CHAT_BENCHMARK_TRACE prepare rows=106 requests=55 code=44 tables=2
CHAT_BENCHMARK_TRACE transcript warm
CHAT_BENCHMARK_TRACE native geometry rows=108 measured=108 width=760.0 totalHeight=17165.0 elapsed=0.098082 seconds
CHAT_BENCHMARK_RESULT {"aligned":true,"label":"sessions-2","loadedChats":2,"measurementKind":"sessionMemoryCheckpoint","phase":"open","preparedAndSettledMilliseconds":2109.1450829999999,"selectedChat":2,"selectedLayoutCount":266,"visible":true,"windowWidth":1280}
CHAT_BENCHMARK_TRACE session checkpoint 2
CHAT_BENCHMARK_TRACE transcript warm started
CHAT_BENCHMARK_TRACE prepare rows=106 requests=55 code=44 tables=2
CHAT_BENCHMARK_TRACE transcript warm started
CHAT_BENCHMARK_TRACE prepare rows=106 requests=55 code=44 tables=2
CHAT_BENCHMARK_TRACE transcript warm
CHAT_BENCHMARK_TRACE native geometry rows=108 measured=108 width=760.0 totalHeight=17165.0 elapsed=0.085096625 seconds
CHAT_BENCHMARK_TRACE native geometry rows=108 measured=0 width=760.0 totalHeight=17165.0 elapsed=0.000588541 seconds
CHAT_BENCHMARK_TRACE transcript warm started
CHAT_BENCHMARK_TRACE prepare rows=106 requests=55 code=44 tables=2
CHAT_BENCHMARK_TRACE transcript warm
CHAT_BENCHMARK_TRACE native geometry rows=108 measured=108 width=688.0 totalHeight=17285.0 elapsed=0.100304417 seconds
CHAT_BENCHMARK_TRACE transcript warm started
CHAT_BENCHMARK_TRACE prepare rows=106 requests=55 code=44 tables=2
CHAT_BENCHMARK_TRACE transcript warm
CHAT_BENCHMARK_TRACE native geometry rows=108 measured=108 width=488.0 totalHeight=18264.0 elapsed=0.096223083 seconds
CHAT_BENCHMARK_TRACE transcript warm started
CHAT_BENCHMARK_TRACE prepare rows=106 requests=55 code=44 tables=2
CHAT_BENCHMARK_TRACE transcript warm
CHAT_BENCHMARK_TRACE native geometry rows=108 measured=108 width=388.0 totalHeight=18938.0 elapsed=0.094353167 seconds
CHAT_BENCHMARK_TRACE transcript warm started
CHAT_BENCHMARK_TRACE prepare rows=106 requests=55 code=44 tables=2
CHAT_BENCHMARK_TRACE transcript warm
CHAT_BENCHMARK_TRACE native geometry rows=108 measured=108 width=760.0 totalHeight=17165.0 elapsed=0.110316875 seconds
CHAT_BENCHMARK_RESULT {"aligned":true,"label":"sessions-3","loadedChats":3,"measurementKind":"sessionMemoryCheckpoint","phase":"open","preparedAndSettledMilliseconds":2148.9258749999999,"selectedChat":3,"selectedLayoutCount":266,"visible":true,"windowWidth":1280}
CHAT_BENCHMARK_TRACE session checkpoint 3
CHAT_BENCHMARK_TRACE transcript warm started
CHAT_BENCHMARK_TRACE prepare rows=106 requests=55 code=44 tables=2
CHAT_BENCHMARK_TRACE transcript warm started
CHAT_BENCHMARK_TRACE prepare rows=106 requests=55 code=44 tables=2
CHAT_BENCHMARK_TRACE transcript warm
CHAT_BENCHMARK_TRACE native geometry rows=108 measured=108 width=760.0 totalHeight=17165.0 elapsed=0.097204667 seconds
CHAT_BENCHMARK_TRACE native geometry rows=108 measured=0 width=760.0 totalHeight=17165.0 elapsed=0.0006535 seconds
CHAT_BENCHMARK_TRACE transcript warm started
CHAT_BENCHMARK_TRACE prepare rows=106 requests=55 code=44 tables=2
CHAT_BENCHMARK_TRACE transcript warm
CHAT_BENCHMARK_TRACE native geometry rows=108 measured=108 width=688.0 totalHeight=17285.0 elapsed=0.100655167 seconds
CHAT_BENCHMARK_TRACE transcript warm started
CHAT_BENCHMARK_TRACE prepare rows=106 requests=55 code=44 tables=2
CHAT_BENCHMARK_TRACE transcript warm
CHAT_BENCHMARK_TRACE native geometry rows=108 measured=108 width=488.0 totalHeight=18264.0 elapsed=0.087270666 seconds
CHAT_BENCHMARK_TRACE transcript warm started
CHAT_BENCHMARK_TRACE prepare rows=106 requests=55 code=44 tables=2
CHAT_BENCHMARK_TRACE transcript warm
CHAT_BENCHMARK_TRACE native geometry rows=108 measured=108 width=388.0 totalHeight=18938.0 elapsed=0.101279917 seconds
CHAT_BENCHMARK_TRACE transcript warm started
CHAT_BENCHMARK_TRACE prepare rows=106 requests=55 code=44 tables=2
CHAT_BENCHMARK_TRACE transcript warm
CHAT_BENCHMARK_TRACE native geometry rows=108 measured=108 width=760.0 totalHeight=17165.0 elapsed=0.107255584 seconds
CHAT_BENCHMARK_RESULT {"aligned":true,"label":"sessions-4","loadedChats":4,"measurementKind":"sessionMemoryCheckpoint","phase":"open","preparedAndSettledMilliseconds":2133.5129999999999,"selectedChat":4,"selectedLayoutCount":266,"visible":true,"windowWidth":1280}
CHAT_BENCHMARK_TRACE session checkpoint 4
CHAT_BENCHMARK_TRACE transcript warm started
CHAT_BENCHMARK_TRACE prepare rows=106 requests=55 code=44 tables=2
CHAT_BENCHMARK_TRACE transcript warm started
CHAT_BENCHMARK_TRACE prepare rows=106 requests=55 code=44 tables=2
CHAT_BENCHMARK_TRACE transcript warm
CHAT_BENCHMARK_TRACE native geometry rows=108 measured=108 width=760.0 totalHeight=17165.0 elapsed=0.090762875 seconds
CHAT_BENCHMARK_TRACE transcript warm started
CHAT_BENCHMARK_TRACE prepare rows=106 requests=55 code=44 tables=2
CHAT_BENCHMARK_TRACE layout miss id=synthetic-benchmark-5-turn-19-assistant#segment-20 width=688.0 cached=false bytes=17
CHAT_BENCHMARK_TRACE layout miss id=synthetic-benchmark-5-turn-19-assistant#segment-18 width=688.0 cached=false bytes=26
CHAT_BENCHMARK_TRACE transcript warm
CHAT_BENCHMARK_TRACE native geometry rows=108 measured=108 width=688.0 totalHeight=17285.0 elapsed=0.105965875 seconds
CHAT_BENCHMARK_TRACE transcript warm started
CHAT_BENCHMARK_TRACE prepare rows=106 requests=55 code=44 tables=2
CHAT_BENCHMARK_TRACE transcript warm
CHAT_BENCHMARK_TRACE native geometry rows=108 measured=108 width=488.0 totalHeight=18264.0 elapsed=0.100760208 seconds
CHAT_BENCHMARK_TRACE transcript warm started
CHAT_BENCHMARK_TRACE prepare rows=106 requests=55 code=44 tables=2
CHAT_BENCHMARK_TRACE transcript warm
CHAT_BENCHMARK_TRACE native geometry rows=108 measured=108 width=388.0 totalHeight=18938.0 elapsed=0.105675125 seconds
CHAT_BENCHMARK_TRACE transcript warm started
CHAT_BENCHMARK_TRACE prepare rows=106 requests=55 code=44 tables=2
CHAT_BENCHMARK_TRACE transcript warm
CHAT_BENCHMARK_TRACE native geometry rows=108 measured=108 width=760.0 totalHeight=17165.0 elapsed=0.099604208 seconds
CHAT_BENCHMARK_RESULT {"aligned":true,"label":"sessions-5","loadedChats":5,"measurementKind":"sessionMemoryCheckpoint","phase":"open","preparedAndSettledMilliseconds":1909.2051670000001,"selectedChat":5,"selectedLayoutCount":266,"visible":true,"windowWidth":1280}
CHAT_BENCHMARK_TRACE session checkpoint 5
CHAT_BENCHMARK_TRACE transcript warm started
CHAT_BENCHMARK_TRACE prepare rows=106 requests=55 code=44 tables=2
CHAT_BENCHMARK_TRACE transcript warm
CHAT_BENCHMARK_TRACE transcript warm started
CHAT_BENCHMARK_TRACE prepare rows=106 requests=55 code=44 tables=2
CHAT_BENCHMARK_TRACE transcript warm
CHAT_BENCHMARK_TRACE native geometry rows=108 measured=108 width=760.0 totalHeight=17165.0 elapsed=0.102112959 seconds
CHAT_BENCHMARK_TRACE native geometry rows=108 measured=0 width=760.0 totalHeight=17165.0 elapsed=0.000584125 seconds
CHAT_BENCHMARK_TRACE transcript warm started
CHAT_BENCHMARK_TRACE prepare rows=106 requests=55 code=44 tables=2
CHAT_BENCHMARK_TRACE transcript warm
CHAT_BENCHMARK_TRACE native geometry rows=108 measured=108 width=688.0 totalHeight=17285.0 elapsed=0.102980291 seconds
CHAT_BENCHMARK_TRACE transcript warm started
CHAT_BENCHMARK_TRACE prepare rows=106 requests=55 code=44 tables=2
CHAT_BENCHMARK_TRACE transcript warm
CHAT_BENCHMARK_TRACE native geometry rows=108 measured=108 width=488.0 totalHeight=18264.0 elapsed=0.102312417 seconds
CHAT_BENCHMARK_TRACE transcript warm started
CHAT_BENCHMARK_TRACE prepare rows=106 requests=55 code=44 tables=2
CHAT_BENCHMARK_TRACE transcript warm
CHAT_BENCHMARK_TRACE native geometry rows=108 measured=108 width=388.0 totalHeight=18938.0 elapsed=0.114478042 seconds
CHAT_BENCHMARK_TRACE transcript warm started
CHAT_BENCHMARK_TRACE prepare rows=106 requests=55 code=44 tables=2
CHAT_BENCHMARK_TRACE transcript warm
CHAT_BENCHMARK_TRACE native geometry rows=108 measured=108 width=760.0 totalHeight=17165.0 elapsed=0.109291084 seconds
CHAT_BENCHMARK_RESULT {"aligned":true,"label":"sessions-6","loadedChats":5,"measurementKind":"sessionMemoryCheckpoint","phase":"revisit","preparedAndSettledMilliseconds":1848.5939170000001,"selectedChat":1,"selectedLayoutCount":266,"visible":true,"windowWidth":1280}
CHAT_BENCHMARK_TRACE session checkpoint 6
CHAT_BENCHMARK_TRACE transcript warm started
CHAT_BENCHMARK_TRACE prepare rows=106 requests=55 code=44 tables=2
CHAT_BENCHMARK_TRACE transcript warm
CHAT_BENCHMARK_TRACE transcript warm started
CHAT_BENCHMARK_TRACE prepare rows=106 requests=55 code=44 tables=2
CHAT_BENCHMARK_TRACE transcript warm
CHAT_BENCHMARK_TRACE native geometry rows=108 measured=108 width=760.0 totalHeight=17165.0 elapsed=0.099282125 seconds
CHAT_BENCHMARK_TRACE native geometry rows=108 measured=0 width=760.0 totalHeight=17165.0 elapsed=0.000625041 seconds
CHAT_BENCHMARK_TRACE transcript warm started
CHAT_BENCHMARK_TRACE prepare rows=106 requests=55 code=44 tables=2
CHAT_BENCHMARK_TRACE transcript warm
CHAT_BENCHMARK_TRACE native geometry rows=108 measured=108 width=688.0 totalHeight=17285.0 elapsed=0.093730333 seconds
CHAT_BENCHMARK_TRACE transcript warm started
CHAT_BENCHMARK_TRACE prepare rows=106 requests=55 code=44 tables=2
CHAT_BENCHMARK_TRACE transcript warm
CHAT_BENCHMARK_TRACE native geometry rows=108 measured=108 width=488.0 totalHeight=18264.0 elapsed=0.106692917 seconds
CHAT_BENCHMARK_TRACE transcript warm started
CHAT_BENCHMARK_TRACE prepare rows=106 requests=55 code=44 tables=2
CHAT_BENCHMARK_TRACE transcript warm
CHAT_BENCHMARK_TRACE native geometry rows=108 measured=108 width=388.0 totalHeight=18938.0 elapsed=0.108398875 seconds
CHAT_BENCHMARK_TRACE transcript warm started
CHAT_BENCHMARK_TRACE prepare rows=106 requests=55 code=44 tables=2
CHAT_BENCHMARK_TRACE transcript warm
CHAT_BENCHMARK_TRACE native geometry rows=108 measured=108 width=760.0 totalHeight=17165.0 elapsed=0.104853625 seconds
CHAT_BENCHMARK_RESULT {"aligned":true,"label":"sessions-7","loadedChats":5,"measurementKind":"sessionMemoryCheckpoint","phase":"revisit","preparedAndSettledMilliseconds":1848.426291,"selectedChat":5,"selectedLayoutCount":266,"visible":true,"windowWidth":1280}
CHAT_BENCHMARK_TRACE session checkpoint 7
CHAT_BENCHMARK_TRACE transcript warm started
CHAT_BENCHMARK_TRACE prepare rows=106 requests=55 code=44 tables=2
CHAT_BENCHMARK_TRACE transcript warm
CHAT_BENCHMARK_TRACE transcript warm started
CHAT_BENCHMARK_TRACE prepare rows=106 requests=55 code=44 tables=2
CHAT_BENCHMARK_TRACE transcript warm
CHAT_BENCHMARK_TRACE native geometry rows=108 measured=108 width=760.0 totalHeight=17165.0 elapsed=0.089294625 seconds
CHAT_BENCHMARK_TRACE native geometry rows=108 measured=0 width=760.0 totalHeight=17165.0 elapsed=0.000987625 seconds
CHAT_BENCHMARK_TRACE transcript warm started
CHAT_BENCHMARK_TRACE prepare rows=106 requests=55 code=44 tables=2
CHAT_BENCHMARK_TRACE transcript warm
CHAT_BENCHMARK_TRACE native geometry rows=108 measured=108 width=688.0 totalHeight=17285.0 elapsed=0.093699083 seconds
CHAT_BENCHMARK_TRACE transcript warm started
CHAT_BENCHMARK_TRACE prepare rows=106 requests=55 code=44 tables=2
CHAT_BENCHMARK_TRACE transcript warm
CHAT_BENCHMARK_TRACE native geometry rows=108 measured=108 width=488.0 totalHeight=18264.0 elapsed=0.111168375 seconds
CHAT_BENCHMARK_TRACE transcript warm started
CHAT_BENCHMARK_TRACE prepare rows=106 requests=55 code=44 tables=2
CHAT_BENCHMARK_TRACE transcript warm
CHAT_BENCHMARK_TRACE native geometry rows=108 measured=108 width=388.0 totalHeight=18938.0 elapsed=0.103705667 seconds
CHAT_BENCHMARK_TRACE transcript warm started
CHAT_BENCHMARK_TRACE prepare rows=106 requests=55 code=44 tables=2
CHAT_BENCHMARK_TRACE transcript warm
CHAT_BENCHMARK_TRACE native geometry rows=108 measured=108 width=760.0 totalHeight=17165.0 elapsed=0.106529667 seconds
CHAT_BENCHMARK_RESULT {"aligned":true,"label":"sessions-8","loadedChats":5,"measurementKind":"sessionMemoryCheckpoint","phase":"revisit","preparedAndSettledMilliseconds":1864.6380410000002,"selectedChat":2,"selectedLayoutCount":266,"visible":true,"windowWidth":1280}
CHAT_BENCHMARK_TRACE session checkpoint 8
CHAT_BENCHMARK_TRACE transcript warm started
CHAT_BENCHMARK_TRACE prepare rows=106 requests=55 code=44 tables=2
CHAT_BENCHMARK_TRACE transcript warm
CHAT_BENCHMARK_TRACE transcript warm started
CHAT_BENCHMARK_TRACE prepare rows=106 requests=55 code=44 tables=2
CHAT_BENCHMARK_TRACE transcript warm
CHAT_BENCHMARK_TRACE native geometry rows=108 measured=108 width=760.0 totalHeight=17165.0 elapsed=0.102841542 seconds
CHAT_BENCHMARK_TRACE native geometry rows=108 measured=0 width=760.0 totalHeight=17165.0 elapsed=0.000772166 seconds
CHAT_BENCHMARK_TRACE transcript warm started
CHAT_BENCHMARK_TRACE prepare rows=106 requests=55 code=44 tables=2
CHAT_BENCHMARK_TRACE transcript warm
CHAT_BENCHMARK_TRACE native geometry rows=108 measured=108 width=688.0 totalHeight=17285.0 elapsed=0.121775958 seconds
CHAT_BENCHMARK_TRACE transcript warm started
CHAT_BENCHMARK_TRACE prepare rows=106 requests=55 code=44 tables=2
CHAT_BENCHMARK_TRACE transcript warm
CHAT_BENCHMARK_TRACE native geometry rows=108 measured=108 width=488.0 totalHeight=18264.0 elapsed=0.113355667 seconds
CHAT_BENCHMARK_TRACE transcript warm started
CHAT_BENCHMARK_TRACE prepare rows=106 requests=55 code=44 tables=2
CHAT_BENCHMARK_TRACE transcript warm
CHAT_BENCHMARK_TRACE native geometry rows=108 measured=108 width=388.0 totalHeight=18938.0 elapsed=0.119726 seconds
CHAT_BENCHMARK_TRACE transcript warm started
CHAT_BENCHMARK_TRACE prepare rows=106 requests=55 code=44 tables=2
CHAT_BENCHMARK_TRACE transcript warm
CHAT_BENCHMARK_TRACE native geometry rows=108 measured=108 width=760.0 totalHeight=17165.0 elapsed=0.1057 seconds
CHAT_BENCHMARK_RESULT {"aligned":true,"label":"sessions-9","loadedChats":5,"measurementKind":"sessionMemoryCheckpoint","phase":"revisit","preparedAndSettledMilliseconds":1871.000125,"selectedChat":4,"selectedLayoutCount":266,"visible":true,"windowWidth":1280}
CHAT_BENCHMARK_TRACE session checkpoint 9
CHAT_BENCHMARK_TRACE transcript warm started
CHAT_BENCHMARK_TRACE prepare rows=106 requests=55 code=44 tables=2
CHAT_BENCHMARK_TRACE transcript warm
CHAT_BENCHMARK_TRACE transcript warm started
CHAT_BENCHMARK_TRACE prepare rows=106 requests=55 code=44 tables=2
CHAT_BENCHMARK_TRACE transcript warm
CHAT_BENCHMARK_TRACE native geometry rows=108 measured=108 width=760.0 totalHeight=17165.0 elapsed=0.093430958 seconds
CHAT_BENCHMARK_TRACE native geometry rows=108 measured=0 width=760.0 totalHeight=17165.0 elapsed=0.000613667 seconds
CHAT_BENCHMARK_TRACE transcript warm started
CHAT_BENCHMARK_TRACE prepare rows=106 requests=55 code=44 tables=2
CHAT_BENCHMARK_TRACE transcript warm
CHAT_BENCHMARK_TRACE native geometry rows=108 measured=108 width=688.0 totalHeight=17285.0 elapsed=0.099823042 seconds
CHAT_BENCHMARK_TRACE transcript warm started
CHAT_BENCHMARK_TRACE prepare rows=106 requests=55 code=44 tables=2
CHAT_BENCHMARK_TRACE transcript warm
CHAT_BENCHMARK_TRACE native geometry rows=108 measured=108 width=488.0 totalHeight=18264.0 elapsed=0.112372584 seconds
CHAT_BENCHMARK_TRACE transcript warm started
CHAT_BENCHMARK_TRACE prepare rows=106 requests=55 code=44 tables=2
CHAT_BENCHMARK_TRACE transcript warm
CHAT_BENCHMARK_TRACE native geometry rows=108 measured=108 width=388.0 totalHeight=18938.0 elapsed=0.115096875 seconds
CHAT_BENCHMARK_TRACE transcript warm started
CHAT_BENCHMARK_TRACE prepare rows=106 requests=55 code=44 tables=2
CHAT_BENCHMARK_TRACE transcript warm
CHAT_BENCHMARK_TRACE native geometry rows=108 measured=108 width=760.0 totalHeight=17165.0 elapsed=0.108838708 seconds
CHAT_BENCHMARK_RESULT {"aligned":true,"label":"sessions-10","loadedChats":5,"measurementKind":"sessionMemoryCheckpoint","phase":"revisit","preparedAndSettledMilliseconds":1859.923875,"selectedChat":3,"selectedLayoutCount":266,"visible":true,"windowWidth":1280}
CHAT_BENCHMARK_TRACE session checkpoint 10
CHAT_BENCHMARK_TRACE transcript warm started
CHAT_BENCHMARK_TRACE prepare rows=106 requests=55 code=44 tables=2
CHAT_BENCHMARK_TRACE transcript warm
CHAT_BENCHMARK_TRACE transcript warm started
CHAT_BENCHMARK_TRACE prepare rows=106 requests=55 code=44 tables=2
CHAT_BENCHMARK_TRACE transcript warm
CHAT_BENCHMARK_TRACE native geometry rows=108 measured=108 width=760.0 totalHeight=17165.0 elapsed=0.101652417 seconds
CHAT_BENCHMARK_TRACE native geometry rows=108 measured=0 width=760.0 totalHeight=17165.0 elapsed=0.000696083 seconds
CHAT_BENCHMARK_TRACE transcript warm started
CHAT_BENCHMARK_TRACE prepare rows=106 requests=55 code=44 tables=2
CHAT_BENCHMARK_TRACE transcript warm
CHAT_BENCHMARK_TRACE native geometry rows=108 measured=108 width=688.0 totalHeight=17285.0 elapsed=0.089894583 seconds
CHAT_BENCHMARK_TRACE transcript warm started
CHAT_BENCHMARK_TRACE prepare rows=106 requests=55 code=44 tables=2
CHAT_BENCHMARK_TRACE transcript warm
CHAT_BENCHMARK_TRACE native geometry rows=108 measured=108 width=488.0 totalHeight=18264.0 elapsed=0.107557125 seconds
CHAT_BENCHMARK_TRACE transcript warm started
CHAT_BENCHMARK_TRACE prepare rows=106 requests=55 code=44 tables=2
CHAT_BENCHMARK_TRACE transcript warm
CHAT_BENCHMARK_TRACE native geometry rows=108 measured=108 width=388.0 totalHeight=18938.0 elapsed=0.11177575 seconds
CHAT_BENCHMARK_TRACE transcript warm started
CHAT_BENCHMARK_TRACE prepare rows=106 requests=55 code=44 tables=2
CHAT_BENCHMARK_TRACE transcript warm
CHAT_BENCHMARK_TRACE native geometry rows=108 measured=108 width=760.0 totalHeight=17165.0 elapsed=0.112843542 seconds
CHAT_BENCHMARK_RESULT {"aligned":true,"label":"sessions-11","loadedChats":5,"measurementKind":"sessionMemoryCheckpoint","phase":"revisit","preparedAndSettledMilliseconds":1867.9553329999999,"selectedChat":1,"selectedLayoutCount":266,"visible":true,"windowWidth":1280}
CHAT_BENCHMARK_TRACE session checkpoint 11
CHAT_BENCHMARK_TRACE CHAT_BENCHMARK_COMPLETE
CHAT_BENCHMARK_COMPLETE
