CHAT_BENCHMARK_TRACE real-thread benchmark start: Synthetic benchmark transcript
CHAT_BENCHMARK_TRACE real-thread benchmark thread: synthetic-benchmark-thread Synthetic benchmark transcript
CHAT_BENCHMARK_TRACE transcript warm started
CHAT_BENCHMARK_TRACE prepare rows=107 requests=56 code=44 tables=2
CHAT_BENCHMARK_TRACE transcript warm started
CHAT_BENCHMARK_TRACE prepare rows=5850 requests=3050 code=2350 tables=150
WARNING MISSING STYLE in atom-one-dark: hljs-params
WARNING MISSING STYLE in atom-one-dark: hljs-operator
WARNING MISSING STYLE in atom-one-dark: hljs-operator
WARNING MISSING STYLE in atom-one-dark: hljs-params
WARNING MISSING STYLE in atom-one-dark: hljs-params
WARNING MISSING STYLE in atom-one-dark: hljs-params
WARNING MISSING STYLE in atom-one-dark: hljs-operator
WARNING MISSING STYLE in atom-one-dark: hljs-operator
WARNING MISSING STYLE in atom-one-dark: hljs-params
WARNING MISSING STYLE in atom-one-dark: hljs-operator
WARNING MISSING STYLE in atom-one-dark: hljs-params
WARNING MISSING STYLE in atom-one-dark: hljs-params
WARNING MISSING STYLE in atom-one-dark: hljs-params
WARNING MISSING STYLE in atom-one-dark: hljs-params
WARNING MISSING STYLE in atom-one-dark: hljs-params
WARNING MISSING STYLE in atom-one-dark: hljs-params
WARNING MISSING STYLE in atom-one-dark: hljs-params
WARNING MISSING STYLE in atom-one-dark: hljs-property
WARNING MISSING STYLE in atom-one-dark: hljs-property
WARNING MISSING STYLE in atom-one-dark: hljs-params
WARNING MISSING STYLE in atom-one-dark: hljs-params
WARNING MISSING STYLE in atom-one-dark: hljs-params
WARNING MISSING STYLE in atom-one-dark: hljs-params
WARNING MISSING STYLE in atom-one-dark: hljs-params
WARNING MISSING STYLE in atom-one-dark: hljs-function
WARNING MISSING STYLE in atom-one-dark: hljs-function
WARNING MISSING STYLE in atom-one-dark: hljs-function
WARNING MISSING STYLE in atom-one-dark: hljs-function
WARNING MISSING STYLE in atom-one-dark: hljs-params
WARNING MISSING STYLE in atom-one-dark: hljs-function
WARNING MISSING STYLE in atom-one-dark: hljs-params
WARNING MISSING STYLE in atom-one-dark: hljs-function
WARNING MISSING STYLE in atom-one-dark: hljs-params
WARNING MISSING STYLE in atom-one-dark: hljs-function
WARNING MISSING STYLE in atom-one-dark: hljs-params
WARNING MISSING STYLE in atom-one-dark: hljs-function
WARNING MISSING STYLE in atom-one-dark: hljs-params
WARNING MISSING STYLE in atom-one-dark: hljs-function
WARNING MISSING STYLE in atom-one-dark: hljs-function
WARNING MISSING STYLE in atom-one-dark: hljs-function
WARNING MISSING STYLE in atom-one-dark: hljs-function
WARNING MISSING STYLE in atom-one-dark: hljs-params
WARNING MISSING STYLE in atom-one-dark: hljs-function
WARNING MISSING STYLE in atom-one-dark: hljs-params
WARNING MISSING STYLE in atom-one-dark: hljs-function
WARNING MISSING STYLE in atom-one-dark: hljs-params
WARNING MISSING STYLE in atom-one-dark: hljs-tag
WARNING MISSING STYLE in atom-one-dark: hljs-tag
WARNING MISSING STYLE in atom-one-dark: hljs-tag
WARNING MISSING STYLE in atom-one-dark: hljs-tag
WARNING MISSING STYLE in atom-one-dark: hljs-tag
WARNING MISSING STYLE in atom-one-dark: hljs-tag
WARNING MISSING STYLE in atom-one-dark: hljs-tag
WARNING MISSING STYLE in atom-one-dark: hljs-tag
WARNING MISSING STYLE in atom-one-dark: hljs-tag
WARNING MISSING STYLE in atom-one-dark: hljs-tag
WARNING MISSING STYLE in atom-one-dark: hljs-tag
WARNING MISSING STYLE in atom-one-dark: hljs-tag
WARNING MISSING STYLE in atom-one-dark: hljs-tag
WARNING MISSING STYLE in atom-one-dark: hljs-tag
WARNING MISSING STYLE in atom-one-dark: hljs-tag
WARNING MISSING STYLE in atom-one-dark: hljs-tag
WARNING MISSING STYLE in atom-one-dark: hljs-tag
WARNING MISSING STYLE in atom-one-dark: hljs-tag
WARNING MISSING STYLE in atom-one-dark: hljs-tag
WARNING MISSING STYLE in atom-one-dark: hljs-tag
WARNING MISSING STYLE in atom-one-dark: hljs-tag
WARNING MISSING STYLE in atom-one-dark: hljs-tag
WARNING MISSING STYLE in atom-one-dark: hljs-tag
WARNING MISSING STYLE in atom-one-dark: hljs-tag
WARNING MISSING STYLE in atom-one-dark: hljs-tag
WARNING MISSING STYLE in atom-one-dark: hljs-tag
WARNING MISSING STYLE in atom-one-dark: hljs-tag
WARNING MISSING STYLE in atom-one-dark: hljs-tag
WARNING MISSING STYLE in atom-one-dark: hljs-punctuation
WARNING MISSING STYLE in atom-one-dark: hljs-punctuation
WARNING MISSING STYLE in atom-one-dark: hljs-punctuation
WARNING MISSING STYLE in atom-one-dark: hljs-punctuation
WARNING MISSING STYLE in atom-one-dark: hljs-punctuation
WARNING MISSING STYLE in atom-one-dark: hljs-punctuation
WARNING MISSING STYLE in atom-one-dark: hljs-punctuation
WARNING MISSING STYLE in atom-one-dark: hljs-punctuation
WARNING MISSING STYLE in atom-one-dark: hljs-punctuation
WARNING MISSING STYLE in atom-one-dark: hljs-punctuation
WARNING MISSING STYLE in atom-one-dark: hljs-punctuation
WARNING MISSING STYLE in atom-one-dark: hljs-punctuation
WARNING MISSING STYLE in atom-one-dark: hljs-punctuation
WARNING MISSING STYLE in atom-one-dark: hljs-punctuation
WARNING MISSING STYLE in atom-one-dark: hljs-punctuation
WARNING MISSING STYLE in atom-one-dark: hljs-punctuation
WARNING MISSING STYLE in atom-one-dark: hljs-punctuation
WARNING MISSING STYLE in atom-one-dark: hljs-punctuation
WARNING MISSING STYLE in atom-one-dark: hljs-punctuation
WARNING MISSING STYLE in atom-one-dark: hljs-punctuation
WARNING MISSING STYLE in atom-one-dark: hljs-punctuation
WARNING MISSING STYLE in atom-one-dark: hljs-operator
WARNING MISSING STYLE in atom-one-dark: hljs-operator
WARNING MISSING STYLE in atom-one-dark: hljs-params
WARNING MISSING STYLE in atom-one-dark: hljs-function
WARNING MISSING STYLE in atom-one-dark: hljs-function
WARNING MISSING STYLE in atom-one-dark: hljs-function
WARNING MISSING STYLE in atom-one-dark: hljs-function
WARNING MISSING STYLE in atom-one-dark: hljs-operator
WARNING MISSING STYLE in atom-one-dark: hljs-operator
WARNING MISSING STYLE in atom-one-dark: hljs-operator
WARNING MISSING STYLE in atom-one-dark: hljs-operator
WARNING MISSING STYLE in atom-one-dark: hljs-operator
WARNING MISSING STYLE in atom-one-dark: hljs-operator
WARNING MISSING STYLE in atom-one-dark: hljs-operator
WARNING MISSING STYLE in atom-one-dark: hljs-operator
WARNING MISSING STYLE in atom-one-dark: hljs-operator
WARNING MISSING STYLE in atom-one-dark: hljs-operator
WARNING MISSING STYLE in atom-one-dark: hljs-operator
WARNING MISSING STYLE in atom-one-dark: hljs-operator
WARNING MISSING STYLE in atom-one-dark: hljs-operator
WARNING MISSING STYLE in atom-one-dark: hljs-operator
WARNING MISSING STYLE in atom-one-dark: hljs-operator
WARNING MISSING STYLE in atom-one-dark: hljs-operator
WARNING MISSING STYLE in atom-one-dark: hljs-operator
WARNING MISSING STYLE in atom-one-dark: hljs-operator
WARNING MISSING STYLE in atom-one-dark: hljs-operator
WARNING MISSING STYLE in atom-one-dark: hljs-operator
WARNING MISSING STYLE in atom-one-dark: hljs-operator
WARNING MISSING STYLE in atom-one-dark: hljs-operator
WARNING MISSING STYLE in atom-one-dark: hljs-operator
WARNING MISSING STYLE in atom-one-dark: hljs-operator
WARNING MISSING STYLE in atom-one-dark: hljs-operator
WARNING MISSING STYLE in atom-one-dark: hljs-operator
WARNING MISSING STYLE in atom-one-dark: hljs-operator
WARNING MISSING STYLE in atom-one-dark: hljs-operator
WARNING MISSING STYLE in atom-one-dark: hljs-operator
WARNING MISSING STYLE in atom-one-dark: hljs-operator
CHAT_BENCHMARK_TRACE transcript warm
CHAT_BENCHMARK_TRACE native geometry rows=5851 measured=5851 width=760.0 totalHeight=967374.0 elapsed=4.517528 seconds
CHAT_BENCHMARK_TRACE benchmark start: real-cruise-1200pps
CHAT_BENCHMARK_TRACE native geometry rows=5851 measured=0 width=760.0 totalHeight=967374.0 elapsed=0.02192275 seconds
CHAT_BENCHMARK_TRACE anchor row=4800 offset=793392.0 range=(minY: 0.0, maxY: 966600.0)
CHAT_BENCHMARK_TRACE nativeMounts=153 hostingMounts=20 resident=23 pooled=4
CHAT_BENCHMARK_TRACE CHAT_BENCHMARK_RESULT {"averageFPS":118.84980662148689,"displayMaximumFPS":120,"durationSeconds":20.00003254166222,"expectedFrameMilliseconds":8.333333333333334,"frameCount":2378,"hitchCount":13,"hitchTimeMillisecondsPerSecond":9.202574610423474,"label":"real-cruise-1200pps","maxFrameMilliseconds":36.54479167016689,"measurementKind":"displayLinkCallbacks","p50FrameMilliseconds":8.333333331393078,"p95FrameMilliseconds":8.333333345944993,"p99FrameMilliseconds":8.333333345944993}
CHAT_BENCHMARK_RESULT {"averageFPS":118.84980662148689,"displayMaximumFPS":120,"durationSeconds":20.00003254166222,"expectedFrameMilliseconds":8.333333333333334,"frameCount":2378,"hitchCount":13,"hitchTimeMillisecondsPerSecond":9.202574610423474,"label":"real-cruise-1200pps","maxFrameMilliseconds":36.54479167016689,"measurementKind":"displayLinkCallbacks","p50FrameMilliseconds":8.333333331393078,"p95FrameMilliseconds":8.333333345944993,"p99FrameMilliseconds":8.333333345944993}
CHAT_BENCHMARK_TRACE benchmark start: real-scroll-3000pps
CHAT_BENCHMARK_TRACE anchor row=4800 offset=793392.0 range=(minY: 0.0, maxY: 966600.0)
CHAT_BENCHMARK_TRACE nativeMounts=537 hostingMounts=62 resident=23 pooled=4
CHAT_BENCHMARK_TRACE CHAT_BENCHMARK_RESULT {"averageFPS":119.70800870846203,"displayMaximumFPS":120,"durationSeconds":24.000065083338995,"expectedFrameMilliseconds":8.333333333333334,"frameCount":2874,"hitchCount":7,"hitchTimeMillisecondsPerSecond":2.601036348369117,"label":"real-scroll-3000pps","maxFrameMilliseconds":17.74937499430962,"measurementKind":"displayLinkCallbacks","p50FrameMilliseconds":8.333333331393078,"p95FrameMilliseconds":8.333333345944993,"p99FrameMilliseconds":8.333333345944993}
CHAT_BENCHMARK_RESULT {"averageFPS":119.70800870846203,"displayMaximumFPS":120,"durationSeconds":24.000065083338995,"expectedFrameMilliseconds":8.333333333333334,"frameCount":2874,"hitchCount":7,"hitchTimeMillisecondsPerSecond":2.601036348369117,"label":"real-scroll-3000pps","maxFrameMilliseconds":17.74937499430962,"measurementKind":"displayLinkCallbacks","p50FrameMilliseconds":8.333333331393078,"p95FrameMilliseconds":8.333333345944993,"p99FrameMilliseconds":8.333333345944993}
CHAT_BENCHMARK_TRACE benchmark start: real-fling-8000pps
CHAT_BENCHMARK_TRACE anchor row=4800 offset=793392.0 range=(minY: 0.0, maxY: 966600.0)
CHAT_BENCHMARK_TRACE nativeMounts=1240 hostingMounts=140 resident=23 pooled=4
CHAT_BENCHMARK_TRACE CHAT_BENCHMARK_RESULT {"averageFPS":119.3122529864236,"displayMaximumFPS":120,"durationSeconds":16.000033124990296,"expectedFrameMilliseconds":8.333333333333334,"frameCount":1910,"hitchCount":10,"hitchTimeMillisecondsPerSecond":5.962836613681131,"label":"real-fling-8000pps","maxFrameMilliseconds":22.14349999849219,"measurementKind":"displayLinkCallbacks","p50FrameMilliseconds":8.333333331393078,"p95FrameMilliseconds":8.333333345944993,"p99FrameMilliseconds":8.333333345944993}
CHAT_BENCHMARK_RESULT {"averageFPS":119.3122529864236,"displayMaximumFPS":120,"durationSeconds":16.000033124990296,"expectedFrameMilliseconds":8.333333333333334,"frameCount":1910,"hitchCount":10,"hitchTimeMillisecondsPerSecond":5.962836613681131,"label":"real-fling-8000pps","maxFrameMilliseconds":22.14349999849219,"measurementKind":"displayLinkCallbacks","p50FrameMilliseconds":8.333333331393078,"p95FrameMilliseconds":8.333333345944993,"p99FrameMilliseconds":8.333333345944993}
CHAT_BENCHMARK_TRACE CHAT_BENCHMARK_COMPLETE
CHAT_BENCHMARK_COMPLETE
