CHAT_BENCHMARK_TRACE real-thread benchmark start: Synthetic benchmark transcript
CHAT_BENCHMARK_TRACE real-thread benchmark thread: synthetic-benchmark-thread Synthetic benchmark transcript
CHAT_BENCHMARK_TRACE transcript warm started
CHAT_BENCHMARK_TRACE prepare rows=107 requests=56 code=44 tables=2
CHAT_BENCHMARK_TRACE transcript warm started
CHAT_BENCHMARK_TRACE prepare rows=5850 requests=3050 code=2350 tables=150
CHAT_BENCHMARK_TRACE transcript warm
CHAT_BENCHMARK_TRACE native table automatic=false bounds=(0.0, 0.0, 1204.0, 982524.0) row4800=(0.0, 815030.8936877076, 1204.0, 136.0)
CHAT_BENCHMARK_TRACE native geometry rows=5850 width=760.0 totalHeight=967350.0 elapsed=5.133549375 seconds
CHAT_BENCHMARK_TRACE benchmark start: real-cruise-1200pps
CHAT_BENCHMARK_TRACE anchor row=4800 offset=815030.8936877076 range=(minY: 0.0, maxY: 995094.0)
CHAT_BENCHMARK_TRACE CHAT_BENCHMARK_RESULT {"averageFPS":115.99943208612194,"displayMaximumFPS":120,"durationSeconds":20.000097916665254,"expectedFrameMilliseconds":8.333333333333334,"frameCount":2321,"hitchCount":80,"hitchTimeMillisecondsPerSecond":33.33317013872008,"label":"real-cruise-1200pps","maxFrameMilliseconds":16.666666691889986,"measurementKind":"displayLinkCallbacks","p50FrameMilliseconds":8.333333331393078,"p95FrameMilliseconds":8.333333360496908,"p99FrameMilliseconds":16.666666662786156}
CHAT_BENCHMARK_RESULT {"averageFPS":115.99943208612194,"displayMaximumFPS":120,"durationSeconds":20.000097916665254,"expectedFrameMilliseconds":8.333333333333334,"frameCount":2321,"hitchCount":80,"hitchTimeMillisecondsPerSecond":33.33317013872008,"label":"real-cruise-1200pps","maxFrameMilliseconds":16.666666691889986,"measurementKind":"displayLinkCallbacks","p50FrameMilliseconds":8.333333331393078,"p95FrameMilliseconds":8.333333360496908,"p99FrameMilliseconds":16.666666662786156}
CHAT_BENCHMARK_TRACE benchmark start: real-scroll-3000pps
CHAT_BENCHMARK_TRACE anchor row=4800 offset=815030.8936877076 range=(minY: 0.0, maxY: 995094.0)
CHAT_BENCHMARK_TRACE CHAT_BENCHMARK_RESULT {"averageFPS":108.95685384250025,"displayMaximumFPS":120,"durationSeconds":24.009503833338385,"expectedFrameMilliseconds":8.333333333333334,"frameCount":2617,"hitchCount":248,"hitchTimeMillisecondsPerSecond":90.36901831907015,"label":"real-scroll-3000pps","maxFrameMilliseconds":28.18879167898558,"measurementKind":"displayLinkCallbacks","p50FrameMilliseconds":8.333333331393078,"p95FrameMilliseconds":16.666666662786156,"p99FrameMilliseconds":16.666666691889986}
CHAT_BENCHMARK_RESULT {"averageFPS":108.95685384250025,"displayMaximumFPS":120,"durationSeconds":24.009503833338385,"expectedFrameMilliseconds":8.333333333333334,"frameCount":2617,"hitchCount":248,"hitchTimeMillisecondsPerSecond":90.36901831907015,"label":"real-scroll-3000pps","maxFrameMilliseconds":28.18879167898558,"measurementKind":"displayLinkCallbacks","p50FrameMilliseconds":8.333333331393078,"p95FrameMilliseconds":16.666666662786156,"p99FrameMilliseconds":16.666666691889986}
CHAT_BENCHMARK_TRACE benchmark start: real-fling-8000pps
CHAT_BENCHMARK_TRACE anchor row=4800 offset=819216.0465116279 range=(minY: 0.0, maxY: 998231.0)
CHAT_BENCHMARK_TRACE CHAT_BENCHMARK_RESULT {"averageFPS":93.49959897438401,"displayMaximumFPS":120,"durationSeconds":16.000068624998676,"expectedFrameMilliseconds":8.333333333333334,"frameCount":1497,"hitchCount":371,"hitchTimeMillisecondsPerSecond":219.21235925644243,"label":"real-fling-8000pps","maxFrameMilliseconds":29.01366667356342,"measurementKind":"displayLinkCallbacks","p50FrameMilliseconds":8.333333331393078,"p95FrameMilliseconds":20.34979168092832,"p99FrameMilliseconds":22.434541664551944}
CHAT_BENCHMARK_RESULT {"averageFPS":93.49959897438401,"displayMaximumFPS":120,"durationSeconds":16.000068624998676,"expectedFrameMilliseconds":8.333333333333334,"frameCount":1497,"hitchCount":371,"hitchTimeMillisecondsPerSecond":219.21235925644243,"label":"real-fling-8000pps","maxFrameMilliseconds":29.01366667356342,"measurementKind":"displayLinkCallbacks","p50FrameMilliseconds":8.333333331393078,"p95FrameMilliseconds":20.34979168092832,"p99FrameMilliseconds":22.434541664551944}
CHAT_BENCHMARK_TRACE CHAT_BENCHMARK_COMPLETE
CHAT_BENCHMARK_COMPLETE
