CHAT_BENCHMARK_TRACE real-thread benchmark start: Synthetic benchmark transcript
CHAT_BENCHMARK_TRACE real-thread benchmark thread: synthetic-benchmark-thread Synthetic benchmark transcript
CHAT_BENCHMARK_TRACE transcript warm started
CHAT_BENCHMARK_TRACE prepare rows=107 requests=56 code=44 tables=2
CHAT_BENCHMARK_TRACE transcript warm started
CHAT_BENCHMARK_TRACE prepare rows=5850 requests=3050 code=2350 tables=150
CHAT_BENCHMARK_TRACE transcript warm
CHAT_BENCHMARK_TRACE native geometry rows=5850 width=760.0 totalHeight=967350.0 elapsed=5.310753583 seconds
CHAT_BENCHMARK_TRACE benchmark start: real-cruise-1200pps
CHAT_BENCHMARK_TRACE anchor row=4800 offset=793392.0 range=(minY: 0.0, maxY: 966576.0)
CHAT_BENCHMARK_TRACE CHAT_BENCHMARK_RESULT {"averageFPS":41.90744456160432,"displayMaximumFPS":120,"durationSeconds":20.020309249986894,"expectedFrameMilliseconds":8.333333333333334,"frameCount":840,"hitchCount":738,"hitchTimeMillisecondsPerSecond":640.6522354275479,"label":"full-history-scrub-2.0s-20.0s","maxFrameMilliseconds":49.404249992221594,"measurementKind":"displayLinkCallbacks","p50FrameMilliseconds":24.76574998581782,"p95FrameMilliseconds":34.485749987652525,"p99FrameMilliseconds":38.40204168227501}
CHAT_BENCHMARK_RESULT {"averageFPS":41.90744456160432,"displayMaximumFPS":120,"durationSeconds":20.020309249986894,"expectedFrameMilliseconds":8.333333333333334,"frameCount":840,"hitchCount":738,"hitchTimeMillisecondsPerSecond":640.6522354275479,"label":"full-history-scrub-2.0s-20.0s","maxFrameMilliseconds":49.404249992221594,"measurementKind":"displayLinkCallbacks","p50FrameMilliseconds":24.76574998581782,"p95FrameMilliseconds":34.485749987652525,"p99FrameMilliseconds":38.40204168227501}
CHAT_BENCHMARK_TRACE benchmark start: real-scroll-3000pps
CHAT_BENCHMARK_TRACE anchor row=4800 offset=793392.0 range=(minY: 0.0, maxY: 966576.0)
CHAT_BENCHMARK_TRACE CHAT_BENCHMARK_RESULT {"averageFPS":40.297901369472115,"displayMaximumFPS":120,"durationSeconds":24.045917208335595,"expectedFrameMilliseconds":8.333333333333334,"frameCount":970,"hitchCount":880,"hitchTimeMillisecondsPerSecond":656.7204626870832,"label":"full-history-scrub-2.0s-24.0s","maxFrameMilliseconds":57.03645834000781,"measurementKind":"displayLinkCallbacks","p50FrameMilliseconds":25.37420831504278,"p95FrameMilliseconds":35.64762498717755,"p99FrameMilliseconds":38.93679165048525}
CHAT_BENCHMARK_RESULT {"averageFPS":40.297901369472115,"displayMaximumFPS":120,"durationSeconds":24.045917208335595,"expectedFrameMilliseconds":8.333333333333334,"frameCount":970,"hitchCount":880,"hitchTimeMillisecondsPerSecond":656.7204626870832,"label":"full-history-scrub-2.0s-24.0s","maxFrameMilliseconds":57.03645834000781,"measurementKind":"displayLinkCallbacks","p50FrameMilliseconds":25.37420831504278,"p95FrameMilliseconds":35.64762498717755,"p99FrameMilliseconds":38.93679165048525}
CHAT_BENCHMARK_TRACE benchmark start: real-fling-8000pps
CHAT_BENCHMARK_TRACE anchor row=4800 offset=793392.0 range=(minY: 0.0, maxY: 966576.0)
CHAT_BENCHMARK_TRACE CHAT_BENCHMARK_RESULT {"averageFPS":41.592033764116906,"displayMaximumFPS":120,"durationSeconds":16.012681749998592,"expectedFrameMilliseconds":8.333333333333334,"frameCount":667,"hitchCount":599,"hitchTimeMillisecondsPerSecond":644.056774973649,"label":"full-history-scrub-2.0s-16.0s","maxFrameMilliseconds":59.23383333720267,"measurementKind":"displayLinkCallbacks","p50FrameMilliseconds":24.656541674630716,"p95FrameMilliseconds":34.32720832643099,"p99FrameMilliseconds":39.555416675284505}
CHAT_BENCHMARK_RESULT {"averageFPS":41.592033764116906,"displayMaximumFPS":120,"durationSeconds":16.012681749998592,"expectedFrameMilliseconds":8.333333333333334,"frameCount":667,"hitchCount":599,"hitchTimeMillisecondsPerSecond":644.056774973649,"label":"full-history-scrub-2.0s-16.0s","maxFrameMilliseconds":59.23383333720267,"measurementKind":"displayLinkCallbacks","p50FrameMilliseconds":24.656541674630716,"p95FrameMilliseconds":34.32720832643099,"p99FrameMilliseconds":39.555416675284505}
CHAT_BENCHMARK_TRACE CHAT_BENCHMARK_COMPLETE
CHAT_BENCHMARK_COMPLETE
