CHAT_BENCHMARK_TRACE real-thread benchmark start: Synthetic benchmark transcript
CHAT_BENCHMARK_TRACE real-thread benchmark thread: synthetic-benchmark-thread Synthetic benchmark transcript
CHAT_BENCHMARK_TRACE transcript warm started
CHAT_BENCHMARK_TRACE prepare rows=107 requests=56 code=44 tables=2
CHAT_BENCHMARK_TRACE transcript warm started
CHAT_BENCHMARK_TRACE prepare rows=5850 requests=3050 code=2350 tables=150
CHAT_BENCHMARK_TRACE transcript warm
CHAT_BENCHMARK_TRACE native geometry rows=5850 width=760.0 totalHeight=967350.0 elapsed=5.051330042 seconds
CHAT_BENCHMARK_TRACE benchmark start: real-cruise-1200pps
CHAT_BENCHMARK_TRACE anchor row=4800 offset=793392.0 range=(minY: 0.0, maxY: 966576.0)
CHAT_BENCHMARK_TRACE CHAT_BENCHMARK_RESULT {"averageFPS":113.0496318821298,"displayMaximumFPS":120,"durationSeconds":20.00006512500113,"expectedFrameMilliseconds":8.333333333333334,"frameCount":2262,"hitchCount":104,"hitchTimeMillisecondsPerSecond":53.76822491975717,"label":"real-cruise-1200pps","maxFrameMilliseconds":24.657416652189568,"measurementKind":"displayLinkCallbacks","p50FrameMilliseconds":8.333333331393078,"p95FrameMilliseconds":11.978124995948747,"p99FrameMilliseconds":21.453416673466563}
CHAT_BENCHMARK_RESULT {"averageFPS":113.0496318821298,"displayMaximumFPS":120,"durationSeconds":20.00006512500113,"expectedFrameMilliseconds":8.333333333333334,"frameCount":2262,"hitchCount":104,"hitchTimeMillisecondsPerSecond":53.76822491975717,"label":"real-cruise-1200pps","maxFrameMilliseconds":24.657416652189568,"measurementKind":"displayLinkCallbacks","p50FrameMilliseconds":8.333333331393078,"p95FrameMilliseconds":11.978124995948747,"p99FrameMilliseconds":21.453416673466563}
CHAT_BENCHMARK_TRACE benchmark start: real-scroll-3000pps
CHAT_BENCHMARK_TRACE anchor row=4800 offset=793392.0 range=(minY: 0.0, maxY: 966576.0)
CHAT_BENCHMARK_TRACE CHAT_BENCHMARK_RESULT {"averageFPS":113.3768377378923,"displayMaximumFPS":120,"durationSeconds":24.008431124995695,"expectedFrameMilliseconds":8.333333333333334,"frameCount":2723,"hitchCount":158,"hitchTimeMillisecondsPerSecond":58.89574066870607,"label":"real-scroll-3000pps","maxFrameMilliseconds":21.7852916684933,"measurementKind":"displayLinkCallbacks","p50FrameMilliseconds":8.333333331393078,"p95FrameMilliseconds":14.077708328841254,"p99FrameMilliseconds":18.99516666890122}
CHAT_BENCHMARK_RESULT {"averageFPS":113.3768377378923,"displayMaximumFPS":120,"durationSeconds":24.008431124995695,"expectedFrameMilliseconds":8.333333333333334,"frameCount":2723,"hitchCount":158,"hitchTimeMillisecondsPerSecond":58.89574066870607,"label":"real-scroll-3000pps","maxFrameMilliseconds":21.7852916684933,"measurementKind":"displayLinkCallbacks","p50FrameMilliseconds":8.333333331393078,"p95FrameMilliseconds":14.077708328841254,"p99FrameMilliseconds":18.99516666890122}
CHAT_BENCHMARK_TRACE benchmark start: real-fling-8000pps
CHAT_BENCHMARK_TRACE anchor row=4800 offset=793392.0 range=(minY: 0.0, maxY: 966576.0)
CHAT_BENCHMARK_TRACE CHAT_BENCHMARK_RESULT {"averageFPS":102.57115388380494,"displayMaximumFPS":120,"durationSeconds":16.00839941666345,"expectedFrameMilliseconds":8.333333333333334,"frameCount":1643,"hitchCount":276,"hitchTimeMillisecondsPerSecond":152.49025287155942,"label":"real-fling-8000pps","maxFrameMilliseconds":27.34470833092928,"measurementKind":"displayLinkCallbacks","p50FrameMilliseconds":8.333333331393078,"p95FrameMilliseconds":17.83604166121222,"p99FrameMilliseconds":19.30229167919606}
CHAT_BENCHMARK_RESULT {"averageFPS":102.57115388380494,"displayMaximumFPS":120,"durationSeconds":16.00839941666345,"expectedFrameMilliseconds":8.333333333333334,"frameCount":1643,"hitchCount":276,"hitchTimeMillisecondsPerSecond":152.49025287155942,"label":"real-fling-8000pps","maxFrameMilliseconds":27.34470833092928,"measurementKind":"displayLinkCallbacks","p50FrameMilliseconds":8.333333331393078,"p95FrameMilliseconds":17.83604166121222,"p99FrameMilliseconds":19.30229167919606}
CHAT_BENCHMARK_TRACE CHAT_BENCHMARK_COMPLETE
CHAT_BENCHMARK_COMPLETE
