CHAT_BENCHMARK_TRACE real-thread benchmark start: Synthetic benchmark transcript
CHAT_BENCHMARK_TRACE real-thread benchmark thread: synthetic-benchmark-thread Synthetic benchmark transcript
CHAT_BENCHMARK_TRACE transcript warm started
CHAT_BENCHMARK_TRACE prepare rows=107 requests=56 code=44 tables=2
CHAT_BENCHMARK_TRACE transcript warm started
CHAT_BENCHMARK_TRACE prepare rows=5850 requests=3050 code=2350 tables=150
CHAT_BENCHMARK_TRACE transcript warm
CHAT_BENCHMARK_TRACE native geometry rows=5850 width=760.0 totalHeight=967350.0 elapsed=5.269599625 seconds
CHAT_BENCHMARK_TRACE benchmark start: real-cruise-1200pps
CHAT_BENCHMARK_TRACE anchor row=4800 offset=793392.0 range=(minY: 0.0, maxY: 966576.0)
CHAT_BENCHMARK_TRACE CHAT_BENCHMARK_RESULT {"averageFPS":39.687999159636085,"displayMaximumFPS":120,"durationSeconds":20.031244125013473,"expectedFrameMilliseconds":8.333333333333334,"frameCount":796,"hitchCount":770,"hitchTimeMillisecondsPerSecond":666.284139254708,"label":"full-history-scrub-2.0s-20.0s","maxFrameMilliseconds":57.8231250110548,"measurementKind":"displayLinkCallbacks","p50FrameMilliseconds":24.813208350678906,"p95FrameMilliseconds":34.66800000751391,"p99FrameMilliseconds":39.375249994918704}
CHAT_BENCHMARK_RESULT {"averageFPS":39.687999159636085,"displayMaximumFPS":120,"durationSeconds":20.031244125013473,"expectedFrameMilliseconds":8.333333333333334,"frameCount":796,"hitchCount":770,"hitchTimeMillisecondsPerSecond":666.284139254708,"label":"full-history-scrub-2.0s-20.0s","maxFrameMilliseconds":57.8231250110548,"measurementKind":"displayLinkCallbacks","p50FrameMilliseconds":24.813208350678906,"p95FrameMilliseconds":34.66800000751391,"p99FrameMilliseconds":39.375249994918704}
CHAT_BENCHMARK_TRACE benchmark start: real-scroll-3000pps
CHAT_BENCHMARK_TRACE anchor row=4800 offset=793392.0 range=(minY: 0.0, maxY: 966576.0)
CHAT_BENCHMARK_TRACE CHAT_BENCHMARK_RESULT {"averageFPS":40.38904522508259,"displayMaximumFPS":120,"durationSeconds":24.041172416647896,"expectedFrameMilliseconds":8.333333333333334,"frameCount":972,"hitchCount":940,"hitchTimeMillisecondsPerSecond":660.7060732990989,"label":"full-history-scrub-2.0s-24.0s","maxFrameMilliseconds":46.57337500248104,"measurementKind":"displayLinkCallbacks","p50FrameMilliseconds":24.54258332727477,"p95FrameMilliseconds":34.73424998810515,"p99FrameMilliseconds":37.78762501315214}
CHAT_BENCHMARK_RESULT {"averageFPS":40.38904522508259,"displayMaximumFPS":120,"durationSeconds":24.041172416647896,"expectedFrameMilliseconds":8.333333333333334,"frameCount":972,"hitchCount":940,"hitchTimeMillisecondsPerSecond":660.7060732990989,"label":"full-history-scrub-2.0s-24.0s","maxFrameMilliseconds":46.57337500248104,"measurementKind":"displayLinkCallbacks","p50FrameMilliseconds":24.54258332727477,"p95FrameMilliseconds":34.73424998810515,"p99FrameMilliseconds":37.78762501315214}
CHAT_BENCHMARK_TRACE benchmark start: real-fling-8000pps
CHAT_BENCHMARK_TRACE anchor row=4800 offset=793392.0 range=(minY: 0.0, maxY: 966576.0)
CHAT_BENCHMARK_TRACE CHAT_BENCHMARK_RESULT {"averageFPS":40.319831760217745,"displayMaximumFPS":120,"durationSeconds":16.02189224999165,"expectedFrameMilliseconds":8.333333333333334,"frameCount":647,"hitchCount":581,"hitchTimeMillisecondsPerSecond":657.1361418438125,"label":"full-history-scrub-2.0s-16.0s","maxFrameMilliseconds":57.271874975413084,"measurementKind":"displayLinkCallbacks","p50FrameMilliseconds":25.72983334539458,"p95FrameMilliseconds":35.44620834873058,"p99FrameMilliseconds":38.162625016411766}
CHAT_BENCHMARK_RESULT {"averageFPS":40.319831760217745,"displayMaximumFPS":120,"durationSeconds":16.02189224999165,"expectedFrameMilliseconds":8.333333333333334,"frameCount":647,"hitchCount":581,"hitchTimeMillisecondsPerSecond":657.1361418438125,"label":"full-history-scrub-2.0s-16.0s","maxFrameMilliseconds":57.271874975413084,"measurementKind":"displayLinkCallbacks","p50FrameMilliseconds":25.72983334539458,"p95FrameMilliseconds":35.44620834873058,"p99FrameMilliseconds":38.162625016411766}
CHAT_BENCHMARK_TRACE CHAT_BENCHMARK_COMPLETE
CHAT_BENCHMARK_COMPLETE
