CHAT_BENCHMARK_TRACE real-thread benchmark start: Synthetic benchmark transcript
CHAT_BENCHMARK_TRACE real-thread benchmark thread: synthetic-benchmark-thread Synthetic benchmark transcript
CHAT_BENCHMARK_TRACE transcript warm started
CHAT_BENCHMARK_TRACE prepare rows=107 requests=56 code=44 tables=2
CHAT_BENCHMARK_TRACE transcript warm started
CHAT_BENCHMARK_TRACE prepare rows=5850 requests=3050 code=2350 tables=150
CHAT_BENCHMARK_TRACE transcript warm
CHAT_BENCHMARK_TRACE benchmark start: real-cruise-1200pps
CHAT_BENCHMARK_TRACE anchor table auto=true spacing=(17.0, 0.0) delegate=Optional(<_TtGC7SwiftUI22OutlineListCoordinatorGOS_19SelectionManagerBoxOs5Never__: 0x945ff9b00>)
CHAT_BENCHMARK_TRACE anchor row=4800 offset=259009.0204954013 range=(minY: 0.0, maxY: 344614.0)
CHAT_BENCHMARK_TRACE CHAT_BENCHMARK_RESULT {"averageFPS":114.59980995531336,"displayMaximumFPS":120,"durationSeconds":20.00003316666698,"expectedFrameMilliseconds":8.333333333333334,"frameCount":2293,"hitchCount":91,"hitchTimeMillisecondsPerSecond":44.002420778069975,"label":"real-cruise-1200pps","maxFrameMilliseconds":33.33333332557231,"measurementKind":"displayLinkCallbacks","p50FrameMilliseconds":8.333333331393078,"p95FrameMilliseconds":8.333333360496908,"p99FrameMilliseconds":20.336416666395962}
CHAT_BENCHMARK_RESULT {"averageFPS":114.59980995531336,"displayMaximumFPS":120,"durationSeconds":20.00003316666698,"expectedFrameMilliseconds":8.333333333333334,"frameCount":2293,"hitchCount":91,"hitchTimeMillisecondsPerSecond":44.002420778069975,"label":"real-cruise-1200pps","maxFrameMilliseconds":33.33333332557231,"measurementKind":"displayLinkCallbacks","p50FrameMilliseconds":8.333333331393078,"p95FrameMilliseconds":8.333333360496908,"p99FrameMilliseconds":20.336416666395962}
CHAT_BENCHMARK_TRACE benchmark start: real-scroll-3000pps
CHAT_BENCHMARK_TRACE anchor table auto=true spacing=(17.0, 0.0) delegate=Optional(<_TtGC7SwiftUI22OutlineListCoordinatorGOS_19SelectionManagerBoxOs5Never__: 0x945ff9b00>)
CHAT_BENCHMARK_TRACE anchor row=4800 offset=259009.0204954013 range=(minY: 0.0, maxY: 344614.0)
CHAT_BENCHMARK_TRACE CHAT_BENCHMARK_RESULT {"averageFPS":108.74985009144184,"displayMaximumFPS":120,"durationSeconds":24.00003308331361,"expectedFrameMilliseconds":8.333333333333334,"frameCount":2611,"hitchCount":241,"hitchTimeMillisecondsPerSecond":92.92382328720623,"label":"real-scroll-3000pps","maxFrameMilliseconds":23.21241667959839,"measurementKind":"displayLinkCallbacks","p50FrameMilliseconds":8.333333331393078,"p95FrameMilliseconds":17.25212499150075,"p99FrameMilliseconds":20.884124998701736}
CHAT_BENCHMARK_RESULT {"averageFPS":108.74985009144184,"displayMaximumFPS":120,"durationSeconds":24.00003308331361,"expectedFrameMilliseconds":8.333333333333334,"frameCount":2611,"hitchCount":241,"hitchTimeMillisecondsPerSecond":92.92382328720623,"label":"real-scroll-3000pps","maxFrameMilliseconds":23.21241667959839,"measurementKind":"displayLinkCallbacks","p50FrameMilliseconds":8.333333331393078,"p95FrameMilliseconds":17.25212499150075,"p99FrameMilliseconds":20.884124998701736}
CHAT_BENCHMARK_TRACE benchmark start: real-fling-8000pps
CHAT_BENCHMARK_TRACE anchor table auto=true spacing=(17.0, 0.0) delegate=Optional(<_TtGC7SwiftUI22OutlineListCoordinatorGOS_19SelectionManagerBoxOs5Never__: 0x945ff9b00>)
CHAT_BENCHMARK_TRACE anchor row=4800 offset=259009.0204954013 range=(minY: 0.0, maxY: 344614.0)
CHAT_BENCHMARK_TRACE stall 218 ms at offset 211475 visible=true
CHAT_BENCHMARK_TRACE stall 905 ms at offset 209726 visible=true
CHAT_BENCHMARK_TRACE stall 981 ms at offset 202485 visible=true
CHAT_BENCHMARK_TRACE stall 260 ms at offset 194636 visible=true
CHAT_BENCHMARK_TRACE stall 194 ms at offset 200544 visible=true
CHAT_BENCHMARK_TRACE CHAT_BENCHMARK_RESULT {"averageFPS":70.90327143738783,"displayMaximumFPS":120,"durationSeconds":16.050035166641464,"expectedFrameMilliseconds":8.333333333333334,"frameCount":1139,"hitchCount":399,"hitchTimeMillisecondsPerSecond":400.4994807337477,"label":"real-fling-8000pps","maxFrameMilliseconds":981.1491250002291,"measurementKind":"displayLinkCallbacks","p50FrameMilliseconds":8.333333331393078,"p95FrameMilliseconds":21.289249998517334,"p99FrameMilliseconds":27.108874986879528}
CHAT_BENCHMARK_RESULT {"averageFPS":70.90327143738783,"displayMaximumFPS":120,"durationSeconds":16.050035166641464,"expectedFrameMilliseconds":8.333333333333334,"frameCount":1139,"hitchCount":399,"hitchTimeMillisecondsPerSecond":400.4994807337477,"label":"real-fling-8000pps","maxFrameMilliseconds":981.1491250002291,"measurementKind":"displayLinkCallbacks","p50FrameMilliseconds":8.333333331393078,"p95FrameMilliseconds":21.289249998517334,"p99FrameMilliseconds":27.108874986879528}
CHAT_BENCHMARK_TRACE CHAT_BENCHMARK_COMPLETE
CHAT_BENCHMARK_COMPLETE
