CHAT_BENCHMARK_TRACE real-thread benchmark start: Synthetic benchmark transcript
CHAT_BENCHMARK_TRACE real-thread benchmark thread: synthetic-benchmark-thread Synthetic benchmark transcript
CHAT_BENCHMARK_TRACE transcript warm started
CHAT_BENCHMARK_TRACE prepare rows=107 requests=56 code=44 tables=2
CHAT_BENCHMARK_TRACE transcript warm started
CHAT_BENCHMARK_TRACE prepare rows=5850 requests=3050 code=2350 tables=150
CHAT_BENCHMARK_TRACE transcript warm
CHAT_BENCHMARK_TRACE native geometry rows=5851 measured=5851 width=760.0 totalHeight=967374.0 elapsed=5.583614334 seconds
CHAT_BENCHMARK_TRACE transcript warm started
CHAT_BENCHMARK_TRACE prepare rows=5853 requests=3051 code=2350 tables=150
CHAT_BENCHMARK_TRACE transcript warm
CHAT_BENCHMARK_TRACE native geometry rows=5855 measured=4 width=760.0 totalHeight=967517.0 elapsed=0.036431167 seconds
CHAT_BENCHMARK_TRACE benchmark start: production-stream-20000chars
CHAT_BENCHMARK_TRACE transcript warm started
CHAT_BENCHMARK_TRACE prepare rows=5923 requests=3087 code=2385 tables=151
CHAT_BENCHMARK_TRACE transcript warm
CHAT_BENCHMARK_TRACE native geometry rows=5924 measured=72 width=760.0 totalHeight=980604.0 elapsed=0.104090542 seconds
CHAT_BENCHMARK_TRACE CHAT_BENCHMARK_RESULT {"averageFPS":114.82439751847527,"displayMaximumFPS":120,"durationSeconds":22.800032541679684,"expectedFrameMilliseconds":8.333333333333334,"frameCount":2619,"hitchCount":94,"hitchTimeMillisecondsPerSecond":42.27963263299426,"label":"production-stream-20000chars","maxFrameMilliseconds":46.213708352297544,"measurementKind":"displayLinkCallbacks","p50FrameMilliseconds":8.333333331393078,"p95FrameMilliseconds":8.333333360496908,"p99FrameMilliseconds":20.26241665589623}
CHAT_BENCHMARK_RESULT {"averageFPS":114.82439751847527,"displayMaximumFPS":120,"durationSeconds":22.800032541679684,"expectedFrameMilliseconds":8.333333333333334,"frameCount":2619,"hitchCount":94,"hitchTimeMillisecondsPerSecond":42.27963263299426,"label":"production-stream-20000chars","maxFrameMilliseconds":46.213708352297544,"measurementKind":"displayLinkCallbacks","p50FrameMilliseconds":8.333333331393078,"p95FrameMilliseconds":8.333333360496908,"p99FrameMilliseconds":20.26241665589623}
CHAT_BENCHMARK_TRACE stream sourceMatches=true completed=true
CHAT_BENCHMARK_TRACE CHAT_BENCHMARK_COMPLETE
CHAT_BENCHMARK_COMPLETE
