CHAT_BENCHMARK_TRACE real-thread benchmark start: Synthetic benchmark transcript
CHAT_BENCHMARK_TRACE real-thread benchmark thread: synthetic-benchmark-thread Synthetic benchmark transcript
CHAT_BENCHMARK_TRACE transcript warm started
CHAT_BENCHMARK_TRACE prepare rows=107 requests=56 code=44 tables=2
CHAT_BENCHMARK_TRACE transcript warm started
CHAT_BENCHMARK_TRACE prepare rows=5850 requests=3050 code=2350 tables=150
CHAT_BENCHMARK_TRACE transcript warm
CHAT_BENCHMARK_TRACE native geometry rows=5850 width=760.0 totalHeight=967350.0 elapsed=5.253517583000001 seconds
CHAT_BENCHMARK_TRACE benchmark start: real-cruise-1200pps
CHAT_BENCHMARK_TRACE anchor row=4800 offset=793392.0 range=(minY: 0.0, maxY: 966576.0)
CHAT_BENCHMARK_TRACE CHAT_BENCHMARK_RESULT {"averageFPS":118.99960110344236,"displayMaximumFPS":120,"durationSeconds":20.000067041662987,"expectedFrameMilliseconds":8.333333333333334,"frameCount":2381,"hitchCount":19,"hitchTimeMillisecondsPerSecond":8.497402768519743,"label":"real-cruise-1200pps","maxFrameMilliseconds":21.045166649855673,"measurementKind":"displayLinkCallbacks","p50FrameMilliseconds":8.333333331393078,"p95FrameMilliseconds":8.333333360496908,"p99FrameMilliseconds":8.333333360496908}
CHAT_BENCHMARK_RESULT {"averageFPS":118.99960110344236,"displayMaximumFPS":120,"durationSeconds":20.000067041662987,"expectedFrameMilliseconds":8.333333333333334,"frameCount":2381,"hitchCount":19,"hitchTimeMillisecondsPerSecond":8.497402768519743,"label":"real-cruise-1200pps","maxFrameMilliseconds":21.045166649855673,"measurementKind":"displayLinkCallbacks","p50FrameMilliseconds":8.333333331393078,"p95FrameMilliseconds":8.333333360496908,"p99FrameMilliseconds":8.333333360496908}
CHAT_BENCHMARK_TRACE benchmark start: real-scroll-3000pps
CHAT_BENCHMARK_TRACE anchor row=4800 offset=793392.0 range=(minY: 0.0, maxY: 966576.0)
CHAT_BENCHMARK_TRACE CHAT_BENCHMARK_RESULT {"averageFPS":116.99954297046035,"displayMaximumFPS":120,"durationSeconds":24.000093750015367,"expectedFrameMilliseconds":8.333333333333334,"frameCount":2809,"hitchCount":69,"hitchTimeMillisecondsPerSecond":25.296602571962854,"label":"real-scroll-3000pps","maxFrameMilliseconds":21.42283332068473,"measurementKind":"displayLinkCallbacks","p50FrameMilliseconds":8.333333331393078,"p95FrameMilliseconds":8.333333360496908,"p99FrameMilliseconds":17.33962498838082}
CHAT_BENCHMARK_RESULT {"averageFPS":116.99954297046035,"displayMaximumFPS":120,"durationSeconds":24.000093750015367,"expectedFrameMilliseconds":8.333333333333334,"frameCount":2809,"hitchCount":69,"hitchTimeMillisecondsPerSecond":25.296602571962854,"label":"real-scroll-3000pps","maxFrameMilliseconds":21.42283332068473,"measurementKind":"displayLinkCallbacks","p50FrameMilliseconds":8.333333331393078,"p95FrameMilliseconds":8.333333360496908,"p99FrameMilliseconds":17.33962498838082}
CHAT_BENCHMARK_TRACE benchmark start: real-fling-8000pps
CHAT_BENCHMARK_TRACE anchor row=4800 offset=793392.0 range=(minY: 0.0, maxY: 966576.0)
CHAT_BENCHMARK_TRACE CHAT_BENCHMARK_RESULT {"averageFPS":118.81199814321111,"displayMaximumFPS":120,"durationSeconds":16.000067583314376,"expectedFrameMilliseconds":8.333333333333334,"frameCount":1902,"hitchCount":19,"hitchTimeMillisecondsPerSecond":10.122774956802608,"label":"real-fling-8000pps","maxFrameMilliseconds":17.94979168334976,"measurementKind":"displayLinkCallbacks","p50FrameMilliseconds":8.333333331393078,"p95FrameMilliseconds":8.333333360496908,"p99FrameMilliseconds":8.367541653569788}
CHAT_BENCHMARK_RESULT {"averageFPS":118.81199814321111,"displayMaximumFPS":120,"durationSeconds":16.000067583314376,"expectedFrameMilliseconds":8.333333333333334,"frameCount":1902,"hitchCount":19,"hitchTimeMillisecondsPerSecond":10.122774956802608,"label":"real-fling-8000pps","maxFrameMilliseconds":17.94979168334976,"measurementKind":"displayLinkCallbacks","p50FrameMilliseconds":8.333333331393078,"p95FrameMilliseconds":8.333333360496908,"p99FrameMilliseconds":8.367541653569788}
CHAT_BENCHMARK_TRACE CHAT_BENCHMARK_COMPLETE
CHAT_BENCHMARK_COMPLETE
