CHAT_BENCHMARK_TRACE real-thread benchmark start: Synthetic benchmark transcript
CHAT_BENCHMARK_TRACE transcript warm started
CHAT_BENCHMARK_TRACE prepare rows=107 requests=56 code=44 tables=2
CHAT_BENCHMARK_TRACE transcript warm started
CHAT_BENCHMARK_TRACE benchmark viewport verified content=(1280.0, 900.0) frame=(116.0, 36.0, 1280.0, 900.0)
CHAT_BENCHMARK_TRACE real-thread benchmark thread: synthetic-benchmark-thread Synthetic benchmark transcript
CHAT_BENCHMARK_TRACE prepare rows=5850 requests=3050 code=2350 tables=150
WARNING MISSING STYLE in atom-one-dark: hljs-params
WARNING MISSING STYLE in atom-one-dark: hljs-operator
WARNING MISSING STYLE in atom-one-dark: hljs-operator
WARNING MISSING STYLE in atom-one-dark: hljs-params
WARNING MISSING STYLE in atom-one-dark: hljs-params
WARNING MISSING STYLE in atom-one-dark: hljs-params
WARNING MISSING STYLE in atom-one-dark: hljs-operator
WARNING MISSING STYLE in atom-one-dark: hljs-operator
WARNING MISSING STYLE in atom-one-dark: hljs-params
WARNING MISSING STYLE in atom-one-dark: hljs-operator
WARNING MISSING STYLE in atom-one-dark: hljs-params
WARNING MISSING STYLE in atom-one-dark: hljs-params
WARNING MISSING STYLE in atom-one-dark: hljs-params
WARNING MISSING STYLE in atom-one-dark: hljs-params
WARNING MISSING STYLE in atom-one-dark: hljs-params
WARNING MISSING STYLE in atom-one-dark: hljs-params
WARNING MISSING STYLE in atom-one-dark: hljs-params
WARNING MISSING STYLE in atom-one-dark: hljs-property
WARNING MISSING STYLE in atom-one-dark: hljs-property
WARNING MISSING STYLE in atom-one-dark: hljs-params
WARNING MISSING STYLE in atom-one-dark: hljs-params
WARNING MISSING STYLE in atom-one-dark: hljs-params
WARNING MISSING STYLE in atom-one-dark: hljs-params
WARNING MISSING STYLE in atom-one-dark: hljs-params
WARNING MISSING STYLE in atom-one-dark: hljs-function
WARNING MISSING STYLE in atom-one-dark: hljs-function
WARNING MISSING STYLE in atom-one-dark: hljs-function
WARNING MISSING STYLE in atom-one-dark: hljs-function
WARNING MISSING STYLE in atom-one-dark: hljs-params
WARNING MISSING STYLE in atom-one-dark: hljs-function
WARNING MISSING STYLE in atom-one-dark: hljs-params
WARNING MISSING STYLE in atom-one-dark: hljs-function
WARNING MISSING STYLE in atom-one-dark: hljs-params
WARNING MISSING STYLE in atom-one-dark: hljs-function
WARNING MISSING STYLE in atom-one-dark: hljs-params
WARNING MISSING STYLE in atom-one-dark: hljs-function
WARNING MISSING STYLE in atom-one-dark: hljs-params
WARNING MISSING STYLE in atom-one-dark: hljs-function
WARNING MISSING STYLE in atom-one-dark: hljs-function
WARNING MISSING STYLE in atom-one-dark: hljs-function
WARNING MISSING STYLE in atom-one-dark: hljs-function
WARNING MISSING STYLE in atom-one-dark: hljs-params
WARNING MISSING STYLE in atom-one-dark: hljs-function
WARNING MISSING STYLE in atom-one-dark: hljs-params
WARNING MISSING STYLE in atom-one-dark: hljs-function
WARNING MISSING STYLE in atom-one-dark: hljs-params
WARNING MISSING STYLE in atom-one-dark: hljs-tag
WARNING MISSING STYLE in atom-one-dark: hljs-tag
WARNING MISSING STYLE in atom-one-dark: hljs-tag
WARNING MISSING STYLE in atom-one-dark: hljs-tag
WARNING MISSING STYLE in atom-one-dark: hljs-tag
WARNING MISSING STYLE in atom-one-dark: hljs-tag
WARNING MISSING STYLE in atom-one-dark: hljs-tag
WARNING MISSING STYLE in atom-one-dark: hljs-tag
WARNING MISSING STYLE in atom-one-dark: hljs-tag
WARNING MISSING STYLE in atom-one-dark: hljs-tag
WARNING MISSING STYLE in atom-one-dark: hljs-tag
WARNING MISSING STYLE in atom-one-dark: hljs-tag
WARNING MISSING STYLE in atom-one-dark: hljs-tag
WARNING MISSING STYLE in atom-one-dark: hljs-tag
WARNING MISSING STYLE in atom-one-dark: hljs-tag
WARNING MISSING STYLE in atom-one-dark: hljs-tag
WARNING MISSING STYLE in atom-one-dark: hljs-tag
WARNING MISSING STYLE in atom-one-dark: hljs-tag
WARNING MISSING STYLE in atom-one-dark: hljs-tag
WARNING MISSING STYLE in atom-one-dark: hljs-tag
WARNING MISSING STYLE in atom-one-dark: hljs-tag
WARNING MISSING STYLE in atom-one-dark: hljs-tag
WARNING MISSING STYLE in atom-one-dark: hljs-tag
WARNING MISSING STYLE in atom-one-dark: hljs-tag
WARNING MISSING STYLE in atom-one-dark: hljs-tag
WARNING MISSING STYLE in atom-one-dark: hljs-tag
WARNING MISSING STYLE in atom-one-dark: hljs-tag
WARNING MISSING STYLE in atom-one-dark: hljs-tag
WARNING MISSING STYLE in atom-one-dark: hljs-punctuation
WARNING MISSING STYLE in atom-one-dark: hljs-punctuation
WARNING MISSING STYLE in atom-one-dark: hljs-punctuation
WARNING MISSING STYLE in atom-one-dark: hljs-punctuation
WARNING MISSING STYLE in atom-one-dark: hljs-punctuation
WARNING MISSING STYLE in atom-one-dark: hljs-punctuation
WARNING MISSING STYLE in atom-one-dark: hljs-punctuation
WARNING MISSING STYLE in atom-one-dark: hljs-punctuation
WARNING MISSING STYLE in atom-one-dark: hljs-punctuation
WARNING MISSING STYLE in atom-one-dark: hljs-punctuation
WARNING MISSING STYLE in atom-one-dark: hljs-punctuation
WARNING MISSING STYLE in atom-one-dark: hljs-punctuation
WARNING MISSING STYLE in atom-one-dark: hljs-punctuation
WARNING MISSING STYLE in atom-one-dark: hljs-punctuation
WARNING MISSING STYLE in atom-one-dark: hljs-punctuation
WARNING MISSING STYLE in atom-one-dark: hljs-punctuation
WARNING MISSING STYLE in atom-one-dark: hljs-punctuation
WARNING MISSING STYLE in atom-one-dark: hljs-punctuation
WARNING MISSING STYLE in atom-one-dark: hljs-punctuation
WARNING MISSING STYLE in atom-one-dark: hljs-punctuation
WARNING MISSING STYLE in atom-one-dark: hljs-punctuation
WARNING MISSING STYLE in atom-one-dark: hljs-operator
WARNING MISSING STYLE in atom-one-dark: hljs-operator
WARNING MISSING STYLE in atom-one-dark: hljs-params
WARNING MISSING STYLE in atom-one-dark: hljs-function
WARNING MISSING STYLE in atom-one-dark: hljs-function
WARNING MISSING STYLE in atom-one-dark: hljs-function
WARNING MISSING STYLE in atom-one-dark: hljs-function
WARNING MISSING STYLE in atom-one-dark: hljs-operator
WARNING MISSING STYLE in atom-one-dark: hljs-operator
WARNING MISSING STYLE in atom-one-dark: hljs-operator
WARNING MISSING STYLE in atom-one-dark: hljs-operator
WARNING MISSING STYLE in atom-one-dark: hljs-operator
WARNING MISSING STYLE in atom-one-dark: hljs-operator
WARNING MISSING STYLE in atom-one-dark: hljs-operator
WARNING MISSING STYLE in atom-one-dark: hljs-operator
WARNING MISSING STYLE in atom-one-dark: hljs-operator
WARNING MISSING STYLE in atom-one-dark: hljs-operator
WARNING MISSING STYLE in atom-one-dark: hljs-operator
WARNING MISSING STYLE in atom-one-dark: hljs-operator
WARNING MISSING STYLE in atom-one-dark: hljs-operator
WARNING MISSING STYLE in atom-one-dark: hljs-operator
WARNING MISSING STYLE in atom-one-dark: hljs-operator
WARNING MISSING STYLE in atom-one-dark: hljs-operator
WARNING MISSING STYLE in atom-one-dark: hljs-operator
WARNING MISSING STYLE in atom-one-dark: hljs-operator
WARNING MISSING STYLE in atom-one-dark: hljs-operator
WARNING MISSING STYLE in atom-one-dark: hljs-operator
WARNING MISSING STYLE in atom-one-dark: hljs-operator
WARNING MISSING STYLE in atom-one-dark: hljs-operator
WARNING MISSING STYLE in atom-one-dark: hljs-operator
WARNING MISSING STYLE in atom-one-dark: hljs-operator
WARNING MISSING STYLE in atom-one-dark: hljs-operator
WARNING MISSING STYLE in atom-one-dark: hljs-operator
WARNING MISSING STYLE in atom-one-dark: hljs-operator
WARNING MISSING STYLE in atom-one-dark: hljs-operator
WARNING MISSING STYLE in atom-one-dark: hljs-operator
WARNING MISSING STYLE in atom-one-dark: hljs-operator
CHAT_BENCHMARK_TRACE transcript warm
CHAT_BENCHMARK_TRACE native geometry rows=5851 measured=5851 width=760.0 totalHeight=967374.0 elapsed=4.610097834 seconds
CHAT_BENCHMARK_TRACE native geometry rows=5851 measured=0 width=760.0 totalHeight=967374.0 elapsed=0.02007675 seconds
CHAT_BENCHMARK_TRACE transcript warm started
CHAT_BENCHMARK_TRACE prepare rows=5850 requests=3050 code=2350 tables=150
CHAT_BENCHMARK_TRACE transcript warm
CHAT_BENCHMARK_TRACE native geometry rows=5851 measured=5851 width=688.0 totalHeight=973324.0 elapsed=4.541818917 seconds
CHAT_BENCHMARK_TRACE transcript warm started
CHAT_BENCHMARK_TRACE prepare rows=5850 requests=3050 code=2350 tables=150
CHAT_BENCHMARK_TRACE transcript warm
CHAT_BENCHMARK_TRACE native geometry rows=5851 measured=5851 width=488.0 totalHeight=1030124.0 elapsed=4.583506333 seconds
CHAT_BENCHMARK_TRACE transcript warm started
CHAT_BENCHMARK_TRACE prepare rows=5850 requests=3050 code=2350 tables=150
CHAT_BENCHMARK_TRACE transcript warm
CHAT_BENCHMARK_TRACE native geometry rows=5851 measured=5851 width=388.0 totalHeight=1067374.0 elapsed=4.551914958 seconds
CHAT_BENCHMARK_TRACE transcript warm started
CHAT_BENCHMARK_TRACE prepare rows=5850 requests=3050 code=2350 tables=150
CHAT_BENCHMARK_TRACE transcript warm
CHAT_BENCHMARK_TRACE native geometry rows=5851 measured=5851 width=760.0 totalHeight=967374.0 elapsed=4.6083695 seconds
CHAT_BENCHMARK_RESULT {"aligned":true,"label":"sessions-1","loadedChats":1,"measurementKind":"sessionMemoryCheckpoint","phase":"open","preparedAndSettledMilliseconds":30013.687125,"selectedChat":1,"selectedLayoutCount":14700,"visible":true,"windowWidth":1280}
CHAT_BENCHMARK_TRACE session checkpoint 1
CHAT_BENCHMARK_TRACE transcript warm started
CHAT_BENCHMARK_TRACE prepare rows=107 requests=56 code=44 tables=2
CHAT_BENCHMARK_TRACE transcript warm started
CHAT_BENCHMARK_TRACE prepare rows=5850 requests=3050 code=2350 tables=150
CHAT_BENCHMARK_TRACE transcript warm
CHAT_BENCHMARK_TRACE native geometry rows=5851 measured=5851 width=760.0 totalHeight=967374.0 elapsed=4.544234375 seconds
CHAT_BENCHMARK_TRACE transcript warm started
CHAT_BENCHMARK_TRACE prepare rows=5850 requests=3050 code=2350 tables=150
CHAT_BENCHMARK_TRACE layout miss id=synthetic-benchmark-2-turn-298-assistant#segment-50 width=688.0 cached=false bytes=33
CHAT_BENCHMARK_TRACE layout miss id=synthetic-benchmark-2-turn-298-assistant#segment-48 width=688.0 cached=false bytes=17
CHAT_BENCHMARK_TRACE layout miss id=synthetic-benchmark-2-turn-298-assistant#segment-46 width=688.0 cached=false bytes=26
CHAT_BENCHMARK_TRACE transcript warm
CHAT_BENCHMARK_TRACE native geometry rows=5851 measured=5851 width=688.0 totalHeight=973324.0 elapsed=4.60879775 seconds
CHAT_BENCHMARK_TRACE transcript warm started
CHAT_BENCHMARK_TRACE prepare rows=5850 requests=3050 code=2350 tables=150
CHAT_BENCHMARK_TRACE transcript warm
CHAT_BENCHMARK_TRACE native geometry rows=5851 measured=5851 width=488.0 totalHeight=1030124.0 elapsed=4.64454875 seconds
CHAT_BENCHMARK_TRACE transcript warm started
CHAT_BENCHMARK_TRACE prepare rows=5850 requests=3050 code=2350 tables=150
CHAT_BENCHMARK_TRACE transcript warm
CHAT_BENCHMARK_TRACE native geometry rows=5851 measured=5851 width=388.0 totalHeight=1067374.0 elapsed=4.61468225 seconds
CHAT_BENCHMARK_TRACE transcript warm started
CHAT_BENCHMARK_TRACE prepare rows=5850 requests=3050 code=2350 tables=150
CHAT_BENCHMARK_TRACE transcript warm
CHAT_BENCHMARK_TRACE native geometry rows=5851 measured=5851 width=760.0 totalHeight=967374.0 elapsed=4.6394016670000005 seconds
CHAT_BENCHMARK_RESULT {"aligned":true,"label":"sessions-2","loadedChats":2,"measurementKind":"sessionMemoryCheckpoint","phase":"open","preparedAndSettledMilliseconds":31169.121542000001,"selectedChat":2,"selectedLayoutCount":14700,"visible":true,"windowWidth":1280}
CHAT_BENCHMARK_TRACE session checkpoint 2
CHAT_BENCHMARK_TRACE transcript warm started
CHAT_BENCHMARK_TRACE prepare rows=107 requests=56 code=44 tables=2
CHAT_BENCHMARK_TRACE transcript warm started
CHAT_BENCHMARK_TRACE prepare rows=5850 requests=3050 code=2350 tables=150
CHAT_BENCHMARK_TRACE transcript warm
CHAT_BENCHMARK_TRACE native geometry rows=5851 measured=5851 width=760.0 totalHeight=967374.0 elapsed=4.6095845 seconds
CHAT_BENCHMARK_TRACE native geometry rows=5851 measured=0 width=760.0 totalHeight=967374.0 elapsed=0.020994541 seconds
CHAT_BENCHMARK_TRACE transcript warm started
CHAT_BENCHMARK_TRACE prepare rows=5850 requests=3050 code=2350 tables=150
CHAT_BENCHMARK_TRACE transcript warm
CHAT_BENCHMARK_TRACE native geometry rows=5851 measured=5851 width=688.0 totalHeight=973324.0 elapsed=4.592670542 seconds
CHAT_BENCHMARK_TRACE transcript warm started
CHAT_BENCHMARK_TRACE prepare rows=5850 requests=3050 code=2350 tables=150
CHAT_BENCHMARK_TRACE transcript warm
CHAT_BENCHMARK_TRACE native geometry rows=5851 measured=5851 width=488.0 totalHeight=1030124.0 elapsed=4.585175 seconds
CHAT_BENCHMARK_TRACE transcript warm started
CHAT_BENCHMARK_TRACE prepare rows=5850 requests=3050 code=2350 tables=150
CHAT_BENCHMARK_TRACE transcript warm
CHAT_BENCHMARK_TRACE native geometry rows=5851 measured=5851 width=388.0 totalHeight=1067374.0 elapsed=4.634647958 seconds
CHAT_BENCHMARK_TRACE transcript warm started
CHAT_BENCHMARK_TRACE prepare rows=5850 requests=3050 code=2350 tables=150
CHAT_BENCHMARK_TRACE transcript warm
CHAT_BENCHMARK_TRACE native geometry rows=5851 measured=5851 width=760.0 totalHeight=967374.0 elapsed=4.574797 seconds
CHAT_BENCHMARK_RESULT {"aligned":true,"label":"sessions-3","loadedChats":3,"measurementKind":"sessionMemoryCheckpoint","phase":"open","preparedAndSettledMilliseconds":31083.060375000001,"selectedChat":3,"selectedLayoutCount":14700,"visible":true,"windowWidth":1280}
CHAT_BENCHMARK_TRACE session checkpoint 3
CHAT_BENCHMARK_TRACE transcript warm started
CHAT_BENCHMARK_TRACE prepare rows=107 requests=56 code=44 tables=2
CHAT_BENCHMARK_TRACE transcript warm started
CHAT_BENCHMARK_TRACE prepare rows=5850 requests=3050 code=2350 tables=150
CHAT_BENCHMARK_TRACE transcript warm
CHAT_BENCHMARK_TRACE native geometry rows=5851 measured=5851 width=760.0 totalHeight=967374.0 elapsed=4.584803041 seconds
CHAT_BENCHMARK_TRACE native geometry rows=5851 measured=0 width=760.0 totalHeight=967374.0 elapsed=0.022423834 seconds
CHAT_BENCHMARK_TRACE transcript warm started
CHAT_BENCHMARK_TRACE prepare rows=5850 requests=3050 code=2350 tables=150
CHAT_BENCHMARK_TRACE layout miss id=synthetic-benchmark-4-turn-298-assistant#segment-48 width=688.0 cached=false bytes=17
CHAT_BENCHMARK_TRACE layout miss id=synthetic-benchmark-4-turn-298-assistant#segment-46 width=688.0 cached=false bytes=26
CHAT_BENCHMARK_TRACE transcript warm
CHAT_BENCHMARK_TRACE native geometry rows=5851 measured=5851 width=688.0 totalHeight=973324.0 elapsed=4.625002584 seconds
CHAT_BENCHMARK_TRACE transcript warm started
CHAT_BENCHMARK_TRACE prepare rows=5850 requests=3050 code=2350 tables=150
CHAT_BENCHMARK_TRACE transcript warm
CHAT_BENCHMARK_TRACE native geometry rows=5851 measured=5851 width=488.0 totalHeight=1030124.0 elapsed=4.619509292 seconds
CHAT_BENCHMARK_TRACE transcript warm started
CHAT_BENCHMARK_TRACE prepare rows=5850 requests=3050 code=2350 tables=150
CHAT_BENCHMARK_TRACE transcript warm
CHAT_BENCHMARK_TRACE native geometry rows=5851 measured=5851 width=388.0 totalHeight=1067374.0 elapsed=4.584880916 seconds
CHAT_BENCHMARK_TRACE transcript warm started
CHAT_BENCHMARK_TRACE prepare rows=5850 requests=3050 code=2350 tables=150
CHAT_BENCHMARK_TRACE transcript warm
CHAT_BENCHMARK_TRACE native geometry rows=5851 measured=5851 width=760.0 totalHeight=967374.0 elapsed=4.625492792 seconds
CHAT_BENCHMARK_RESULT {"aligned":true,"label":"sessions-4","loadedChats":4,"measurementKind":"sessionMemoryCheckpoint","phase":"open","preparedAndSettledMilliseconds":31208.39975,"selectedChat":4,"selectedLayoutCount":14700,"visible":true,"windowWidth":1280}
CHAT_BENCHMARK_TRACE session checkpoint 4
CHAT_BENCHMARK_TRACE transcript warm started
CHAT_BENCHMARK_TRACE prepare rows=107 requests=56 code=44 tables=2
CHAT_BENCHMARK_TRACE transcript warm started
CHAT_BENCHMARK_TRACE prepare rows=5850 requests=3050 code=2350 tables=150
CHAT_BENCHMARK_TRACE transcript warm
CHAT_BENCHMARK_TRACE native geometry rows=5851 measured=5851 width=760.0 totalHeight=967374.0 elapsed=4.533099584 seconds
CHAT_BENCHMARK_TRACE transcript warm started
CHAT_BENCHMARK_TRACE prepare rows=5850 requests=3050 code=2350 tables=150
CHAT_BENCHMARK_TRACE layout miss id=synthetic-benchmark-5-turn-298-assistant#segment-50 width=688.0 cached=false bytes=33
CHAT_BENCHMARK_TRACE layout miss id=synthetic-benchmark-5-turn-298-assistant#segment-48 width=688.0 cached=false bytes=17
CHAT_BENCHMARK_TRACE layout miss id=synthetic-benchmark-5-turn-298-assistant#segment-46 width=688.0 cached=false bytes=26
CHAT_BENCHMARK_TRACE transcript warm
CHAT_BENCHMARK_TRACE native geometry rows=5851 measured=5851 width=688.0 totalHeight=973324.0 elapsed=4.654769332999999 seconds
CHAT_BENCHMARK_TRACE transcript warm started
CHAT_BENCHMARK_TRACE prepare rows=5850 requests=3050 code=2350 tables=150
CHAT_BENCHMARK_TRACE transcript warm
CHAT_BENCHMARK_TRACE native geometry rows=5851 measured=5851 width=488.0 totalHeight=1030124.0 elapsed=4.603939 seconds
CHAT_BENCHMARK_TRACE transcript warm started
CHAT_BENCHMARK_TRACE prepare rows=5850 requests=3050 code=2350 tables=150
CHAT_BENCHMARK_TRACE transcript warm
CHAT_BENCHMARK_TRACE native geometry rows=5851 measured=5851 width=388.0 totalHeight=1067374.0 elapsed=4.708915084 seconds
CHAT_BENCHMARK_TRACE transcript warm started
CHAT_BENCHMARK_TRACE prepare rows=5850 requests=3050 code=2350 tables=150
CHAT_BENCHMARK_TRACE transcript warm
CHAT_BENCHMARK_TRACE native geometry rows=5851 measured=5851 width=760.0 totalHeight=967374.0 elapsed=4.725144667 seconds
CHAT_BENCHMARK_RESULT {"aligned":true,"label":"sessions-5","loadedChats":5,"measurementKind":"sessionMemoryCheckpoint","phase":"open","preparedAndSettledMilliseconds":31171.670375000002,"selectedChat":5,"selectedLayoutCount":14700,"visible":true,"windowWidth":1280}
CHAT_BENCHMARK_TRACE session checkpoint 5
CHAT_BENCHMARK_TRACE transcript warm started
CHAT_BENCHMARK_TRACE prepare rows=107 requests=56 code=44 tables=2
CHAT_BENCHMARK_TRACE transcript warm
CHAT_BENCHMARK_TRACE transcript warm started
CHAT_BENCHMARK_TRACE prepare rows=5850 requests=3050 code=2350 tables=150
CHAT_BENCHMARK_TRACE transcript warm
CHAT_BENCHMARK_TRACE native geometry rows=5851 measured=5851 width=760.0 totalHeight=967374.0 elapsed=4.6288476670000005 seconds
CHAT_BENCHMARK_TRACE transcript warm started
CHAT_BENCHMARK_TRACE prepare rows=5850 requests=3050 code=2350 tables=150
CHAT_BENCHMARK_TRACE transcript warm
CHAT_BENCHMARK_TRACE native geometry rows=5851 measured=5851 width=688.0 totalHeight=973324.0 elapsed=4.562671958 seconds
CHAT_BENCHMARK_TRACE invalid measurement: memory resize window hidden
CHAT_BENCHMARK_TRACE CHAT_BENCHMARK_COMPLETE
CHAT_BENCHMARK_COMPLETE
