CHAT_BENCHMARK_TRACE real-thread benchmark start: Synthetic benchmark transcript
CHAT_BENCHMARK_TRACE real-thread benchmark thread: synthetic-benchmark-thread Synthetic benchmark transcript
CHAT_BENCHMARK_TRACE transcript warm started
CHAT_BENCHMARK_TRACE prepare rows=107 requests=56 code=44 tables=2
CHAT_BENCHMARK_TRACE transcript warm started
CHAT_BENCHMARK_TRACE prepare rows=5850 requests=3050 code=2350 tables=150
CHAT_BENCHMARK_TRACE transcript warm
CHAT_BENCHMARK_TRACE benchmark start: real-cruise-1200pps
CHAT_BENCHMARK_TRACE anchor table auto=true spacing=(17.0, 0.0) delegate=Optional(<_TtGC7SwiftUI22OutlineListCoordinatorGOS_19SelectionManagerBoxOs5Never__: 0x9d6cb5b00>)
CHAT_BENCHMARK_TRACE anchor row=4800 offset=233248.84975453868 range=(minY: 0.0, maxY: 317277.0)
CHAT_BENCHMARK_TRACE CHAT_BENCHMARK_RESULT {"averageFPS":113.60266555586409,"displayMaximumFPS":120,"durationSeconds":20.008333333360497,"expectedFrameMilliseconds":8.333333333333334,"frameCount":2274,"hitchCount":123,"hitchTimeMillisecondsPerSecond":55.68183674219297,"label":"real-cruise-1200pps","maxFrameMilliseconds":30.416083347517997,"measurementKind":"displayLinkCallbacks","p50FrameMilliseconds":8.333333360496908,"p95FrameMilliseconds":13.685666664969176,"p99FrameMilliseconds":18.78733333433047}
CHAT_BENCHMARK_RESULT {"averageFPS":113.60266555586409,"displayMaximumFPS":120,"durationSeconds":20.008333333360497,"expectedFrameMilliseconds":8.333333333333334,"frameCount":2274,"hitchCount":123,"hitchTimeMillisecondsPerSecond":55.68183674219297,"label":"real-cruise-1200pps","maxFrameMilliseconds":30.416083347517997,"measurementKind":"displayLinkCallbacks","p50FrameMilliseconds":8.333333360496908,"p95FrameMilliseconds":13.685666664969176,"p99FrameMilliseconds":18.78733333433047}
CHAT_BENCHMARK_TRACE benchmark start: real-scroll-3000pps
CHAT_BENCHMARK_TRACE anchor table auto=true spacing=(17.0, 0.0) delegate=Optional(<_TtGC7SwiftUI22OutlineListCoordinatorGOS_19SelectionManagerBoxOs5Never__: 0x9d6cb5b00>)
CHAT_BENCHMARK_TRACE anchor row=4800 offset=233248.84975453868 range=(minY: 0.0, maxY: 317277.0)
CHAT_BENCHMARK_TRACE stall 303 ms at offset 213432 visible=true
CHAT_BENCHMARK_TRACE stall 743 ms at offset 211320 visible=true
CHAT_BENCHMARK_TRACE stall 703 ms at offset 206147 visible=true
CHAT_BENCHMARK_TRACE stall 755 ms at offset 201139 visible=true
CHAT_BENCHMARK_TRACE CHAT_BENCHMARK_RESULT {"averageFPS":94.642177793759,"displayMaximumFPS":120,"durationSeconds":24.016776166681666,"expectedFrameMilliseconds":8.333333333333334,"frameCount":2274,"hitchCount":252,"hitchTimeMillisecondsPerSecond":216.2951762166759,"label":"real-scroll-3000pps","maxFrameMilliseconds":755.893791676499,"measurementKind":"displayLinkCallbacks","p50FrameMilliseconds":8.333333360496908,"p95FrameMilliseconds":17.683791636954993,"p99FrameMilliseconds":20.53124998928979}
CHAT_BENCHMARK_RESULT {"averageFPS":94.642177793759,"displayMaximumFPS":120,"durationSeconds":24.016776166681666,"expectedFrameMilliseconds":8.333333333333334,"frameCount":2274,"hitchCount":252,"hitchTimeMillisecondsPerSecond":216.2951762166759,"label":"real-scroll-3000pps","maxFrameMilliseconds":755.893791676499,"measurementKind":"displayLinkCallbacks","p50FrameMilliseconds":8.333333360496908,"p95FrameMilliseconds":17.683791636954993,"p99FrameMilliseconds":20.53124998928979}
CHAT_BENCHMARK_TRACE benchmark start: real-fling-8000pps
CHAT_BENCHMARK_TRACE anchor table auto=true spacing=(17.0, 0.0) delegate=Optional(<_TtGC7SwiftUI22OutlineListCoordinatorGOS_19SelectionManagerBoxOs5Never__: 0x9d6cb5b00>)
CHAT_BENCHMARK_TRACE anchor row=4800 offset=380097.7480095017 range=(minY: 0.0, maxY: 468479.0)
CHAT_BENCHMARK_TRACE CHAT_BENCHMARK_RESULT {"averageFPS":88.86235308201562,"displayMaximumFPS":120,"durationSeconds":16.002277125022374,"expectedFrameMilliseconds":8.333333333333334,"frameCount":1423,"hitchCount":392,"hitchTimeMillisecondsPerSecond":250.42398458337826,"label":"real-fling-8000pps","maxFrameMilliseconds":39.941583352629095,"measurementKind":"displayLinkCallbacks","p50FrameMilliseconds":8.333333360496908,"p95FrameMilliseconds":21.293749974574894,"p99FrameMilliseconds":23.055041674524546}
CHAT_BENCHMARK_RESULT {"averageFPS":88.86235308201562,"displayMaximumFPS":120,"durationSeconds":16.002277125022374,"expectedFrameMilliseconds":8.333333333333334,"frameCount":1423,"hitchCount":392,"hitchTimeMillisecondsPerSecond":250.42398458337826,"label":"real-fling-8000pps","maxFrameMilliseconds":39.941583352629095,"measurementKind":"displayLinkCallbacks","p50FrameMilliseconds":8.333333360496908,"p95FrameMilliseconds":21.293749974574894,"p99FrameMilliseconds":23.055041674524546}
CHAT_BENCHMARK_TRACE CHAT_BENCHMARK_COMPLETE
CHAT_BENCHMARK_COMPLETE
