CHAT_BENCHMARK_TRACE real-thread benchmark start: Synthetic benchmark transcript
CHAT_BENCHMARK_TRACE real-thread benchmark thread: synthetic-benchmark-thread Synthetic benchmark transcript
CHAT_BENCHMARK_TRACE layout miss id=synthetic-turn-295-user-block-0 width=333.0 cached=false bytes=107
CHAT_BENCHMARK_TRACE layout miss id=synthetic-turn-295-assistant#segment-0 width=361.0 cached=false bytes=189
CHAT_BENCHMARK_TRACE layout miss id=synthetic-turn-298-assistant#segment-44 width=361.0 cached=false bytes=15
CHAT_BENCHMARK_TRACE layout miss id=synthetic-turn-298-assistant#segment-46 width=361.0 cached=false bytes=26
CHAT_BENCHMARK_TRACE layout miss id=synthetic-turn-298-assistant#segment-48 width=361.0 cached=false bytes=17
CHAT_BENCHMARK_TRACE layout miss id=synthetic-turn-298-assistant#segment-50 width=361.0 cached=false bytes=33
CHAT_BENCHMARK_TRACE layout miss id=synthetic-turn-298-assistant#segment-52 width=361.0 cached=false bytes=14
CHAT_BENCHMARK_TRACE layout miss id=synthetic-turn-298-assistant#segment-54 width=361.0 cached=false bytes=42
CHAT_BENCHMARK_TRACE layout miss id=synthetic-turn-298-assistant#segment-56 width=361.0 cached=false bytes=310
CHAT_BENCHMARK_TRACE layout miss id=synthetic-turn-299-user-block-0 width=333.0 cached=false bytes=107
CHAT_BENCHMARK_TRACE layout miss id=synthetic-turn-299-assistant#segment-0 width=361.0 cached=false bytes=144
CHAT_BENCHMARK_TRACE transcript warm started
CHAT_BENCHMARK_TRACE transcript warm started
CHAT_BENCHMARK_TRACE prepare rows=107 requests=56 code=44 tables=2
CHAT_BENCHMARK_TRACE transcript warm
WARNING MISSING STYLE in atom-one-light: hljs-operator
CHAT_BENCHMARK_TRACE layout miss id=synthetic-stream-user-block-0 width=333.0 cached=false bytes=48
CHAT_BENCHMARK_TRACE transcript warm started
CHAT_BENCHMARK_TRACE prepare rows=110 requests=57 code=44 tables=2
CHAT_BENCHMARK_TRACE transcript warm
CHAT_BENCHMARK_TRACE benchmark start: production-stream-20000chars
CHAT_BENCHMARK_TRACE layout miss id=synthetic-stream-assistant-block-0 width=361.0 cached=false bytes=23
CHAT_BENCHMARK_TRACE layout miss id=synthetic-stream-assistant-block-0 width=361.0 cached=true bytes=189
WARNING MISSING STYLE in atom-one-light: hljs-operator
WARNING MISSING STYLE in atom-one-light: hljs-params
WARNING MISSING STYLE in atom-one-light: hljs-params
WARNING MISSING STYLE in atom-one-light: hljs-params
WARNING MISSING STYLE in atom-one-light: hljs-operator
WARNING MISSING STYLE in atom-one-light: hljs-operator
WARNING MISSING STYLE in atom-one-light: hljs-params
WARNING MISSING STYLE in atom-one-light: hljs-operator
CHAT_BENCHMARK_TRACE layout miss id=synthetic-stream-assistant-block-2 width=361.0 cached=false bytes=29
WARNING MISSING STYLE in atom-one-light: hljs-params
WARNING MISSING STYLE in atom-one-light: hljs-params
WARNING MISSING STYLE in atom-one-light: hljs-params
WARNING MISSING STYLE in atom-one-light: hljs-params
WARNING MISSING STYLE in atom-one-light: hljs-params
WARNING MISSING STYLE in atom-one-light: hljs-params
WARNING MISSING STYLE in atom-one-light: hljs-params
WARNING MISSING STYLE in atom-one-light: hljs-property
WARNING MISSING STYLE in atom-one-light: hljs-property
CHAT_BENCHMARK_TRACE layout miss id=synthetic-stream-assistant-block-4 width=361.0 cached=false bytes=27
WARNING MISSING STYLE in atom-one-light: hljs-params
WARNING MISSING STYLE in atom-one-light: hljs-params
WARNING MISSING STYLE in atom-one-light: hljs-params
WARNING MISSING STYLE in atom-one-light: hljs-params
WARNING MISSING STYLE in atom-one-light: hljs-params
CHAT_BENCHMARK_TRACE layout miss id=synthetic-stream-assistant-block-6 width=361.0 cached=false bytes=23
CHAT_BENCHMARK_TRACE layout miss id=synthetic-stream-assistant-block-8 width=361.0 cached=false bytes=25
WARNING MISSING STYLE in atom-one-light: hljs-function
WARNING MISSING STYLE in atom-one-light: hljs-function
WARNING MISSING STYLE in atom-one-light: hljs-function
WARNING MISSING STYLE in atom-one-light: hljs-function
WARNING MISSING STYLE in atom-one-light: hljs-params
WARNING MISSING STYLE in atom-one-light: hljs-function
WARNING MISSING STYLE in atom-one-light: hljs-params
WARNING MISSING STYLE in atom-one-light: hljs-function
WARNING MISSING STYLE in atom-one-light: hljs-params
WARNING MISSING STYLE in atom-one-light: hljs-function
WARNING MISSING STYLE in atom-one-light: hljs-params
WARNING MISSING STYLE in atom-one-light: hljs-function
WARNING MISSING STYLE in atom-one-light: hljs-params
CHAT_BENCHMARK_TRACE layout miss id=synthetic-stream-assistant-block-10 width=361.0 cached=false bytes=24
WARNING MISSING STYLE in atom-one-light: hljs-function
WARNING MISSING STYLE in atom-one-light: hljs-function
WARNING MISSING STYLE in atom-one-light: hljs-function
WARNING MISSING STYLE in atom-one-light: hljs-function
WARNING MISSING STYLE in atom-one-light: hljs-params
WARNING MISSING STYLE in atom-one-light: hljs-function
WARNING MISSING STYLE in atom-one-light: hljs-params
WARNING MISSING STYLE in atom-one-light: hljs-function
WARNING MISSING STYLE in atom-one-light: hljs-params
CHAT_BENCHMARK_TRACE layout miss id=synthetic-stream-assistant-block-12 width=361.0 cached=false bytes=27
CHAT_BENCHMARK_TRACE layout miss id=synthetic-stream-assistant-block-14 width=361.0 cached=false bytes=32
CHAT_BENCHMARK_TRACE layout miss id=synthetic-stream-assistant-block-16 width=361.0 cached=false bytes=15
WARNING MISSING STYLE in atom-one-light: hljs-tag
WARNING MISSING STYLE in atom-one-light: hljs-tag
WARNING MISSING STYLE in atom-one-light: hljs-tag
WARNING MISSING STYLE in atom-one-light: hljs-tag
WARNING MISSING STYLE in atom-one-light: hljs-tag
WARNING MISSING STYLE in atom-one-light: hljs-tag
WARNING MISSING STYLE in atom-one-light: hljs-tag
WARNING MISSING STYLE in atom-one-light: hljs-tag
WARNING MISSING STYLE in atom-one-light: hljs-tag
WARNING MISSING STYLE in atom-one-light: hljs-tag
WARNING MISSING STYLE in atom-one-light: hljs-tag
WARNING MISSING STYLE in atom-one-light: hljs-tag
WARNING MISSING STYLE in atom-one-light: hljs-tag
WARNING MISSING STYLE in atom-one-light: hljs-tag
WARNING MISSING STYLE in atom-one-light: hljs-tag
WARNING MISSING STYLE in atom-one-light: hljs-tag
WARNING MISSING STYLE in atom-one-light: hljs-tag
WARNING MISSING STYLE in atom-one-light: hljs-tag
WARNING MISSING STYLE in atom-one-light: hljs-tag
WARNING MISSING STYLE in atom-one-light: hljs-tag
WARNING MISSING STYLE in atom-one-light: hljs-tag
WARNING MISSING STYLE in atom-one-light: hljs-tag
WARNING MISSING STYLE in atom-one-light: hljs-tag
WARNING MISSING STYLE in atom-one-light: hljs-tag
WARNING MISSING STYLE in atom-one-light: hljs-tag
WARNING MISSING STYLE in atom-one-light: hljs-tag
WARNING MISSING STYLE in atom-one-light: hljs-tag
WARNING MISSING STYLE in atom-one-light: hljs-tag
CHAT_BENCHMARK_TRACE layout miss id=synthetic-stream-assistant-block-18 width=361.0 cached=false bytes=26
CHAT_BENCHMARK_TRACE layout miss id=synthetic-stream-assistant-block-20 width=361.0 cached=false bytes=17
WARNING MISSING STYLE in atom-one-light: hljs-punctuation
WARNING MISSING STYLE in atom-one-light: hljs-punctuation
WARNING MISSING STYLE in atom-one-light: hljs-punctuation
WARNING MISSING STYLE in atom-one-light: hljs-punctuation
WARNING MISSING STYLE in atom-one-light: hljs-punctuation
WARNING MISSING STYLE in atom-one-light: hljs-punctuation
WARNING MISSING STYLE in atom-one-light: hljs-punctuation
WARNING MISSING STYLE in atom-one-light: hljs-punctuation
WARNING MISSING STYLE in atom-one-light: hljs-punctuation
WARNING MISSING STYLE in atom-one-light: hljs-punctuation
WARNING MISSING STYLE in atom-one-light: hljs-punctuation
WARNING MISSING STYLE in atom-one-light: hljs-punctuation
WARNING MISSING STYLE in atom-one-light: hljs-punctuation
WARNING MISSING STYLE in atom-one-light: hljs-punctuation
WARNING MISSING STYLE in atom-one-light: hljs-punctuation
WARNING MISSING STYLE in atom-one-light: hljs-punctuation
WARNING MISSING STYLE in atom-one-light: hljs-punctuation
WARNING MISSING STYLE in atom-one-light: hljs-punctuation
WARNING MISSING STYLE in atom-one-light: hljs-punctuation
WARNING MISSING STYLE in atom-one-light: hljs-punctuation
WARNING MISSING STYLE in atom-one-light: hljs-punctuation
CHAT_BENCHMARK_TRACE layout miss id=synthetic-stream-assistant-block-22 width=361.0 cached=false bytes=33
CHAT_BENCHMARK_TRACE layout miss id=synthetic-stream-assistant-block-24 width=361.0 cached=false bytes=14
CHAT_BENCHMARK_TRACE layout miss id=synthetic-stream-assistant-block-26 width=361.0 cached=false bytes=42
CHAT_BENCHMARK_TRACE layout miss id=synthetic-stream-assistant-block-28 width=361.0 cached=false bytes=19
CHAT_BENCHMARK_TRACE layout miss id=synthetic-stream-assistant-block-28 width=361.0 cached=true bytes=144
CHAT_BENCHMARK_TRACE layout miss id=synthetic-stream-assistant-block-28 width=361.0 cached=true bytes=170
CHAT_BENCHMARK_TRACE layout miss id=synthetic-stream-assistant-block-28 width=361.0 cached=true bytes=334
CHAT_BENCHMARK_TRACE layout miss id=synthetic-stream-assistant-block-28 width=361.0 cached=true bytes=357
CHAT_BENCHMARK_TRACE layout miss id=synthetic-stream-assistant-block-28 width=361.0 cached=true bytes=637
CHAT_BENCHMARK_TRACE layout miss id=synthetic-stream-assistant-block-28 width=361.0 cached=true bytes=904
WARNING MISSING STYLE in atom-one-light: hljs-operator
WARNING MISSING STYLE in atom-one-light: hljs-operator
WARNING MISSING STYLE in atom-one-light: hljs-operator
CHAT_BENCHMARK_TRACE layout miss id=synthetic-stream-assistant-block-30 width=361.0 cached=false bytes=110
CHAT_BENCHMARK_TRACE layout miss id=synthetic-stream-assistant-block-30 width=361.0 cached=true bytes=133
CHAT_BENCHMARK_TRACE layout miss id=synthetic-stream-assistant-block-30 width=361.0 cached=true bytes=413
CHAT_BENCHMARK_TRACE layout miss id=synthetic-stream-assistant-block-30 width=361.0 cached=true bytes=680
WARNING MISSING STYLE in atom-one-light: hljs-operator
WARNING MISSING STYLE in atom-one-light: hljs-operator
WARNING MISSING STYLE in atom-one-light: hljs-operator
CHAT_BENCHMARK_TRACE layout miss id=synthetic-stream-assistant-block-32 width=361.0 cached=false bytes=110
CHAT_BENCHMARK_TRACE layout miss id=synthetic-stream-assistant-block-32 width=361.0 cached=true bytes=133
CHAT_BENCHMARK_TRACE layout miss id=synthetic-stream-assistant-block-32 width=361.0 cached=true bytes=413
CHAT_BENCHMARK_TRACE layout miss id=synthetic-stream-assistant-block-32 width=361.0 cached=true bytes=680
WARNING MISSING STYLE in atom-one-light: hljs-operator
WARNING MISSING STYLE in atom-one-light: hljs-operator
WARNING MISSING STYLE in atom-one-light: hljs-operator
CHAT_BENCHMARK_TRACE layout miss id=synthetic-stream-assistant-block-34 width=361.0 cached=false bytes=110
CHAT_BENCHMARK_TRACE layout miss id=synthetic-stream-assistant-block-34 width=361.0 cached=true bytes=133
CHAT_BENCHMARK_TRACE layout miss id=synthetic-stream-assistant-block-34 width=361.0 cached=true bytes=413
CHAT_BENCHMARK_TRACE layout miss id=synthetic-stream-assistant-block-34 width=361.0 cached=true bytes=680
WARNING MISSING STYLE in atom-one-light: hljs-operator
WARNING MISSING STYLE in atom-one-light: hljs-operator
WARNING MISSING STYLE in atom-one-light: hljs-operator
CHAT_BENCHMARK_TRACE layout miss id=synthetic-stream-assistant-block-36 width=361.0 cached=false bytes=110
CHAT_BENCHMARK_TRACE layout miss id=synthetic-stream-assistant-block-36 width=361.0 cached=true bytes=133
CHAT_BENCHMARK_TRACE layout miss id=synthetic-stream-assistant-block-36 width=361.0 cached=true bytes=413
CHAT_BENCHMARK_TRACE layout miss id=synthetic-stream-assistant-block-36 width=361.0 cached=true bytes=680
WARNING MISSING STYLE in atom-one-light: hljs-operator
WARNING MISSING STYLE in atom-one-light: hljs-operator
WARNING MISSING STYLE in atom-one-light: hljs-operator
CHAT_BENCHMARK_TRACE layout miss id=synthetic-stream-assistant-block-38 width=361.0 cached=false bytes=110
CHAT_BENCHMARK_TRACE layout miss id=synthetic-stream-assistant-block-38 width=361.0 cached=true bytes=133
CHAT_BENCHMARK_TRACE layout miss id=synthetic-stream-assistant-block-38 width=361.0 cached=true bytes=413
CHAT_BENCHMARK_TRACE layout miss id=synthetic-stream-assistant-block-38 width=361.0 cached=true bytes=680
WARNING MISSING STYLE in atom-one-light: hljs-operator
WARNING MISSING STYLE in atom-one-light: hljs-operator
WARNING MISSING STYLE in atom-one-light: hljs-operator
CHAT_BENCHMARK_TRACE layout miss id=synthetic-stream-assistant-block-40 width=361.0 cached=false bytes=110
CHAT_BENCHMARK_TRACE layout miss id=synthetic-stream-assistant-block-40 width=361.0 cached=true bytes=133
CHAT_BENCHMARK_TRACE layout miss id=synthetic-stream-assistant-block-40 width=361.0 cached=true bytes=413
CHAT_BENCHMARK_TRACE layout miss id=synthetic-stream-assistant-block-40 width=361.0 cached=true bytes=680
WARNING MISSING STYLE in atom-one-light: hljs-operator
WARNING MISSING STYLE in atom-one-light: hljs-operator
WARNING MISSING STYLE in atom-one-light: hljs-operator
CHAT_BENCHMARK_TRACE layout miss id=synthetic-stream-assistant-block-42 width=361.0 cached=false bytes=110
CHAT_BENCHMARK_TRACE layout miss id=synthetic-stream-assistant-block-42 width=361.0 cached=true bytes=133
CHAT_BENCHMARK_TRACE layout miss id=synthetic-stream-assistant-block-42 width=361.0 cached=true bytes=413
CHAT_BENCHMARK_TRACE layout miss id=synthetic-stream-assistant-block-42 width=361.0 cached=true bytes=680
WARNING MISSING STYLE in atom-one-light: hljs-operator
WARNING MISSING STYLE in atom-one-light: hljs-operator
WARNING MISSING STYLE in atom-one-light: hljs-operator
CHAT_BENCHMARK_TRACE layout miss id=synthetic-stream-assistant-block-44 width=361.0 cached=false bytes=110
CHAT_BENCHMARK_TRACE layout miss id=synthetic-stream-assistant-block-44 width=361.0 cached=true bytes=133
CHAT_BENCHMARK_TRACE layout miss id=synthetic-stream-assistant-block-44 width=361.0 cached=true bytes=413
CHAT_BENCHMARK_TRACE layout miss id=synthetic-stream-assistant-block-44 width=361.0 cached=true bytes=680
WARNING MISSING STYLE in atom-one-light: hljs-operator
WARNING MISSING STYLE in atom-one-light: hljs-operator
WARNING MISSING STYLE in atom-one-light: hljs-operator
CHAT_BENCHMARK_TRACE layout miss id=synthetic-stream-assistant-block-46 width=361.0 cached=false bytes=110
CHAT_BENCHMARK_TRACE layout miss id=synthetic-stream-assistant-block-46 width=361.0 cached=true bytes=134
CHAT_BENCHMARK_TRACE layout miss id=synthetic-stream-assistant-block-46 width=361.0 cached=true bytes=415
CHAT_BENCHMARK_TRACE layout miss id=synthetic-stream-assistant-block-46 width=361.0 cached=true bytes=682
WARNING MISSING STYLE in atom-one-light: hljs-operator
WARNING MISSING STYLE in atom-one-light: hljs-operator
WARNING MISSING STYLE in atom-one-light: hljs-operator
CHAT_BENCHMARK_TRACE layout miss id=synthetic-stream-assistant-block-48 width=361.0 cached=false bytes=111
CHAT_BENCHMARK_TRACE layout miss id=synthetic-stream-assistant-block-48 width=361.0 cached=true bytes=140
CHAT_BENCHMARK_TRACE layout miss id=synthetic-stream-assistant-block-48 width=361.0 cached=true bytes=164
CHAT_BENCHMARK_TRACE layout miss id=synthetic-stream-assistant-block-48 width=361.0 cached=true bytes=337
CHAT_BENCHMARK_TRACE layout miss id=synthetic-stream-assistant-block-48 width=361.0 cached=true bytes=504
CHAT_BENCHMARK_TRACE layout miss id=synthetic-stream-assistant-block-48 width=361.0 cached=true bytes=524
CHAT_BENCHMARK_TRACE layout miss id=synthetic-stream-assistant-block-48 width=361.0 cached=true bytes=545
CHAT_BENCHMARK_TRACE layout miss id=synthetic-stream-assistant-block-48 width=361.0 cached=true bytes=569
CHAT_BENCHMARK_TRACE layout miss id=synthetic-stream-assistant-block-48 width=361.0 cached=true bytes=593
CHAT_BENCHMARK_TRACE layout miss id=synthetic-stream-assistant-block-48 width=361.0 cached=true bytes=618
CHAT_BENCHMARK_TRACE layout miss id=synthetic-stream-assistant-block-48 width=361.0 cached=true bytes=644
CHAT_BENCHMARK_TRACE layout miss id=synthetic-stream-assistant-block-48 width=361.0 cached=true bytes=662
CHAT_BENCHMARK_TRACE layout miss id=synthetic-stream-assistant-block-48 width=361.0 cached=true bytes=829
CHAT_BENCHMARK_TRACE layout miss id=synthetic-stream-assistant-block-48 width=361.0 cached=true bytes=931
CHAT_BENCHMARK_TRACE layout miss id=synthetic-stream-assistant-block-48 width=361.0 cached=true bytes=941
CHAT_BENCHMARK_TRACE layout miss id=synthetic-stream-assistant-block-48 width=361.0 cached=true bytes=1205
CHAT_BENCHMARK_TRACE layout miss id=synthetic-stream-assistant-block-48 width=361.0 cached=true bytes=1352
CHAT_BENCHMARK_TRACE layout miss id=synthetic-stream-assistant-block-48 width=361.0 cached=true bytes=1367
CHAT_BENCHMARK_TRACE layout miss id=synthetic-stream-assistant-block-48 width=361.0 cached=true bytes=1552
CHAT_BENCHMARK_TRACE layout miss id=synthetic-stream-assistant-block-48 width=361.0 cached=true bytes=1568
CHAT_BENCHMARK_TRACE layout miss id=synthetic-stream-assistant-block-48 width=361.0 cached=true bytes=1647
CHAT_BENCHMARK_TRACE layout miss id=synthetic-stream-assistant-block-48 width=361.0 cached=true bytes=1848
CHAT_BENCHMARK_TRACE layout miss id=synthetic-stream-assistant-block-48 width=361.0 cached=true bytes=1864
WARNING MISSING STYLE in atom-one-light: hljs-operator
WARNING MISSING STYLE in atom-one-light: hljs-params
CHAT_BENCHMARK_TRACE layout miss id=synthetic-stream-assistant-block-50 width=361.0 cached=false bytes=29
WARNING MISSING STYLE in atom-one-light: hljs-function
WARNING MISSING STYLE in atom-one-light: hljs-function
WARNING MISSING STYLE in atom-one-light: hljs-function
WARNING MISSING STYLE in atom-one-light: hljs-function
CHAT_BENCHMARK_TRACE layout miss id=synthetic-stream-assistant-block-52 width=361.0 cached=false bytes=77
CHAT_BENCHMARK_TRACE layout miss id=synthetic-stream-assistant-block-54 width=361.0 cached=false bytes=20
CHAT_BENCHMARK_TRACE layout miss id=synthetic-stream-assistant-block-54 width=361.0 cached=true bytes=51
CHAT_BENCHMARK_TRACE layout miss id=synthetic-stream-assistant-block-54 width=361.0 cached=true bytes=76
CHAT_BENCHMARK_TRACE layout miss id=synthetic-stream-assistant-block-54 width=361.0 cached=true bytes=91
CHAT_BENCHMARK_TRACE layout miss id=synthetic-stream-assistant-block-56 width=361.0 cached=false bytes=28
CHAT_BENCHMARK_TRACE layout miss id=synthetic-stream-assistant-block-56 width=361.0 cached=true bytes=120
CHAT_BENCHMARK_TRACE layout miss id=synthetic-stream-assistant-block-56 width=361.0 cached=true bytes=203
CHAT_BENCHMARK_TRACE layout miss id=synthetic-stream-assistant-block-56 width=361.0 cached=true bytes=324
CHAT_BENCHMARK_TRACE layout miss id=synthetic-stream-assistant-block-56 width=361.0 cached=true bytes=348
CHAT_BENCHMARK_TRACE layout miss id=synthetic-stream-assistant-block-56 width=361.0 cached=true bytes=371
CHAT_BENCHMARK_TRACE layout miss id=synthetic-stream-assistant-block-56 width=361.0 cached=true bytes=521
CHAT_BENCHMARK_TRACE layout miss id=synthetic-stream-assistant-block-56 width=361.0 cached=true bytes=537
CHAT_BENCHMARK_TRACE layout miss id=synthetic-stream-assistant-block-58 width=361.0 cached=false bytes=29
CHAT_BENCHMARK_TRACE layout miss id=synthetic-stream-assistant-block-60 width=361.0 cached=false bytes=27
CHAT_BENCHMARK_TRACE layout miss id=synthetic-stream-assistant-block-62 width=361.0 cached=false bytes=23
CHAT_BENCHMARK_TRACE layout miss id=synthetic-stream-assistant-block-64 width=361.0 cached=false bytes=25
CHAT_BENCHMARK_TRACE layout miss id=synthetic-stream-assistant-block-66 width=361.0 cached=false bytes=24
CHAT_BENCHMARK_TRACE layout miss id=synthetic-stream-assistant-block-68 width=361.0 cached=false bytes=27
CHAT_BENCHMARK_TRACE layout miss id=synthetic-stream-assistant-block-70 width=361.0 cached=false bytes=32
CHAT_BENCHMARK_TRACE transcript warm started
CHAT_BENCHMARK_TRACE prepare rows=180 requests=93 code=79 tables=3
CHAT_BENCHMARK_TRACE transcript warm
CHAT_BENCHMARK_TRACE CHAT_BENCHMARK_RESULT {"averageFPS":50.606896551744455,"displayMaximumFPS":60,"durationSeconds":24.166666666656965,"expectedFrameMilliseconds":16.666666666666668,"frameCount":1224,"hitchCount":214,"hitchTimeMillisecondsPerSecond":157.72481725396977,"label":"production-stream-20000chars","maxFrameMilliseconds":127.0048749865964,"measurementKind":"displayLinkCallbacks","p50FrameMilliseconds":16.666666662786156,"p95FrameMilliseconds":33.50049999426119,"p99FrameMilliseconds":37.45920833898708}
CHAT_BENCHMARK_RESULT {"averageFPS":50.606896551744455,"displayMaximumFPS":60,"durationSeconds":24.166666666656965,"expectedFrameMilliseconds":16.666666666666668,"frameCount":1224,"hitchCount":214,"hitchTimeMillisecondsPerSecond":157.72481725396977,"label":"production-stream-20000chars","maxFrameMilliseconds":127.0048749865964,"measurementKind":"displayLinkCallbacks","p50FrameMilliseconds":16.666666662786156,"p95FrameMilliseconds":33.50049999426119,"p99FrameMilliseconds":37.45920833898708}
CHAT_BENCHMARK_TRACE stream sourceMatches=true completed=true
CHAT_BENCHMARK_TRACE CHAT_BENCHMARK_COMPLETE
CHAT_BENCHMARK_COMPLETE
