CHAT_BENCHMARK_TRACE real-thread benchmark start: Synthetic benchmark transcript
CHAT_BENCHMARK_TRACE real-thread benchmark thread: synthetic-benchmark-thread Synthetic benchmark transcript
CHAT_BENCHMARK_TRACE transcript warm started
CHAT_BENCHMARK_TRACE prepare rows=107 requests=56 code=44 tables=2
CHAT_BENCHMARK_TRACE transcript warm started
CHAT_BENCHMARK_TRACE prepare rows=5850 requests=3050 code=2350 tables=150
CHAT_BENCHMARK_TRACE transcript warm
CHAT_BENCHMARK_TRACE native geometry rows=5850 width=760.0 totalHeight=967350.0 elapsed=5.444755667000001 seconds
CHAT_BENCHMARK_TRACE benchmark start: real-cruise-1200pps
CHAT_BENCHMARK_TRACE anchor row=4800 offset=793392.0 range=(minY: 0.0, maxY: 966576.0)
CHAT_BENCHMARK_TRACE nativeMounts=7314 hostingMounts=715 resident=9 pooled=14
CHAT_BENCHMARK_TRACE CHAT_BENCHMARK_RESULT {"averageFPS":53.23812011297691,"displayMaximumFPS":120,"durationSeconds":20.023246458324138,"expectedFrameMilliseconds":8.333333333333334,"frameCount":1067,"hitchCount":893,"hitchTimeMillisecondsPerSecond":552.7984238780451,"label":"full-history-scrub-2.0s-20.0s","maxFrameMilliseconds":39.11137499380857,"measurementKind":"displayLinkCallbacks","p50FrameMilliseconds":18.630749982548878,"p95FrameMilliseconds":28.87458330951631,"p99FrameMilliseconds":33.33333332557231}
CHAT_BENCHMARK_RESULT {"averageFPS":53.23812011297691,"displayMaximumFPS":120,"durationSeconds":20.023246458324138,"expectedFrameMilliseconds":8.333333333333334,"frameCount":1067,"hitchCount":893,"hitchTimeMillisecondsPerSecond":552.7984238780451,"label":"full-history-scrub-2.0s-20.0s","maxFrameMilliseconds":39.11137499380857,"measurementKind":"displayLinkCallbacks","p50FrameMilliseconds":18.630749982548878,"p95FrameMilliseconds":28.87458330951631,"p99FrameMilliseconds":33.33333332557231}
CHAT_BENCHMARK_TRACE benchmark start: real-scroll-3000pps
CHAT_BENCHMARK_TRACE anchor row=4800 offset=793392.0 range=(minY: 0.0, maxY: 966576.0)
CHAT_BENCHMARK_TRACE nativeMounts=15927 hostingMounts=1613 resident=9 pooled=14
CHAT_BENCHMARK_TRACE CHAT_BENCHMARK_RESULT {"averageFPS":52.87492775596368,"displayMaximumFPS":120,"durationSeconds":24.000032791664125,"expectedFrameMilliseconds":8.333333333333334,"frameCount":1270,"hitchCount":1050,"hitchTimeMillisecondsPerSecond":555.5592669578525,"label":"full-history-scrub-2.0s-24.0s","maxFrameMilliseconds":63.56624999898486,"measurementKind":"displayLinkCallbacks","p50FrameMilliseconds":19.36900001601316,"p95FrameMilliseconds":29.4464583566878,"p99FrameMilliseconds":33.33333332557231}
CHAT_BENCHMARK_RESULT {"averageFPS":52.87492775596368,"displayMaximumFPS":120,"durationSeconds":24.000032791664125,"expectedFrameMilliseconds":8.333333333333334,"frameCount":1270,"hitchCount":1050,"hitchTimeMillisecondsPerSecond":555.5592669578525,"label":"full-history-scrub-2.0s-24.0s","maxFrameMilliseconds":63.56624999898486,"measurementKind":"displayLinkCallbacks","p50FrameMilliseconds":19.36900001601316,"p95FrameMilliseconds":29.4464583566878,"p99FrameMilliseconds":33.33333332557231}
CHAT_BENCHMARK_TRACE benchmark start: real-fling-8000pps
CHAT_BENCHMARK_TRACE anchor row=4800 offset=793392.0 range=(minY: 0.0, maxY: 966576.0)
CHAT_BENCHMARK_TRACE nativeMounts=21917 hostingMounts=2212 resident=2 pooled=21
CHAT_BENCHMARK_TRACE CHAT_BENCHMARK_RESULT {"averageFPS":54.22201052465025,"displayMaximumFPS":120,"durationSeconds":16.026701916649472,"expectedFrameMilliseconds":8.333333333333334,"frameCount":870,"hitchCount":699,"hitchTimeMillisecondsPerSecond":545.6222504228398,"label":"full-history-scrub-2.0s-16.0s","maxFrameMilliseconds":67.40183333749883,"measurementKind":"displayLinkCallbacks","p50FrameMilliseconds":17.973874986637384,"p95FrameMilliseconds":29.193583322921768,"p99FrameMilliseconds":33.33333335467614}
CHAT_BENCHMARK_RESULT {"averageFPS":54.22201052465025,"displayMaximumFPS":120,"durationSeconds":16.026701916649472,"expectedFrameMilliseconds":8.333333333333334,"frameCount":870,"hitchCount":699,"hitchTimeMillisecondsPerSecond":545.6222504228398,"label":"full-history-scrub-2.0s-16.0s","maxFrameMilliseconds":67.40183333749883,"measurementKind":"displayLinkCallbacks","p50FrameMilliseconds":17.973874986637384,"p95FrameMilliseconds":29.193583322921768,"p99FrameMilliseconds":33.33333335467614}
CHAT_BENCHMARK_TRACE CHAT_BENCHMARK_COMPLETE
CHAT_BENCHMARK_COMPLETE
