CHAT_BENCHMARK_TRACE real-thread benchmark start: Synthetic benchmark transcript
CHAT_BENCHMARK_TRACE real-thread benchmark thread: synthetic-benchmark-thread Synthetic benchmark transcript
CHAT_BENCHMARK_TRACE transcript warm started
CHAT_BENCHMARK_TRACE prepare rows=107 requests=56 code=44 tables=2
CHAT_BENCHMARK_TRACE transcript warm started
CHAT_BENCHMARK_TRACE prepare rows=107 requests=56 code=44 tables=2
CHAT_BENCHMARK_TRACE transcript warm
CHAT_BENCHMARK_TRACE native geometry rows=109 measured=109 width=760.0 totalHeight=18578.0 elapsed=0.100883125 seconds
CHAT_BENCHMARK_TRACE native geometry rows=109 measured=0 width=760.0 totalHeight=18578.0 elapsed=0.000430875 seconds
CHAT_BENCHMARK_TRACE lifecycle window fullscreen=false zoomed=false frame=(10.0, 39.0, 1280.0, 900.0) min=(416.0, 246.0) contentMin=(416.0, 246.0)
CHAT_BENCHMARK_TRACE native geometry rows=109 measured=0 width=760.0 totalHeight=18578.0 elapsed=0.000377708 seconds
CHAT_BENCHMARK_TRACE prepare rows=192 requests=100 code=77 tables=5
CHAT_BENCHMARK_TRACE transcript warm started
CHAT_BENCHMARK_TRACE prepare rows=299 requests=156 code=121 tables=7
CHAT_BENCHMARK_TRACE transcript warm
CHAT_BENCHMARK_TRACE native geometry rows=301 measured=192 width=760.0 totalHeight=50639.0 elapsed=0.147265458 seconds
CHAT_BENCHMARK_TRACE transcript warm started
CHAT_BENCHMARK_TRACE prepare rows=299 requests=156 code=121 tables=7
CHAT_BENCHMARK_TRACE transcript warm started
CHAT_BENCHMARK_TRACE prepare rows=299 requests=156 code=121 tables=7
CHAT_BENCHMARK_TRACE transcript warm started
CHAT_BENCHMARK_TRACE prepare rows=299 requests=156 code=121 tables=7
CHAT_BENCHMARK_TRACE transcript warm started
CHAT_BENCHMARK_TRACE prepare rows=299 requests=156 code=121 tables=7
CHAT_BENCHMARK_TRACE transcript warm started
CHAT_BENCHMARK_TRACE prepare rows=299 requests=156 code=121 tables=7
CHAT_BENCHMARK_TRACE transcript warm started
CHAT_BENCHMARK_TRACE prepare rows=299 requests=156 code=121 tables=7
CHAT_BENCHMARK_TRACE transcript warm started
CHAT_BENCHMARK_TRACE prepare rows=299 requests=156 code=121 tables=7
CHAT_BENCHMARK_TRACE transcript warm started
CHAT_BENCHMARK_TRACE prepare rows=299 requests=156 code=121 tables=7
CHAT_BENCHMARK_TRACE transcript warm started
CHAT_BENCHMARK_TRACE prepare rows=299 requests=156 code=121 tables=7
CHAT_BENCHMARK_TRACE transcript warm started
CHAT_BENCHMARK_TRACE prepare rows=299 requests=156 code=121 tables=7
CHAT_BENCHMARK_TRACE transcript warm started
CHAT_BENCHMARK_TRACE prepare rows=299 requests=156 code=121 tables=7
CHAT_BENCHMARK_TRACE transcript warm started
CHAT_BENCHMARK_TRACE prepare rows=299 requests=156 code=121 tables=7
CHAT_BENCHMARK_TRACE transcript warm started
CHAT_BENCHMARK_TRACE prepare rows=299 requests=156 code=121 tables=7
CHAT_BENCHMARK_TRACE transcript warm started
CHAT_BENCHMARK_TRACE prepare rows=299 requests=156 code=121 tables=7
CHAT_BENCHMARK_TRACE transcript warm started
CHAT_BENCHMARK_TRACE prepare rows=299 requests=156 code=121 tables=7
CHAT_BENCHMARK_TRACE transcript warm started
CHAT_BENCHMARK_TRACE prepare rows=299 requests=156 code=121 tables=7
CHAT_BENCHMARK_TRACE transcript warm started
CHAT_BENCHMARK_TRACE prepare rows=299 requests=156 code=121 tables=7
CHAT_BENCHMARK_TRACE transcript warm started
CHAT_BENCHMARK_TRACE prepare rows=299 requests=156 code=121 tables=7
CHAT_BENCHMARK_TRACE transcript warm started
CHAT_BENCHMARK_TRACE prepare rows=299 requests=156 code=121 tables=7
CHAT_BENCHMARK_TRACE transcript warm started
CHAT_BENCHMARK_TRACE prepare rows=299 requests=156 code=121 tables=7
CHAT_BENCHMARK_TRACE transcript warm started
CHAT_BENCHMARK_TRACE prepare rows=299 requests=156 code=121 tables=7
CHAT_BENCHMARK_TRACE transcript warm started
CHAT_BENCHMARK_TRACE prepare rows=299 requests=156 code=121 tables=7
CHAT_BENCHMARK_TRACE transcript warm started
CHAT_BENCHMARK_TRACE prepare rows=299 requests=156 code=121 tables=7
CHAT_BENCHMARK_TRACE transcript warm started
CHAT_BENCHMARK_TRACE prepare rows=299 requests=156 code=121 tables=7
CHAT_BENCHMARK_TRACE transcript warm started
CHAT_BENCHMARK_TRACE prepare rows=299 requests=156 code=121 tables=7
CHAT_BENCHMARK_TRACE transcript warm started
CHAT_BENCHMARK_TRACE prepare rows=299 requests=156 code=121 tables=7
CHAT_BENCHMARK_TRACE transcript warm
CHAT_BENCHMARK_TRACE native geometry rows=301 measured=301 width=380.0 totalHeight=56323.0 elapsed=0.208385209 seconds
CHAT_BENCHMARK_RESULT {"heightAfterResize":56323,"heightBeforeResize":50639,"initialRows":109,"label":"native-pagination-resize","measurementKind":"lifecycleCorrectness","paginatedRows":301,"paginationAnchorErrorPoints":0,"passed":true,"resizeAnchorErrorPoints":0,"resizeAnchorHeightAfter":1333,"resizeAnchorID":"synthetic-turn-292-assistant#segment-20-prose","resizeOffsetWithinRowAfter":829.5,"resizeOffsetWithinRowBefore":829.5,"viewportWidthAfterResize":412,"visible":true,"windowWidthAfterResize":700}
CHAT_BENCHMARK_TRACE transcript warm started
CHAT_BENCHMARK_TRACE prepare rows=299 requests=156 code=121 tables=7
CHAT_BENCHMARK_TRACE transcript warm
CHAT_BENCHMARK_TRACE CHAT_BENCHMARK_COMPLETE
CHAT_BENCHMARK_COMPLETE
