=== RUN   TestCodexAppServerHelperProcess
--- PASS: TestCodexAppServerHelperProcess (0.00s)
=== RUN   TestInstanceStableLifecycleWireFlow
--- PASS: TestInstanceStableLifecycleWireFlow (0.02s)
=== RUN   TestResumeBindsBeforeNotificationsAndRejectsIdentityChanges
=== RUN   TestResumeBindsBeforeNotificationsAndRejectsIdentityChanges/notification_before_response
=== RUN   TestResumeBindsBeforeNotificationsAndRejectsIdentityChanges/changed_identity
--- PASS: TestResumeBindsBeforeNotificationsAndRejectsIdentityChanges (0.03s)
    --- PASS: TestResumeBindsBeforeNotificationsAndRejectsIdentityChanges/notification_before_response (0.01s)
    --- PASS: TestResumeBindsBeforeNotificationsAndRejectsIdentityChanges/changed_identity (0.01s)
=== RUN   TestFastCompletionDoesNotReactivateTurn
--- PASS: TestFastCompletionDoesNotReactivateTurn (0.01s)
=== RUN   TestStartSessionReusesLiveBinding
--- PASS: TestStartSessionReusesLiveBinding (0.01s)
=== RUN   TestStopSessionInterruptsActiveTurnBeforeUnsubscribe
--- PASS: TestStopSessionInterruptsActiveTurnBeforeUnsubscribe (0.01s)
=== RUN   TestServiceTierFlowsThroughSessionAndTurnRequests
--- PASS: TestServiceTierFlowsThroughSessionAndTurnRequests (0.01s)
=== RUN   TestReasoningEffortFlowsThroughNewAndResumedSessions
=== RUN   TestReasoningEffortFlowsThroughNewAndResumedSessions/native=/selected=false
=== RUN   TestReasoningEffortFlowsThroughNewAndResumedSessions/native=/selected=true
=== RUN   TestReasoningEffortFlowsThroughNewAndResumedSessions/native=native-thread/selected=false
=== RUN   TestReasoningEffortFlowsThroughNewAndResumedSessions/native=native-thread/selected=true
--- PASS: TestReasoningEffortFlowsThroughNewAndResumedSessions (0.04s)
    --- PASS: TestReasoningEffortFlowsThroughNewAndResumedSessions/native=/selected=false (0.01s)
    --- PASS: TestReasoningEffortFlowsThroughNewAndResumedSessions/native=/selected=true (0.01s)
    --- PASS: TestReasoningEffortFlowsThroughNewAndResumedSessions/native=native-thread/selected=false (0.01s)
    --- PASS: TestReasoningEffortFlowsThroughNewAndResumedSessions/native=native-thread/selected=true (0.01s)
=== RUN   TestAuthoritativeNullServiceTierRemainsStandard
--- PASS: TestAuthoritativeNullServiceTierRemainsStandard (0.01s)
=== RUN   TestInstanceAccountLoginUnionsAndParameterlessLogout
--- PASS: TestInstanceAccountLoginUnionsAndParameterlessLogout (0.01s)
=== RUN   TestInstanceRejectsMismatchedAccountLoginUnion
--- PASS: TestInstanceRejectsMismatchedAccountLoginUnion (0.01s)
=== RUN   TestOptionsSessionIncludesCwdScopedSkills
--- PASS: TestOptionsSessionIncludesCwdScopedSkills (0.01s)
=== RUN   TestOptionsSessionRecoversWhenSkillsListFails
--- PASS: TestOptionsSessionRecoversWhenSkillsListFails (0.01s)
=== RUN   TestInstanceApprovalResponseUsesStableDecision
--- PASS: TestInstanceApprovalResponseUsesStableDecision (0.01s)
=== RUN   TestStopSessionResolvesPendingApproval
--- PASS: TestStopSessionResolvesPendingApproval (0.01s)
=== RUN   TestInstanceServerResolvedNotificationClearsApproval
--- PASS: TestInstanceServerResolvedNotificationClearsApproval (0.01s)
=== RUN   TestUnexpectedProcessExitResolvesPendingApproval
--- PASS: TestUnexpectedProcessExitResolvesPendingApproval (1.02s)
=== RUN   TestProcessExitSettlesActiveTurn
=== RUN   TestProcessExitSettlesActiveTurn/intentional=false
=== RUN   TestProcessExitSettlesActiveTurn/intentional=true
--- PASS: TestProcessExitSettlesActiveTurn (0.04s)
    --- PASS: TestProcessExitSettlesActiveTurn/intentional=false (0.02s)
    --- PASS: TestProcessExitSettlesActiveTurn/intentional=true (0.02s)
=== RUN   TestMalformedTransportSettlesTurnAndStopsProcess
--- PASS: TestMalformedTransportSettlesTurnAndStopsProcess (0.01s)
=== RUN   TestCompletedTurnIsNotFailedOnProcessExit
--- PASS: TestCompletedTurnIsNotFailedOnProcessExit (1.02s)
=== RUN   TestUserInputsFromTurnConvertsSkillsAndMedia
--- PASS: TestUserInputsFromTurnConvertsSkillsAndMedia (0.00s)
=== RUN   TestUserInputsRejectUnsupportedRemoteAndEmbeddedAttachments
--- PASS: TestUserInputsRejectUnsupportedRemoteAndEmbeddedAttachments (0.00s)
=== RUN   TestLiveUserMessageItemIsNotReemitted
--- PASS: TestLiveUserMessageItemIsNotReemitted (0.00s)
=== RUN   TestSetConfigOptionValidatesCatalogAndNormalizesEffortForModel
--- PASS: TestSetConfigOptionValidatesCatalogAndNormalizesEffortForModel (0.00s)
=== RUN   TestProtocolDecodingRetainsUnknownFieldsAndReasoningContent
--- PASS: TestProtocolDecodingRetainsUnknownFieldsAndReasoningContent (0.00s)
=== RUN   TestRuntimeEventFromItemNormalizesTools
--- PASS: TestRuntimeEventFromItemNormalizesTools (0.00s)
=== RUN   TestRuntimeEventFromItemNormalizesMCPResult
--- PASS: TestRuntimeEventFromItemNormalizesMCPResult (0.00s)
=== RUN   TestImageGenerationUsesInlineBase64Attachment
--- PASS: TestImageGenerationUsesInlineBase64Attachment (0.00s)
=== RUN   TestCompletedTextEmitsOnlyTheMissingStableTail
--- PASS: TestCompletedTextEmitsOnlyTheMissingStableTail (0.00s)
=== RUN   TestReplayEventsPreservesTurnAndItemOrder
--- PASS: TestReplayEventsPreservesTurnAndItemOrder (0.00s)
=== RUN   TestConfigOptionsFromModelsUsesSelectedCatalogCapabilities
--- PASS: TestConfigOptionsFromModelsUsesSelectedCatalogCapabilities (0.00s)
=== RUN   TestSkillsFromResponseFallsBackToInterfaceDescriptionAndDeduplicates
--- PASS: TestSkillsFromResponseFallsBackToInterfaceDescriptionAndDeduplicates (0.00s)
=== RUN   TestTurnStateAndTimestampsAreUnknownTolerant
--- PASS: TestTurnStateAndTimestampsAreUnknownTolerant (0.00s)
=== RUN   TestReasoningPartsStreamWithParagraphBreaksAndMatchCompletedSnapshot
--- PASS: TestReasoningPartsStreamWithParagraphBreaksAndMatchCompletedSnapshot (0.00s)
=== RUN   TestCommandOutputBeforeItemStartIsDropped
--- PASS: TestCommandOutputBeforeItemStartIsDropped (0.00s)
=== RUN   TestLiveHistoryPagination
    history_live_test.go:22: set CODEX_LIVE_TEST=1 and CODEX_HISTORY_QA_FIXTURE for disposable history QA
--- SKIP: TestLiveHistoryPagination (0.00s)
=== RUN   TestHistoryListingRejectsIncompleteResults
=== RUN   TestHistoryListingRejectsIncompleteResults/repeated_cursor
=== RUN   TestHistoryListingRejectsIncompleteResults/unsupported_operation
=== RUN   TestHistoryListingRejectsIncompleteResults/authentication
=== RUN   TestHistoryListingRejectsIncompleteResults/malformed_page
=== RUN   TestHistoryListingRejectsIncompleteResults/transport_loss
--- PASS: TestHistoryListingRejectsIncompleteResults (0.00s)
    --- PASS: TestHistoryListingRejectsIncompleteResults/repeated_cursor (0.00s)
    --- PASS: TestHistoryListingRejectsIncompleteResults/unsupported_operation (0.00s)
    --- PASS: TestHistoryListingRejectsIncompleteResults/authentication (0.00s)
    --- PASS: TestHistoryListingRejectsIncompleteResults/malformed_page (0.00s)
    --- PASS: TestHistoryListingRejectsIncompleteResults/transport_loss (0.00s)
=== RUN   TestLiveSmoke
    live_test.go:18: set CODEX_LIVE_TEST=1 to run the live CLI smoke test
--- SKIP: TestLiveSmoke (0.00s)
=== RUN   TestRPCClientOmitsNilParams
--- PASS: TestRPCClientOmitsNilParams (0.00s)
=== RUN   TestRPCClientMalformedJSONFailsPendingCalls
--- PASS: TestRPCClientMalformedJSONFailsPendingCalls (0.00s)
=== RUN   TestRPCClientEOFFailsEveryPendingCall
--- PASS: TestRPCClientEOFFailsEveryPendingCall (0.00s)
PASS
ok  	github.com/Aqothy/maiD/internal/adapters/codexapp	3.494s
