CHAT_BENCHMARK_TRACE real-thread benchmark start: Synthetic benchmark transcript
CHAT_BENCHMARK_TRACE real-thread benchmark thread: synthetic-benchmark-thread Synthetic benchmark transcript
CHAT_BENCHMARK_TRACE transcript warm started
CHAT_BENCHMARK_TRACE prepare rows=107 requests=56 code=44 tables=2
CHAT_BENCHMARK_TRACE transcript warm started
CHAT_BENCHMARK_TRACE prepare rows=5850 requests=3050 code=2350 tables=150
CHAT_BENCHMARK_TRACE transcript warm
CHAT_BENCHMARK_TRACE benchmark start: real-cruise-1200pps
CHAT_BENCHMARK_TRACE anchor table auto=true spacing=(17.0, 0.0) delegate=Optional(<_TtGC7SwiftUI22OutlineListCoordinatorGOS_19SelectionManagerBoxOs5Never__: 0xc1a705e00>)
CHAT_BENCHMARK_TRACE anchor row=4800 offset=236866.63587026743 range=(minY: 0.0, maxY: 321104.5)
CHAT_BENCHMARK_TRACE CHAT_BENCHMARK_RESULT {"averageFPS":112.89980971669922,"displayMaximumFPS":120,"durationSeconds":20.000033708347473,"expectedFrameMilliseconds":8.333333333333334,"frameCount":2259,"hitchCount":142,"hitchTimeMillisecondsPerSecond":59.65090569844745,"label":"real-cruise-1200pps","maxFrameMilliseconds":20.629125006962568,"measurementKind":"displayLinkCallbacks","p50FrameMilliseconds":8.333333360496908,"p95FrameMilliseconds":16.666666662786156,"p99FrameMilliseconds":16.666666720993817}
CHAT_BENCHMARK_RESULT {"averageFPS":112.89980971669922,"displayMaximumFPS":120,"durationSeconds":20.000033708347473,"expectedFrameMilliseconds":8.333333333333334,"frameCount":2259,"hitchCount":142,"hitchTimeMillisecondsPerSecond":59.65090569844745,"label":"real-cruise-1200pps","maxFrameMilliseconds":20.629125006962568,"measurementKind":"displayLinkCallbacks","p50FrameMilliseconds":8.333333360496908,"p95FrameMilliseconds":16.666666662786156,"p99FrameMilliseconds":16.666666720993817}
CHAT_BENCHMARK_TRACE benchmark start: real-scroll-3000pps
CHAT_BENCHMARK_TRACE anchor table auto=true spacing=(17.0, 0.0) delegate=Optional(<_TtGC7SwiftUI22OutlineListCoordinatorGOS_19SelectionManagerBoxOs5Never__: 0xc1a705e00>)
CHAT_BENCHMARK_TRACE anchor row=4800 offset=236866.63587026743 range=(minY: 0.0, maxY: 321104.5)
CHAT_BENCHMARK_TRACE stall 375 ms at offset 216753 visible=true
CHAT_BENCHMARK_TRACE stall 1227 ms at offset 213682 visible=true
CHAT_BENCHMARK_TRACE stall 124 ms at offset 209999 visible=true
CHAT_BENCHMARK_TRACE stall 150 ms at offset 208779 visible=true
CHAT_BENCHMARK_TRACE stall 1053 ms at offset 208328 visible=true
CHAT_BENCHMARK_TRACE stall 120 ms at offset 205169 visible=true
CHAT_BENCHMARK_TRACE stall 1135 ms at offset 203714 visible=true
CHAT_BENCHMARK_TRACE stall 118 ms at offset 200308 visible=true
CHAT_BENCHMARK_TRACE CHAT_BENCHMARK_RESULT {"averageFPS":83.21035526488077,"displayMaximumFPS":120,"durationSeconds":24.191700583323836,"expectedFrameMilliseconds":8.333333333333334,"frameCount":2014,"hitchCount":347,"hitchTimeMillisecondsPerSecond":306.2853576960274,"label":"real-scroll-3000pps","maxFrameMilliseconds":1227.634124981705,"measurementKind":"displayLinkCallbacks","p50FrameMilliseconds":8.333333360496908,"p95FrameMilliseconds":16.666666662786156,"p99FrameMilliseconds":21.050041657872498}
CHAT_BENCHMARK_RESULT {"averageFPS":83.21035526488077,"displayMaximumFPS":120,"durationSeconds":24.191700583323836,"expectedFrameMilliseconds":8.333333333333334,"frameCount":2014,"hitchCount":347,"hitchTimeMillisecondsPerSecond":306.2853576960274,"label":"real-scroll-3000pps","maxFrameMilliseconds":1227.634124981705,"measurementKind":"displayLinkCallbacks","p50FrameMilliseconds":8.333333360496908,"p95FrameMilliseconds":16.666666662786156,"p99FrameMilliseconds":21.050041657872498}
CHAT_BENCHMARK_TRACE benchmark start: real-fling-8000pps
CHAT_BENCHMARK_TRACE anchor table auto=true spacing=(17.0, 0.0) delegate=Optional(<_TtGC7SwiftUI22OutlineListCoordinatorGOS_19SelectionManagerBoxOs5Never__: 0xc1a705e00>)
CHAT_BENCHMARK_TRACE anchor row=4800 offset=370504.3506013759 range=(minY: 0.0, maxY: 458809.0)
CHAT_BENCHMARK_TRACE stall 123 ms at offset 335171 visible=true
CHAT_BENCHMARK_TRACE stall 102 ms at offset 334237 visible=true
CHAT_BENCHMARK_TRACE stall 124 ms at offset 340171 visible=true
CHAT_BENCHMARK_TRACE CHAT_BENCHMARK_RESULT {"averageFPS":74.1875,"displayMaximumFPS":120,"durationSeconds":16,"expectedFrameMilliseconds":8.333333333333334,"frameCount":1188,"hitchCount":495,"hitchTimeMillisecondsPerSecond":370.09994270556325,"label":"real-fling-8000pps","maxFrameMilliseconds":124.21437498414889,"measurementKind":"displayLinkCallbacks","p50FrameMilliseconds":8.333333360496908,"p95FrameMilliseconds":24.693000013940036,"p99FrameMilliseconds":32.66941668698564}
CHAT_BENCHMARK_RESULT {"averageFPS":74.1875,"displayMaximumFPS":120,"durationSeconds":16,"expectedFrameMilliseconds":8.333333333333334,"frameCount":1188,"hitchCount":495,"hitchTimeMillisecondsPerSecond":370.09994270556325,"label":"real-fling-8000pps","maxFrameMilliseconds":124.21437498414889,"measurementKind":"displayLinkCallbacks","p50FrameMilliseconds":8.333333360496908,"p95FrameMilliseconds":24.693000013940036,"p99FrameMilliseconds":32.66941668698564}
CHAT_BENCHMARK_TRACE CHAT_BENCHMARK_COMPLETE
CHAT_BENCHMARK_COMPLETE
