CHAT_BENCHMARK_TRACE real-thread benchmark start: Synthetic benchmark transcript
CHAT_BENCHMARK_TRACE transcript warm started
CHAT_BENCHMARK_TRACE prepare rows=106 requests=55 code=44 tables=2
CHAT_BENCHMARK_TRACE transcript warm started
CHAT_BENCHMARK_TRACE prepare rows=106 requests=55 code=44 tables=2
WARNING MISSING STYLE in atom-one-dark: hljs-operator
WARNING MISSING STYLE in atom-one-dark: hljs-operator
WARNING MISSING STYLE in atom-one-dark: hljs-operator
WARNING MISSING STYLE in atom-one-dark: hljs-operator
WARNING MISSING STYLE in atom-one-dark: hljs-operator
WARNING MISSING STYLE in atom-one-dark: hljs-operator
WARNING MISSING STYLE in atom-one-dark: hljs-operator
WARNING MISSING STYLE in atom-one-dark: hljs-operator
WARNING MISSING STYLE in atom-one-dark: hljs-operator
WARNING MISSING STYLE in atom-one-dark: hljs-operator
WARNING MISSING STYLE in atom-one-dark: hljs-operator
WARNING MISSING STYLE in atom-one-dark: hljs-operator
WARNING MISSING STYLE in atom-one-dark: hljs-operator
WARNING MISSING STYLE in atom-one-dark: hljs-operator
WARNING MISSING STYLE in atom-one-dark: hljs-operator
WARNING MISSING STYLE in atom-one-dark: hljs-operator
WARNING MISSING STYLE in atom-one-dark: hljs-operator
WARNING MISSING STYLE in atom-one-dark: hljs-operator
WARNING MISSING STYLE in atom-one-dark: hljs-operator
WARNING MISSING STYLE in atom-one-dark: hljs-operator
WARNING MISSING STYLE in atom-one-dark: hljs-operator
WARNING MISSING STYLE in atom-one-dark: hljs-operator
WARNING MISSING STYLE in atom-one-dark: hljs-operator
WARNING MISSING STYLE in atom-one-dark: hljs-operator
WARNING MISSING STYLE in atom-one-dark: hljs-operator
WARNING MISSING STYLE in atom-one-dark: hljs-operator
WARNING MISSING STYLE in atom-one-dark: hljs-operator
WARNING MISSING STYLE in atom-one-dark: hljs-operator
WARNING MISSING STYLE in atom-one-dark: hljs-operator
WARNING MISSING STYLE in atom-one-dark: hljs-operator
WARNING MISSING STYLE in atom-one-dark: hljs-operator
WARNING MISSING STYLE in atom-one-dark: hljs-params
CHAT_BENCHMARK_TRACE benchmark viewport verified content=(1280.0, 900.0) frame=(116.0, 36.0, 1280.0, 900.0)
CHAT_BENCHMARK_TRACE real-thread benchmark thread: synthetic-benchmark-thread Synthetic benchmark transcript
WARNING MISSING STYLE in atom-one-dark: hljs-function
WARNING MISSING STYLE in atom-one-dark: hljs-function
WARNING MISSING STYLE in atom-one-dark: hljs-function
WARNING MISSING STYLE in atom-one-dark: hljs-function
WARNING MISSING STYLE in atom-one-dark: hljs-operator
WARNING MISSING STYLE in atom-one-dark: hljs-params
WARNING MISSING STYLE in atom-one-dark: hljs-params
WARNING MISSING STYLE in atom-one-dark: hljs-params
WARNING MISSING STYLE in atom-one-dark: hljs-operator
WARNING MISSING STYLE in atom-one-dark: hljs-operator
WARNING MISSING STYLE in atom-one-dark: hljs-params
WARNING MISSING STYLE in atom-one-dark: hljs-operator
WARNING MISSING STYLE in atom-one-dark: hljs-params
WARNING MISSING STYLE in atom-one-dark: hljs-params
WARNING MISSING STYLE in atom-one-dark: hljs-params
WARNING MISSING STYLE in atom-one-dark: hljs-params
WARNING MISSING STYLE in atom-one-dark: hljs-params
WARNING MISSING STYLE in atom-one-dark: hljs-params
WARNING MISSING STYLE in atom-one-dark: hljs-params
WARNING MISSING STYLE in atom-one-dark: hljs-property
WARNING MISSING STYLE in atom-one-dark: hljs-property
WARNING MISSING STYLE in atom-one-dark: hljs-params
WARNING MISSING STYLE in atom-one-dark: hljs-params
WARNING MISSING STYLE in atom-one-dark: hljs-params
WARNING MISSING STYLE in atom-one-dark: hljs-params
WARNING MISSING STYLE in atom-one-dark: hljs-params
WARNING MISSING STYLE in atom-one-dark: hljs-function
WARNING MISSING STYLE in atom-one-dark: hljs-function
WARNING MISSING STYLE in atom-one-dark: hljs-function
WARNING MISSING STYLE in atom-one-dark: hljs-function
WARNING MISSING STYLE in atom-one-dark: hljs-params
WARNING MISSING STYLE in atom-one-dark: hljs-function
WARNING MISSING STYLE in atom-one-dark: hljs-params
WARNING MISSING STYLE in atom-one-dark: hljs-function
WARNING MISSING STYLE in atom-one-dark: hljs-params
WARNING MISSING STYLE in atom-one-dark: hljs-function
WARNING MISSING STYLE in atom-one-dark: hljs-params
WARNING MISSING STYLE in atom-one-dark: hljs-function
WARNING MISSING STYLE in atom-one-dark: hljs-params
WARNING MISSING STYLE in atom-one-dark: hljs-function
WARNING MISSING STYLE in atom-one-dark: hljs-function
WARNING MISSING STYLE in atom-one-dark: hljs-function
WARNING MISSING STYLE in atom-one-dark: hljs-function
WARNING MISSING STYLE in atom-one-dark: hljs-params
WARNING MISSING STYLE in atom-one-dark: hljs-function
WARNING MISSING STYLE in atom-one-dark: hljs-params
WARNING MISSING STYLE in atom-one-dark: hljs-function
WARNING MISSING STYLE in atom-one-dark: hljs-params
WARNING MISSING STYLE in atom-one-dark: hljs-tag
WARNING MISSING STYLE in atom-one-dark: hljs-tag
WARNING MISSING STYLE in atom-one-dark: hljs-tag
WARNING MISSING STYLE in atom-one-dark: hljs-tag
WARNING MISSING STYLE in atom-one-dark: hljs-tag
WARNING MISSING STYLE in atom-one-dark: hljs-tag
WARNING MISSING STYLE in atom-one-dark: hljs-tag
WARNING MISSING STYLE in atom-one-dark: hljs-tag
WARNING MISSING STYLE in atom-one-dark: hljs-tag
WARNING MISSING STYLE in atom-one-dark: hljs-tag
WARNING MISSING STYLE in atom-one-dark: hljs-tag
WARNING MISSING STYLE in atom-one-dark: hljs-tag
WARNING MISSING STYLE in atom-one-dark: hljs-tag
WARNING MISSING STYLE in atom-one-dark: hljs-tag
WARNING MISSING STYLE in atom-one-dark: hljs-tag
WARNING MISSING STYLE in atom-one-dark: hljs-tag
WARNING MISSING STYLE in atom-one-dark: hljs-tag
WARNING MISSING STYLE in atom-one-dark: hljs-tag
WARNING MISSING STYLE in atom-one-dark: hljs-tag
WARNING MISSING STYLE in atom-one-dark: hljs-tag
WARNING MISSING STYLE in atom-one-dark: hljs-tag
WARNING MISSING STYLE in atom-one-dark: hljs-tag
WARNING MISSING STYLE in atom-one-dark: hljs-tag
WARNING MISSING STYLE in atom-one-dark: hljs-tag
WARNING MISSING STYLE in atom-one-dark: hljs-tag
WARNING MISSING STYLE in atom-one-dark: hljs-tag
WARNING MISSING STYLE in atom-one-dark: hljs-tag
WARNING MISSING STYLE in atom-one-dark: hljs-tag
WARNING MISSING STYLE in atom-one-dark: hljs-punctuation
WARNING MISSING STYLE in atom-one-dark: hljs-punctuation
WARNING MISSING STYLE in atom-one-dark: hljs-punctuation
WARNING MISSING STYLE in atom-one-dark: hljs-punctuation
WARNING MISSING STYLE in atom-one-dark: hljs-punctuation
WARNING MISSING STYLE in atom-one-dark: hljs-punctuation
WARNING MISSING STYLE in atom-one-dark: hljs-punctuation
WARNING MISSING STYLE in atom-one-dark: hljs-punctuation
WARNING MISSING STYLE in atom-one-dark: hljs-punctuation
WARNING MISSING STYLE in atom-one-dark: hljs-punctuation
WARNING MISSING STYLE in atom-one-dark: hljs-punctuation
WARNING MISSING STYLE in atom-one-dark: hljs-punctuation
WARNING MISSING STYLE in atom-one-dark: hljs-punctuation
WARNING MISSING STYLE in atom-one-dark: hljs-punctuation
WARNING MISSING STYLE in atom-one-dark: hljs-punctuation
WARNING MISSING STYLE in atom-one-dark: hljs-punctuation
WARNING MISSING STYLE in atom-one-dark: hljs-punctuation
WARNING MISSING STYLE in atom-one-dark: hljs-punctuation
WARNING MISSING STYLE in atom-one-dark: hljs-punctuation
WARNING MISSING STYLE in atom-one-dark: hljs-punctuation
WARNING MISSING STYLE in atom-one-dark: hljs-punctuation
WARNING MISSING STYLE in atom-one-dark: hljs-operator
WARNING MISSING STYLE in atom-one-dark: hljs-params
WARNING MISSING STYLE in atom-one-dark: hljs-operator
CHAT_BENCHMARK_TRACE transcript warm
CHAT_BENCHMARK_TRACE native geometry rows=108 measured=108 width=760.0 totalHeight=17165.0 elapsed=0.131284791 seconds
CHAT_BENCHMARK_TRACE native geometry rows=108 measured=0 width=760.0 totalHeight=17165.0 elapsed=0.000859959 seconds
CHAT_BENCHMARK_TRACE transcript warm started
CHAT_BENCHMARK_TRACE prepare rows=109 requests=56 code=44 tables=2
CHAT_BENCHMARK_TRACE transcript warm
CHAT_BENCHMARK_TRACE native geometry rows=112 measured=4 width=760.0 totalHeight=17308.0 elapsed=0.035719667 seconds
CHAT_BENCHMARK_TRACE benchmark start: production-stream-20000chars
CHAT_BENCHMARK_TRACE layout miss id=synthetic-stream-assistant-block-0 width=760.0 cached=false bytes=23
CHAT_BENCHMARK_TRACE layout miss id=synthetic-stream-assistant-block-0 width=760.0 cached=true bytes=189
CHAT_BENCHMARK_TRACE code layout miss id=synthetic-stream-assistant-block-1 bytes=479
CHAT_BENCHMARK_TRACE layout miss id=synthetic-stream-assistant-block-2 width=760.0 cached=false bytes=29
CHAT_BENCHMARK_TRACE code layout miss id=synthetic-stream-assistant-block-3 bytes=388
CHAT_BENCHMARK_TRACE layout miss id=synthetic-stream-assistant-block-4 width=760.0 cached=false bytes=27
CHAT_BENCHMARK_TRACE code layout miss id=synthetic-stream-assistant-block-5 bytes=429
CHAT_BENCHMARK_TRACE layout miss id=synthetic-stream-assistant-block-6 width=760.0 cached=false bytes=23
CHAT_BENCHMARK_TRACE code layout miss id=synthetic-stream-assistant-block-7 bytes=401
CHAT_BENCHMARK_TRACE layout miss id=synthetic-stream-assistant-block-8 width=760.0 cached=false bytes=25
CHAT_BENCHMARK_TRACE code layout miss id=synthetic-stream-assistant-block-9 bytes=386
CHAT_BENCHMARK_TRACE layout miss id=synthetic-stream-assistant-block-10 width=760.0 cached=false bytes=24
CHAT_BENCHMARK_TRACE code layout miss id=synthetic-stream-assistant-block-11 bytes=435
CHAT_BENCHMARK_TRACE layout miss id=synthetic-stream-assistant-block-12 width=760.0 cached=false bytes=27
CHAT_BENCHMARK_TRACE code layout miss id=synthetic-stream-assistant-block-13 bytes=193
CHAT_BENCHMARK_TRACE layout miss id=synthetic-stream-assistant-block-14 width=760.0 cached=false bytes=32
CHAT_BENCHMARK_TRACE code layout miss id=synthetic-stream-assistant-block-15 bytes=194
CHAT_BENCHMARK_TRACE layout miss id=synthetic-stream-assistant-block-16 width=760.0 cached=false bytes=15
CHAT_BENCHMARK_TRACE code layout miss id=synthetic-stream-assistant-block-17 bytes=202
CHAT_BENCHMARK_TRACE layout miss id=synthetic-stream-assistant-block-18 width=760.0 cached=false bytes=26
CHAT_BENCHMARK_TRACE code layout miss id=synthetic-stream-assistant-block-19 bytes=287
CHAT_BENCHMARK_TRACE layout miss id=synthetic-stream-assistant-block-20 width=760.0 cached=false bytes=17
CHAT_BENCHMARK_TRACE code layout miss id=synthetic-stream-assistant-block-21 bytes=266
CHAT_BENCHMARK_TRACE layout miss id=synthetic-stream-assistant-block-22 width=760.0 cached=false bytes=33
CHAT_BENCHMARK_TRACE code layout miss id=synthetic-stream-assistant-block-23 bytes=191
CHAT_BENCHMARK_TRACE layout miss id=synthetic-stream-assistant-block-24 width=760.0 cached=false bytes=14
CHAT_BENCHMARK_TRACE code layout miss id=synthetic-stream-assistant-block-25 bytes=213
CHAT_BENCHMARK_TRACE layout miss id=synthetic-stream-assistant-block-26 width=760.0 cached=false bytes=42
CHAT_BENCHMARK_TRACE code layout miss id=synthetic-stream-assistant-block-27 bytes=350
CHAT_BENCHMARK_TRACE layout miss id=synthetic-stream-assistant-block-28 width=760.0 cached=false bytes=19
CHAT_BENCHMARK_TRACE layout miss id=synthetic-stream-assistant-block-28 width=760.0 cached=true bytes=144
CHAT_BENCHMARK_TRACE layout miss id=synthetic-stream-assistant-block-28 width=760.0 cached=true bytes=170
CHAT_BENCHMARK_TRACE layout miss id=synthetic-stream-assistant-block-28 width=760.0 cached=true bytes=334
CHAT_BENCHMARK_TRACE layout miss id=synthetic-stream-assistant-block-28 width=760.0 cached=true bytes=357
CHAT_BENCHMARK_TRACE layout miss id=synthetic-stream-assistant-block-28 width=760.0 cached=true bytes=637
CHAT_BENCHMARK_TRACE layout miss id=synthetic-stream-assistant-block-28 width=760.0 cached=true bytes=904
CHAT_BENCHMARK_TRACE code layout miss id=synthetic-stream-assistant-block-29 bytes=112
CHAT_BENCHMARK_TRACE layout miss id=synthetic-stream-assistant-block-30 width=760.0 cached=false bytes=110
CHAT_BENCHMARK_TRACE layout miss id=synthetic-stream-assistant-block-30 width=760.0 cached=true bytes=133
CHAT_BENCHMARK_TRACE layout miss id=synthetic-stream-assistant-block-30 width=760.0 cached=true bytes=413
CHAT_BENCHMARK_TRACE layout miss id=synthetic-stream-assistant-block-30 width=760.0 cached=true bytes=680
CHAT_BENCHMARK_TRACE code layout miss id=synthetic-stream-assistant-block-31 bytes=112
CHAT_BENCHMARK_TRACE layout miss id=synthetic-stream-assistant-block-32 width=760.0 cached=false bytes=110
CHAT_BENCHMARK_TRACE layout miss id=synthetic-stream-assistant-block-32 width=760.0 cached=true bytes=133
CHAT_BENCHMARK_TRACE layout miss id=synthetic-stream-assistant-block-32 width=760.0 cached=true bytes=413
CHAT_BENCHMARK_TRACE layout miss id=synthetic-stream-assistant-block-32 width=760.0 cached=true bytes=680
CHAT_BENCHMARK_TRACE code layout miss id=synthetic-stream-assistant-block-33 bytes=112
CHAT_BENCHMARK_TRACE layout miss id=synthetic-stream-assistant-block-34 width=760.0 cached=false bytes=110
CHAT_BENCHMARK_TRACE layout miss id=synthetic-stream-assistant-block-34 width=760.0 cached=true bytes=133
CHAT_BENCHMARK_TRACE layout miss id=synthetic-stream-assistant-block-34 width=760.0 cached=true bytes=413
CHAT_BENCHMARK_TRACE layout miss id=synthetic-stream-assistant-block-34 width=760.0 cached=true bytes=680
CHAT_BENCHMARK_TRACE code layout miss id=synthetic-stream-assistant-block-35 bytes=112
CHAT_BENCHMARK_TRACE layout miss id=synthetic-stream-assistant-block-36 width=760.0 cached=false bytes=110
CHAT_BENCHMARK_TRACE layout miss id=synthetic-stream-assistant-block-36 width=760.0 cached=true bytes=133
CHAT_BENCHMARK_TRACE layout miss id=synthetic-stream-assistant-block-36 width=760.0 cached=true bytes=413
CHAT_BENCHMARK_TRACE layout miss id=synthetic-stream-assistant-block-36 width=760.0 cached=true bytes=680
CHAT_BENCHMARK_TRACE code layout miss id=synthetic-stream-assistant-block-37 bytes=112
CHAT_BENCHMARK_TRACE layout miss id=synthetic-stream-assistant-block-38 width=760.0 cached=false bytes=110
CHAT_BENCHMARK_TRACE layout miss id=synthetic-stream-assistant-block-38 width=760.0 cached=true bytes=133
CHAT_BENCHMARK_TRACE layout miss id=synthetic-stream-assistant-block-38 width=760.0 cached=true bytes=413
CHAT_BENCHMARK_TRACE layout miss id=synthetic-stream-assistant-block-38 width=760.0 cached=true bytes=680
CHAT_BENCHMARK_TRACE code layout miss id=synthetic-stream-assistant-block-39 bytes=112
CHAT_BENCHMARK_TRACE layout miss id=synthetic-stream-assistant-block-40 width=760.0 cached=false bytes=110
CHAT_BENCHMARK_TRACE layout miss id=synthetic-stream-assistant-block-40 width=760.0 cached=true bytes=133
CHAT_BENCHMARK_TRACE layout miss id=synthetic-stream-assistant-block-40 width=760.0 cached=true bytes=413
CHAT_BENCHMARK_TRACE layout miss id=synthetic-stream-assistant-block-40 width=760.0 cached=true bytes=680
CHAT_BENCHMARK_TRACE code layout miss id=synthetic-stream-assistant-block-41 bytes=112
CHAT_BENCHMARK_TRACE layout miss id=synthetic-stream-assistant-block-42 width=760.0 cached=false bytes=110
CHAT_BENCHMARK_TRACE layout miss id=synthetic-stream-assistant-block-42 width=760.0 cached=true bytes=133
CHAT_BENCHMARK_TRACE layout miss id=synthetic-stream-assistant-block-42 width=760.0 cached=true bytes=413
CHAT_BENCHMARK_TRACE layout miss id=synthetic-stream-assistant-block-42 width=760.0 cached=true bytes=680
CHAT_BENCHMARK_TRACE code layout miss id=synthetic-stream-assistant-block-43 bytes=112
CHAT_BENCHMARK_TRACE layout miss id=synthetic-stream-assistant-block-44 width=760.0 cached=false bytes=110
CHAT_BENCHMARK_TRACE layout miss id=synthetic-stream-assistant-block-44 width=760.0 cached=true bytes=133
CHAT_BENCHMARK_TRACE layout miss id=synthetic-stream-assistant-block-44 width=760.0 cached=true bytes=413
CHAT_BENCHMARK_TRACE layout miss id=synthetic-stream-assistant-block-44 width=760.0 cached=true bytes=680
CHAT_BENCHMARK_TRACE code layout miss id=synthetic-stream-assistant-block-45 bytes=112
CHAT_BENCHMARK_TRACE layout miss id=synthetic-stream-assistant-block-46 width=760.0 cached=false bytes=110
CHAT_BENCHMARK_TRACE layout miss id=synthetic-stream-assistant-block-46 width=760.0 cached=true bytes=134
CHAT_BENCHMARK_TRACE layout miss id=synthetic-stream-assistant-block-46 width=760.0 cached=true bytes=415
CHAT_BENCHMARK_TRACE layout miss id=synthetic-stream-assistant-block-46 width=760.0 cached=true bytes=682
CHAT_BENCHMARK_TRACE code layout miss id=synthetic-stream-assistant-block-47 bytes=113
CHAT_BENCHMARK_TRACE layout miss id=synthetic-stream-assistant-block-48 width=760.0 cached=false bytes=111
CHAT_BENCHMARK_TRACE layout miss id=synthetic-stream-assistant-block-48 width=760.0 cached=true bytes=140
CHAT_BENCHMARK_TRACE layout miss id=synthetic-stream-assistant-block-48 width=760.0 cached=true bytes=164
CHAT_BENCHMARK_TRACE layout miss id=synthetic-stream-assistant-block-48 width=760.0 cached=true bytes=337
CHAT_BENCHMARK_TRACE layout miss id=synthetic-stream-assistant-block-48 width=760.0 cached=true bytes=504
CHAT_BENCHMARK_TRACE layout miss id=synthetic-stream-assistant-block-48 width=760.0 cached=true bytes=524
CHAT_BENCHMARK_TRACE layout miss id=synthetic-stream-assistant-block-48 width=760.0 cached=true bytes=545
CHAT_BENCHMARK_TRACE layout miss id=synthetic-stream-assistant-block-48 width=760.0 cached=true bytes=569
CHAT_BENCHMARK_TRACE layout miss id=synthetic-stream-assistant-block-48 width=760.0 cached=true bytes=593
CHAT_BENCHMARK_TRACE layout miss id=synthetic-stream-assistant-block-48 width=760.0 cached=true bytes=618
CHAT_BENCHMARK_TRACE layout miss id=synthetic-stream-assistant-block-48 width=760.0 cached=true bytes=644
CHAT_BENCHMARK_TRACE layout miss id=synthetic-stream-assistant-block-48 width=760.0 cached=true bytes=662
CHAT_BENCHMARK_TRACE layout miss id=synthetic-stream-assistant-block-48 width=760.0 cached=true bytes=829
CHAT_BENCHMARK_TRACE layout miss id=synthetic-stream-assistant-block-48 width=760.0 cached=true bytes=931
CHAT_BENCHMARK_TRACE layout miss id=synthetic-stream-assistant-block-48 width=760.0 cached=true bytes=941
CHAT_BENCHMARK_TRACE layout miss id=synthetic-stream-assistant-block-48 width=760.0 cached=true bytes=1205
CHAT_BENCHMARK_TRACE layout miss id=synthetic-stream-assistant-block-48 width=760.0 cached=true bytes=1352
CHAT_BENCHMARK_TRACE layout miss id=synthetic-stream-assistant-block-48 width=760.0 cached=true bytes=1367
CHAT_BENCHMARK_TRACE layout miss id=synthetic-stream-assistant-block-48 width=760.0 cached=true bytes=1552
CHAT_BENCHMARK_TRACE layout miss id=synthetic-stream-assistant-block-48 width=760.0 cached=true bytes=1568
CHAT_BENCHMARK_TRACE layout miss id=synthetic-stream-assistant-block-48 width=760.0 cached=true bytes=1647
CHAT_BENCHMARK_TRACE layout miss id=synthetic-stream-assistant-block-48 width=760.0 cached=true bytes=1848
CHAT_BENCHMARK_TRACE layout miss id=synthetic-stream-assistant-block-48 width=760.0 cached=true bytes=1864
CHAT_BENCHMARK_TRACE code layout miss id=synthetic-stream-assistant-block-49 bytes=186
CHAT_BENCHMARK_TRACE layout miss id=synthetic-stream-assistant-block-50 width=760.0 cached=false bytes=29
CHAT_BENCHMARK_TRACE code layout miss id=synthetic-stream-assistant-block-51 bytes=73
CHAT_BENCHMARK_TRACE layout miss id=synthetic-stream-assistant-block-52 width=760.0 cached=false bytes=77
CHAT_BENCHMARK_TRACE code layout miss id=synthetic-stream-assistant-block-53 bytes=172
CHAT_BENCHMARK_TRACE layout miss id=synthetic-stream-assistant-block-54 width=760.0 cached=false bytes=20
CHAT_BENCHMARK_TRACE layout miss id=synthetic-stream-assistant-block-54 width=760.0 cached=true bytes=51
CHAT_BENCHMARK_TRACE layout miss id=synthetic-stream-assistant-block-54 width=760.0 cached=true bytes=76
CHAT_BENCHMARK_TRACE layout miss id=synthetic-stream-assistant-block-54 width=760.0 cached=true bytes=91
CHAT_BENCHMARK_TRACE table layout miss id=synthetic-stream-assistant-block-55 rows=0
CHAT_BENCHMARK_TRACE table layout miss id=synthetic-stream-assistant-block-55 rows=0
CHAT_BENCHMARK_TRACE table layout miss id=synthetic-stream-assistant-block-55 rows=0
CHAT_BENCHMARK_TRACE table layout miss id=synthetic-stream-assistant-block-55 rows=0
CHAT_BENCHMARK_TRACE table layout miss id=synthetic-stream-assistant-block-55 rows=1
CHAT_BENCHMARK_TRACE table layout miss id=synthetic-stream-assistant-block-55 rows=1
CHAT_BENCHMARK_TRACE table layout miss id=synthetic-stream-assistant-block-55 rows=1
CHAT_BENCHMARK_TRACE table layout miss id=synthetic-stream-assistant-block-55 rows=1
CHAT_BENCHMARK_TRACE table layout miss id=synthetic-stream-assistant-block-55 rows=1
CHAT_BENCHMARK_TRACE table layout miss id=synthetic-stream-assistant-block-55 rows=2
CHAT_BENCHMARK_TRACE table layout miss id=synthetic-stream-assistant-block-55 rows=2
CHAT_BENCHMARK_TRACE table layout miss id=synthetic-stream-assistant-block-55 rows=2
CHAT_BENCHMARK_TRACE table layout miss id=synthetic-stream-assistant-block-55 rows=2
CHAT_BENCHMARK_TRACE table layout miss id=synthetic-stream-assistant-block-55 rows=2
CHAT_BENCHMARK_TRACE table layout miss id=synthetic-stream-assistant-block-55 rows=2
CHAT_BENCHMARK_TRACE table layout miss id=synthetic-stream-assistant-block-55 rows=3
CHAT_BENCHMARK_TRACE table layout miss id=synthetic-stream-assistant-block-55 rows=3
CHAT_BENCHMARK_TRACE table layout miss id=synthetic-stream-assistant-block-55 rows=3
CHAT_BENCHMARK_TRACE table layout miss id=synthetic-stream-assistant-block-55 rows=3
CHAT_BENCHMARK_TRACE table layout miss id=synthetic-stream-assistant-block-55 rows=3
CHAT_BENCHMARK_TRACE table layout miss id=synthetic-stream-assistant-block-55 rows=3
CHAT_BENCHMARK_TRACE layout miss id=synthetic-stream-assistant-block-56 width=760.0 cached=false bytes=28
CHAT_BENCHMARK_TRACE layout miss id=synthetic-stream-assistant-block-56 width=760.0 cached=true bytes=120
CHAT_BENCHMARK_TRACE layout miss id=synthetic-stream-assistant-block-56 width=760.0 cached=true bytes=203
CHAT_BENCHMARK_TRACE layout miss id=synthetic-stream-assistant-block-56 width=760.0 cached=true bytes=324
CHAT_BENCHMARK_TRACE layout miss id=synthetic-stream-assistant-block-56 width=760.0 cached=true bytes=348
CHAT_BENCHMARK_TRACE layout miss id=synthetic-stream-assistant-block-56 width=760.0 cached=true bytes=371
CHAT_BENCHMARK_TRACE layout miss id=synthetic-stream-assistant-block-56 width=760.0 cached=true bytes=521
CHAT_BENCHMARK_TRACE layout miss id=synthetic-stream-assistant-block-56 width=760.0 cached=true bytes=537
CHAT_BENCHMARK_TRACE code layout miss id=synthetic-stream-assistant-block-57 bytes=479
CHAT_BENCHMARK_TRACE layout miss id=synthetic-stream-assistant-block-58 width=760.0 cached=false bytes=29
CHAT_BENCHMARK_TRACE code layout miss id=synthetic-stream-assistant-block-59 bytes=388
CHAT_BENCHMARK_TRACE layout miss id=synthetic-stream-assistant-block-60 width=760.0 cached=false bytes=27
CHAT_BENCHMARK_TRACE code layout miss id=synthetic-stream-assistant-block-61 bytes=429
CHAT_BENCHMARK_TRACE layout miss id=synthetic-stream-assistant-block-62 width=760.0 cached=false bytes=23
CHAT_BENCHMARK_TRACE code layout miss id=synthetic-stream-assistant-block-63 bytes=401
CHAT_BENCHMARK_TRACE layout miss id=synthetic-stream-assistant-block-64 width=760.0 cached=false bytes=25
CHAT_BENCHMARK_TRACE code layout miss id=synthetic-stream-assistant-block-65 bytes=386
CHAT_BENCHMARK_TRACE layout miss id=synthetic-stream-assistant-block-66 width=760.0 cached=false bytes=24
CHAT_BENCHMARK_TRACE code layout miss id=synthetic-stream-assistant-block-67 bytes=435
CHAT_BENCHMARK_TRACE layout miss id=synthetic-stream-assistant-block-68 width=760.0 cached=false bytes=27
CHAT_BENCHMARK_TRACE code layout miss id=synthetic-stream-assistant-block-69 bytes=193
CHAT_BENCHMARK_TRACE layout miss id=synthetic-stream-assistant-block-70 width=760.0 cached=false bytes=32
CHAT_BENCHMARK_TRACE transcript warm started
CHAT_BENCHMARK_TRACE prepare rows=179 requests=92 code=79 tables=3
CHAT_BENCHMARK_TRACE transcript warm
CHAT_BENCHMARK_TRACE native geometry rows=181 measured=72 width=760.0 totalHeight=30395.0 elapsed=0.080792833 seconds
CHAT_BENCHMARK_TRACE CHAT_BENCHMARK_RESULT {"averageFPS":105.73579943442508,"displayMaximumFPS":120,"durationSeconds":22.868319083354436,"expectedFrameMilliseconds":8.333333333333334,"frameCount":2419,"hitchCount":199,"hitchTimeMillisecondsPerSecond":114.16279431990002,"label":"production-stream-20000chars","maxFrameMilliseconds":52.58495832094923,"measurementKind":"displayLinkCallbacks","p50FrameMilliseconds":8.333333360496908,"p95FrameMilliseconds":19.087958324234933,"p99FrameMilliseconds":29.281791707035154}
CHAT_BENCHMARK_RESULT {"averageFPS":105.73579943442508,"displayMaximumFPS":120,"durationSeconds":22.868319083354436,"expectedFrameMilliseconds":8.333333333333334,"frameCount":2419,"hitchCount":199,"hitchTimeMillisecondsPerSecond":114.16279431990002,"label":"production-stream-20000chars","maxFrameMilliseconds":52.58495832094923,"measurementKind":"displayLinkCallbacks","p50FrameMilliseconds":8.333333360496908,"p95FrameMilliseconds":19.087958324234933,"p99FrameMilliseconds":29.281791707035154}
CHAT_BENCHMARK_TRACE stream sourceMatches=true completed=true
CHAT_BENCHMARK_TRACE CHAT_BENCHMARK_COMPLETE
CHAT_BENCHMARK_COMPLETE
