CHAT_BENCHMARK_TRACE real-thread benchmark start: Synthetic benchmark transcript
CHAT_BENCHMARK_TRACE real-thread benchmark thread: synthetic-benchmark-thread Synthetic benchmark transcript
CHAT_BENCHMARK_TRACE transcript warm started
CHAT_BENCHMARK_TRACE prepare rows=107 requests=56 code=44 tables=2
CHAT_BENCHMARK_TRACE transcript warm started
CHAT_BENCHMARK_TRACE prepare rows=5850 requests=3050 code=2350 tables=150
CHAT_BENCHMARK_TRACE transcript warm
CHAT_BENCHMARK_TRACE native geometry rows=5850 width=760.0 totalHeight=967350.0 elapsed=5.334074541 seconds
CHAT_BENCHMARK_TRACE benchmark start: real-cruise-1200pps
CHAT_BENCHMARK_TRACE anchor row=4800 offset=793392.0 range=(minY: 0.0, maxY: 966576.0)
CHAT_BENCHMARK_TRACE CHAT_BENCHMARK_RESULT {"averageFPS":42.92313780539801,"displayMaximumFPS":120,"durationSeconds":20.035813875001622,"expectedFrameMilliseconds":8.333333333333334,"frameCount":861,"hitchCount":813,"hitchTimeMillisecondsPerSecond":640.1052404625565,"label":"full-history-scrub-2.0s-20.0s","maxFrameMilliseconds":52.66929167555645,"measurementKind":"displayLinkCallbacks","p50FrameMilliseconds":23.017833329504356,"p95FrameMilliseconds":33.33333335467614,"p99FrameMilliseconds":39.08375001628883}
CHAT_BENCHMARK_RESULT {"averageFPS":42.92313780539801,"displayMaximumFPS":120,"durationSeconds":20.035813875001622,"expectedFrameMilliseconds":8.333333333333334,"frameCount":861,"hitchCount":813,"hitchTimeMillisecondsPerSecond":640.1052404625565,"label":"full-history-scrub-2.0s-20.0s","maxFrameMilliseconds":52.66929167555645,"measurementKind":"displayLinkCallbacks","p50FrameMilliseconds":23.017833329504356,"p95FrameMilliseconds":33.33333335467614,"p99FrameMilliseconds":39.08375001628883}
CHAT_BENCHMARK_TRACE benchmark start: real-scroll-3000pps
CHAT_BENCHMARK_TRACE anchor row=4800 offset=793392.0 range=(minY: 0.0, maxY: 966576.0)
CHAT_BENCHMARK_TRACE CHAT_BENCHMARK_RESULT {"averageFPS":41.90982402171321,"displayMaximumFPS":120,"durationSeconds":24.027779249998275,"expectedFrameMilliseconds":8.333333333333334,"frameCount":1008,"hitchCount":915,"hitchTimeMillisecondsPerSecond":644.0529663117895,"label":"full-history-scrub-2.0s-24.0s","maxFrameMilliseconds":55.70466667995788,"measurementKind":"displayLinkCallbacks","p50FrameMilliseconds":24.28616667748429,"p95FrameMilliseconds":34.2393750033807,"p99FrameMilliseconds":37.693458347348496}
CHAT_BENCHMARK_RESULT {"averageFPS":41.90982402171321,"displayMaximumFPS":120,"durationSeconds":24.027779249998275,"expectedFrameMilliseconds":8.333333333333334,"frameCount":1008,"hitchCount":915,"hitchTimeMillisecondsPerSecond":644.0529663117895,"label":"full-history-scrub-2.0s-24.0s","maxFrameMilliseconds":55.70466667995788,"measurementKind":"displayLinkCallbacks","p50FrameMilliseconds":24.28616667748429,"p95FrameMilliseconds":34.2393750033807,"p99FrameMilliseconds":37.693458347348496}
CHAT_BENCHMARK_TRACE benchmark start: real-fling-8000pps
CHAT_BENCHMARK_TRACE anchor row=4800 offset=793392.0 range=(minY: 0.0, maxY: 966576.0)
CHAT_BENCHMARK_TRACE CHAT_BENCHMARK_RESULT {"averageFPS":42.634815470186645,"displayMaximumFPS":120,"durationSeconds":16.019771458319155,"expectedFrameMilliseconds":8.333333333333334,"frameCount":684,"hitchCount":614,"hitchTimeMillisecondsPerSecond":635.0127029866895,"label":"full-history-scrub-2.0s-16.0s","maxFrameMilliseconds":56.96520832134411,"measurementKind":"displayLinkCallbacks","p50FrameMilliseconds":24.385416676523164,"p95FrameMilliseconds":32.928125001490116,"p99FrameMilliseconds":37.05262500443496}
CHAT_BENCHMARK_RESULT {"averageFPS":42.634815470186645,"displayMaximumFPS":120,"durationSeconds":16.019771458319155,"expectedFrameMilliseconds":8.333333333333334,"frameCount":684,"hitchCount":614,"hitchTimeMillisecondsPerSecond":635.0127029866895,"label":"full-history-scrub-2.0s-16.0s","maxFrameMilliseconds":56.96520832134411,"measurementKind":"displayLinkCallbacks","p50FrameMilliseconds":24.385416676523164,"p95FrameMilliseconds":32.928125001490116,"p99FrameMilliseconds":37.05262500443496}
CHAT_BENCHMARK_TRACE CHAT_BENCHMARK_COMPLETE
CHAT_BENCHMARK_COMPLETE
