CHAT_BENCHMARK_TRACE real-thread benchmark start: Synthetic benchmark transcript
CHAT_BENCHMARK_TRACE real-thread benchmark thread: synthetic-benchmark-thread Synthetic benchmark transcript
CHAT_BENCHMARK_TRACE transcript warm started
CHAT_BENCHMARK_TRACE prepare rows=107 requests=56 code=44 tables=2
CHAT_BENCHMARK_TRACE transcript warm started
CHAT_BENCHMARK_TRACE prepare rows=5850 requests=3050 code=2350 tables=150
WARNING MISSING STYLE in atom-one-dark: hljs-params
WARNING MISSING STYLE in atom-one-dark: hljs-operator
WARNING MISSING STYLE in atom-one-dark: hljs-operator
WARNING MISSING STYLE in atom-one-dark: hljs-params
WARNING MISSING STYLE in atom-one-dark: hljs-params
WARNING MISSING STYLE in atom-one-dark: hljs-params
WARNING MISSING STYLE in atom-one-dark: hljs-operator
WARNING MISSING STYLE in atom-one-dark: hljs-operator
WARNING MISSING STYLE in atom-one-dark: hljs-params
WARNING MISSING STYLE in atom-one-dark: hljs-operator
WARNING MISSING STYLE in atom-one-dark: hljs-params
WARNING MISSING STYLE in atom-one-dark: hljs-params
WARNING MISSING STYLE in atom-one-dark: hljs-params
WARNING MISSING STYLE in atom-one-dark: hljs-params
WARNING MISSING STYLE in atom-one-dark: hljs-params
WARNING MISSING STYLE in atom-one-dark: hljs-params
WARNING MISSING STYLE in atom-one-dark: hljs-params
WARNING MISSING STYLE in atom-one-dark: hljs-property
WARNING MISSING STYLE in atom-one-dark: hljs-property
WARNING MISSING STYLE in atom-one-dark: hljs-params
WARNING MISSING STYLE in atom-one-dark: hljs-params
WARNING MISSING STYLE in atom-one-dark: hljs-params
WARNING MISSING STYLE in atom-one-dark: hljs-params
WARNING MISSING STYLE in atom-one-dark: hljs-params
WARNING MISSING STYLE in atom-one-dark: hljs-function
WARNING MISSING STYLE in atom-one-dark: hljs-function
WARNING MISSING STYLE in atom-one-dark: hljs-function
WARNING MISSING STYLE in atom-one-dark: hljs-function
WARNING MISSING STYLE in atom-one-dark: hljs-params
WARNING MISSING STYLE in atom-one-dark: hljs-function
WARNING MISSING STYLE in atom-one-dark: hljs-params
WARNING MISSING STYLE in atom-one-dark: hljs-function
WARNING MISSING STYLE in atom-one-dark: hljs-params
WARNING MISSING STYLE in atom-one-dark: hljs-function
WARNING MISSING STYLE in atom-one-dark: hljs-params
WARNING MISSING STYLE in atom-one-dark: hljs-function
WARNING MISSING STYLE in atom-one-dark: hljs-params
WARNING MISSING STYLE in atom-one-dark: hljs-function
WARNING MISSING STYLE in atom-one-dark: hljs-function
WARNING MISSING STYLE in atom-one-dark: hljs-function
WARNING MISSING STYLE in atom-one-dark: hljs-function
WARNING MISSING STYLE in atom-one-dark: hljs-params
WARNING MISSING STYLE in atom-one-dark: hljs-function
WARNING MISSING STYLE in atom-one-dark: hljs-params
WARNING MISSING STYLE in atom-one-dark: hljs-function
WARNING MISSING STYLE in atom-one-dark: hljs-params
WARNING MISSING STYLE in atom-one-dark: hljs-tag
WARNING MISSING STYLE in atom-one-dark: hljs-tag
WARNING MISSING STYLE in atom-one-dark: hljs-tag
WARNING MISSING STYLE in atom-one-dark: hljs-tag
WARNING MISSING STYLE in atom-one-dark: hljs-tag
WARNING MISSING STYLE in atom-one-dark: hljs-tag
WARNING MISSING STYLE in atom-one-dark: hljs-tag
WARNING MISSING STYLE in atom-one-dark: hljs-tag
WARNING MISSING STYLE in atom-one-dark: hljs-tag
WARNING MISSING STYLE in atom-one-dark: hljs-tag
WARNING MISSING STYLE in atom-one-dark: hljs-tag
WARNING MISSING STYLE in atom-one-dark: hljs-tag
WARNING MISSING STYLE in atom-one-dark: hljs-tag
WARNING MISSING STYLE in atom-one-dark: hljs-tag
WARNING MISSING STYLE in atom-one-dark: hljs-tag
WARNING MISSING STYLE in atom-one-dark: hljs-tag
WARNING MISSING STYLE in atom-one-dark: hljs-tag
WARNING MISSING STYLE in atom-one-dark: hljs-tag
WARNING MISSING STYLE in atom-one-dark: hljs-tag
WARNING MISSING STYLE in atom-one-dark: hljs-tag
WARNING MISSING STYLE in atom-one-dark: hljs-tag
WARNING MISSING STYLE in atom-one-dark: hljs-tag
WARNING MISSING STYLE in atom-one-dark: hljs-tag
WARNING MISSING STYLE in atom-one-dark: hljs-tag
WARNING MISSING STYLE in atom-one-dark: hljs-tag
WARNING MISSING STYLE in atom-one-dark: hljs-tag
WARNING MISSING STYLE in atom-one-dark: hljs-tag
WARNING MISSING STYLE in atom-one-dark: hljs-tag
WARNING MISSING STYLE in atom-one-dark: hljs-punctuation
WARNING MISSING STYLE in atom-one-dark: hljs-punctuation
WARNING MISSING STYLE in atom-one-dark: hljs-punctuation
WARNING MISSING STYLE in atom-one-dark: hljs-punctuation
WARNING MISSING STYLE in atom-one-dark: hljs-punctuation
WARNING MISSING STYLE in atom-one-dark: hljs-punctuation
WARNING MISSING STYLE in atom-one-dark: hljs-punctuation
WARNING MISSING STYLE in atom-one-dark: hljs-punctuation
WARNING MISSING STYLE in atom-one-dark: hljs-punctuation
WARNING MISSING STYLE in atom-one-dark: hljs-punctuation
WARNING MISSING STYLE in atom-one-dark: hljs-punctuation
WARNING MISSING STYLE in atom-one-dark: hljs-punctuation
WARNING MISSING STYLE in atom-one-dark: hljs-punctuation
WARNING MISSING STYLE in atom-one-dark: hljs-punctuation
WARNING MISSING STYLE in atom-one-dark: hljs-punctuation
WARNING MISSING STYLE in atom-one-dark: hljs-punctuation
WARNING MISSING STYLE in atom-one-dark: hljs-punctuation
WARNING MISSING STYLE in atom-one-dark: hljs-punctuation
WARNING MISSING STYLE in atom-one-dark: hljs-punctuation
WARNING MISSING STYLE in atom-one-dark: hljs-punctuation
WARNING MISSING STYLE in atom-one-dark: hljs-punctuation
WARNING MISSING STYLE in atom-one-dark: hljs-operator
WARNING MISSING STYLE in atom-one-dark: hljs-operator
WARNING MISSING STYLE in atom-one-dark: hljs-params
WARNING MISSING STYLE in atom-one-dark: hljs-function
WARNING MISSING STYLE in atom-one-dark: hljs-function
WARNING MISSING STYLE in atom-one-dark: hljs-function
WARNING MISSING STYLE in atom-one-dark: hljs-function
WARNING MISSING STYLE in atom-one-dark: hljs-operator
WARNING MISSING STYLE in atom-one-dark: hljs-operator
WARNING MISSING STYLE in atom-one-dark: hljs-operator
WARNING MISSING STYLE in atom-one-dark: hljs-operator
WARNING MISSING STYLE in atom-one-dark: hljs-operator
WARNING MISSING STYLE in atom-one-dark: hljs-operator
WARNING MISSING STYLE in atom-one-dark: hljs-operator
WARNING MISSING STYLE in atom-one-dark: hljs-operator
WARNING MISSING STYLE in atom-one-dark: hljs-operator
WARNING MISSING STYLE in atom-one-dark: hljs-operator
WARNING MISSING STYLE in atom-one-dark: hljs-operator
WARNING MISSING STYLE in atom-one-dark: hljs-operator
WARNING MISSING STYLE in atom-one-dark: hljs-operator
WARNING MISSING STYLE in atom-one-dark: hljs-operator
WARNING MISSING STYLE in atom-one-dark: hljs-operator
WARNING MISSING STYLE in atom-one-dark: hljs-operator
WARNING MISSING STYLE in atom-one-dark: hljs-operator
WARNING MISSING STYLE in atom-one-dark: hljs-operator
WARNING MISSING STYLE in atom-one-dark: hljs-operator
WARNING MISSING STYLE in atom-one-dark: hljs-operator
WARNING MISSING STYLE in atom-one-dark: hljs-operator
WARNING MISSING STYLE in atom-one-dark: hljs-operator
WARNING MISSING STYLE in atom-one-dark: hljs-operator
WARNING MISSING STYLE in atom-one-dark: hljs-operator
WARNING MISSING STYLE in atom-one-dark: hljs-operator
WARNING MISSING STYLE in atom-one-dark: hljs-operator
WARNING MISSING STYLE in atom-one-dark: hljs-operator
WARNING MISSING STYLE in atom-one-dark: hljs-operator
WARNING MISSING STYLE in atom-one-dark: hljs-operator
WARNING MISSING STYLE in atom-one-dark: hljs-operator
CHAT_BENCHMARK_TRACE transcript warm
CHAT_BENCHMARK_TRACE native geometry rows=5851 measured=5851 width=760.0 totalHeight=967374.0 elapsed=4.6256049169999995 seconds
CHAT_BENCHMARK_TRACE native geometry rows=5851 measured=0 width=760.0 totalHeight=967374.0 elapsed=0.020092667 seconds
CHAT_BENCHMARK_TRACE transcript warm started
CHAT_BENCHMARK_TRACE prepare rows=5850 requests=3050 code=2350 tables=150
CHAT_BENCHMARK_TRACE transcript warm
CHAT_BENCHMARK_TRACE native geometry rows=5851 measured=5851 width=688.0 totalHeight=973324.0 elapsed=4.608390375 seconds
CHAT_BENCHMARK_TRACE transcript warm started
CHAT_BENCHMARK_TRACE prepare rows=5850 requests=3050 code=2350 tables=150
CHAT_BENCHMARK_TRACE transcript warm
CHAT_BENCHMARK_TRACE native geometry rows=5851 measured=5851 width=488.0 totalHeight=1030124.0 elapsed=4.574448208 seconds
CHAT_BENCHMARK_TRACE transcript warm started
CHAT_BENCHMARK_TRACE prepare rows=5850 requests=3050 code=2350 tables=150
CHAT_BENCHMARK_TRACE transcript warm
CHAT_BENCHMARK_TRACE native geometry rows=5851 measured=5851 width=388.0 totalHeight=1067374.0 elapsed=4.683571625 seconds
CHAT_BENCHMARK_TRACE transcript warm started
CHAT_BENCHMARK_TRACE prepare rows=5850 requests=3050 code=2350 tables=150
CHAT_BENCHMARK_TRACE transcript warm
CHAT_BENCHMARK_TRACE native geometry rows=5851 measured=5851 width=760.0 totalHeight=967374.0 elapsed=4.625912625 seconds
CHAT_BENCHMARK_RESULT {"aligned":true,"label":"sessions-1","loadedChats":1,"measurementKind":"sessionMemoryCheckpoint","preparedAndSettledMilliseconds":31887.600957999999,"selectedLayoutCount":14700,"visible":true,"windowWidth":1280}
CHAT_BENCHMARK_TRACE session checkpoint 1
CHAT_BENCHMARK_TRACE transcript warm started
CHAT_BENCHMARK_TRACE prepare rows=107 requests=56 code=44 tables=2
CHAT_BENCHMARK_TRACE transcript warm started
CHAT_BENCHMARK_TRACE prepare rows=5850 requests=3050 code=2350 tables=150
CHAT_BENCHMARK_TRACE transcript warm
CHAT_BENCHMARK_TRACE native geometry rows=5851 measured=5851 width=760.0 totalHeight=967374.0 elapsed=4.618675625 seconds
CHAT_BENCHMARK_TRACE transcript warm started
CHAT_BENCHMARK_TRACE prepare rows=5850 requests=3050 code=2350 tables=150
CHAT_BENCHMARK_TRACE layout miss id=synthetic-benchmark-2-turn-298-assistant#segment-50 width=688.0 cached=false bytes=33
CHAT_BENCHMARK_TRACE layout miss id=synthetic-benchmark-2-turn-298-assistant#segment-48 width=688.0 cached=false bytes=17
CHAT_BENCHMARK_TRACE layout miss id=synthetic-benchmark-2-turn-298-assistant#segment-46 width=688.0 cached=false bytes=26
CHAT_BENCHMARK_TRACE transcript warm
CHAT_BENCHMARK_TRACE native geometry rows=5851 measured=5851 width=688.0 totalHeight=973324.0 elapsed=4.646284834 seconds
CHAT_BENCHMARK_TRACE transcript warm started
CHAT_BENCHMARK_TRACE prepare rows=5850 requests=3050 code=2350 tables=150
CHAT_BENCHMARK_TRACE transcript warm
CHAT_BENCHMARK_TRACE native geometry rows=5851 measured=5851 width=488.0 totalHeight=1030124.0 elapsed=4.731726458 seconds
CHAT_BENCHMARK_TRACE transcript warm started
CHAT_BENCHMARK_TRACE prepare rows=5850 requests=3050 code=2350 tables=150
CHAT_BENCHMARK_TRACE layout miss id=synthetic-benchmark-2-turn-298-assistant#segment-50 width=388.0 cached=false bytes=33
CHAT_BENCHMARK_TRACE layout miss id=synthetic-benchmark-2-turn-298-assistant#segment-48 width=388.0 cached=false bytes=17
CHAT_BENCHMARK_TRACE transcript warm
CHAT_BENCHMARK_TRACE native geometry rows=5851 measured=5851 width=388.0 totalHeight=1067374.0 elapsed=4.647352167 seconds
CHAT_BENCHMARK_TRACE transcript warm started
CHAT_BENCHMARK_TRACE prepare rows=5850 requests=3050 code=2350 tables=150
CHAT_BENCHMARK_TRACE transcript warm
CHAT_BENCHMARK_TRACE native geometry rows=5851 measured=5851 width=760.0 totalHeight=967374.0 elapsed=4.672876792 seconds
CHAT_BENCHMARK_RESULT {"aligned":true,"label":"sessions-2","loadedChats":2,"measurementKind":"sessionMemoryCheckpoint","preparedAndSettledMilliseconds":31320.627541999998,"selectedLayoutCount":14700,"visible":true,"windowWidth":1280}
CHAT_BENCHMARK_TRACE session checkpoint 2
CHAT_BENCHMARK_TRACE transcript warm started
CHAT_BENCHMARK_TRACE prepare rows=107 requests=56 code=44 tables=2
CHAT_BENCHMARK_TRACE transcript warm started
CHAT_BENCHMARK_TRACE prepare rows=5850 requests=3050 code=2350 tables=150
CHAT_BENCHMARK_TRACE transcript warm
CHAT_BENCHMARK_TRACE native geometry rows=5851 measured=5851 width=760.0 totalHeight=967374.0 elapsed=4.638458708 seconds
CHAT_BENCHMARK_TRACE transcript warm started
CHAT_BENCHMARK_TRACE prepare rows=5850 requests=3050 code=2350 tables=150
CHAT_BENCHMARK_TRACE layout miss id=synthetic-benchmark-3-turn-298-assistant#segment-50 width=688.0 cached=false bytes=33
CHAT_BENCHMARK_TRACE layout miss id=synthetic-benchmark-3-turn-298-assistant#segment-48 width=688.0 cached=false bytes=17
CHAT_BENCHMARK_TRACE layout miss id=synthetic-benchmark-3-turn-298-assistant#segment-46 width=688.0 cached=false bytes=26
CHAT_BENCHMARK_TRACE transcript warm
CHAT_BENCHMARK_TRACE native geometry rows=5851 measured=5851 width=688.0 totalHeight=973324.0 elapsed=4.661781292 seconds
CHAT_BENCHMARK_TRACE transcript warm started
CHAT_BENCHMARK_TRACE prepare rows=5850 requests=3050 code=2350 tables=150
CHAT_BENCHMARK_TRACE transcript warm
CHAT_BENCHMARK_TRACE native geometry rows=5851 measured=5851 width=488.0 totalHeight=1030124.0 elapsed=4.70723 seconds
CHAT_BENCHMARK_TRACE transcript warm started
CHAT_BENCHMARK_TRACE prepare rows=5850 requests=3050 code=2350 tables=150
CHAT_BENCHMARK_TRACE layout miss id=synthetic-benchmark-3-turn-298-assistant#segment-50 width=388.0 cached=false bytes=33
CHAT_BENCHMARK_TRACE layout miss id=synthetic-benchmark-3-turn-298-assistant#segment-48 width=388.0 cached=false bytes=17
CHAT_BENCHMARK_TRACE transcript warm
CHAT_BENCHMARK_TRACE native geometry rows=5851 measured=5851 width=388.0 totalHeight=1067374.0 elapsed=4.780427542 seconds
CHAT_BENCHMARK_TRACE transcript warm started
CHAT_BENCHMARK_TRACE prepare rows=5850 requests=3050 code=2350 tables=150
CHAT_BENCHMARK_TRACE transcript warm
CHAT_BENCHMARK_TRACE native geometry rows=5851 measured=5851 width=760.0 totalHeight=967374.0 elapsed=4.685540875000001 seconds
CHAT_BENCHMARK_RESULT {"aligned":true,"label":"sessions-3","loadedChats":3,"measurementKind":"sessionMemoryCheckpoint","preparedAndSettledMilliseconds":31629.702041,"selectedLayoutCount":14700,"visible":true,"windowWidth":1280}
CHAT_BENCHMARK_TRACE session checkpoint 3
CHAT_BENCHMARK_TRACE transcript warm started
CHAT_BENCHMARK_TRACE prepare rows=107 requests=56 code=44 tables=2
CHAT_BENCHMARK_TRACE transcript warm started
CHAT_BENCHMARK_TRACE prepare rows=5850 requests=3050 code=2350 tables=150
CHAT_BENCHMARK_TRACE transcript warm
CHAT_BENCHMARK_TRACE native geometry rows=5851 measured=5851 width=760.0 totalHeight=967374.0 elapsed=4.669313875 seconds
CHAT_BENCHMARK_TRACE native geometry rows=5851 measured=0 width=760.0 totalHeight=967374.0 elapsed=0.02105 seconds
CHAT_BENCHMARK_TRACE transcript warm started
CHAT_BENCHMARK_TRACE prepare rows=5850 requests=3050 code=2350 tables=150
CHAT_BENCHMARK_TRACE transcript warm
CHAT_BENCHMARK_TRACE native geometry rows=5851 measured=5851 width=688.0 totalHeight=973324.0 elapsed=4.694418624999999 seconds
CHAT_BENCHMARK_TRACE transcript warm started
CHAT_BENCHMARK_TRACE prepare rows=5850 requests=3050 code=2350 tables=150
CHAT_BENCHMARK_TRACE layout miss id=synthetic-benchmark-4-turn-298-assistant#segment-50 width=488.0 cached=false bytes=33
CHAT_BENCHMARK_TRACE layout miss id=synthetic-benchmark-4-turn-298-assistant#segment-48 width=488.0 cached=false bytes=17
CHAT_BENCHMARK_TRACE layout miss id=synthetic-benchmark-4-turn-298-assistant#segment-46 width=488.0 cached=false bytes=26
CHAT_BENCHMARK_TRACE transcript warm
CHAT_BENCHMARK_TRACE native geometry rows=5851 measured=5851 width=488.0 totalHeight=1030124.0 elapsed=4.6999355 seconds
CHAT_BENCHMARK_TRACE transcript warm started
CHAT_BENCHMARK_TRACE prepare rows=5850 requests=3050 code=2350 tables=150
CHAT_BENCHMARK_TRACE layout miss id=synthetic-benchmark-4-turn-298-assistant#segment-48 width=388.0 cached=false bytes=17
CHAT_BENCHMARK_TRACE transcript warm
CHAT_BENCHMARK_TRACE native geometry rows=5851 measured=5851 width=388.0 totalHeight=1067374.0 elapsed=4.6857581249999996 seconds
CHAT_BENCHMARK_TRACE transcript warm started
CHAT_BENCHMARK_TRACE prepare rows=5850 requests=3050 code=2350 tables=150
CHAT_BENCHMARK_TRACE transcript warm
CHAT_BENCHMARK_TRACE native geometry rows=5851 measured=5851 width=760.0 totalHeight=967374.0 elapsed=4.747658124999999 seconds
CHAT_BENCHMARK_RESULT {"aligned":true,"label":"sessions-4","loadedChats":4,"measurementKind":"sessionMemoryCheckpoint","preparedAndSettledMilliseconds":31619.795624999999,"selectedLayoutCount":14700,"visible":true,"windowWidth":1280}
CHAT_BENCHMARK_TRACE session checkpoint 4
CHAT_BENCHMARK_TRACE transcript warm started
CHAT_BENCHMARK_TRACE prepare rows=107 requests=56 code=44 tables=2
CHAT_BENCHMARK_TRACE transcript warm started
CHAT_BENCHMARK_TRACE prepare rows=5850 requests=3050 code=2350 tables=150
CHAT_BENCHMARK_TRACE transcript warm
CHAT_BENCHMARK_TRACE native geometry rows=5851 measured=5851 width=760.0 totalHeight=967374.0 elapsed=4.637078709 seconds
CHAT_BENCHMARK_TRACE native geometry rows=5851 measured=0 width=760.0 totalHeight=967374.0 elapsed=0.020805 seconds
CHAT_BENCHMARK_TRACE transcript warm started
CHAT_BENCHMARK_TRACE prepare rows=5850 requests=3050 code=2350 tables=150
CHAT_BENCHMARK_TRACE transcript warm
CHAT_BENCHMARK_TRACE native geometry rows=5851 measured=5851 width=688.0 totalHeight=973324.0 elapsed=4.668854958 seconds
CHAT_BENCHMARK_TRACE transcript warm started
CHAT_BENCHMARK_TRACE prepare rows=5850 requests=3050 code=2350 tables=150
CHAT_BENCHMARK_TRACE transcript warm
CHAT_BENCHMARK_TRACE native geometry rows=5851 measured=5851 width=488.0 totalHeight=1030124.0 elapsed=4.795572708999999 seconds
CHAT_BENCHMARK_TRACE transcript warm started
CHAT_BENCHMARK_TRACE prepare rows=5850 requests=3050 code=2350 tables=150
CHAT_BENCHMARK_TRACE transcript warm
CHAT_BENCHMARK_TRACE native geometry rows=5851 measured=5851 width=388.0 totalHeight=1067374.0 elapsed=4.971854666 seconds
CHAT_BENCHMARK_TRACE transcript warm started
CHAT_BENCHMARK_TRACE prepare rows=5850 requests=3050 code=2350 tables=150
CHAT_BENCHMARK_TRACE transcript warm
CHAT_BENCHMARK_TRACE native geometry rows=5851 measured=5851 width=760.0 totalHeight=967374.0 elapsed=4.859549124999999 seconds
CHAT_BENCHMARK_RESULT {"aligned":true,"label":"sessions-5","loadedChats":5,"measurementKind":"sessionMemoryCheckpoint","preparedAndSettledMilliseconds":32326.670541,"selectedLayoutCount":14700,"visible":true,"windowWidth":1280}
CHAT_BENCHMARK_TRACE session checkpoint 5
CHAT_BENCHMARK_TRACE CHAT_BENCHMARK_COMPLETE
CHAT_BENCHMARK_COMPLETE
